
> redux-ui@0.2.0 test
> mocha  --compilers js:@babel/register --recursive --require ./test/setup.js

This browser doesn't support requestAnimationFrame. Make sure that you load a polyfill in older browsers. https://reactjs.org/link/react-polyfills
This browser doesn't support cancelAnimationFrame. Make sure that you load a polyfill in older browsers. https://reactjs.org/link/react-polyfills


  reducerEnhancer
[redux-ui] toJS() is deprecated. State is already a plain object, no conversion needed
    ✓ delegates to the default reducer
[redux-ui] set() is deprecated. Use spread operator instead: { ...state, key: value }
    ✓ intercepts custom actions
    ✓ update ui state by updater

  UI state context
    single component tree
Error: Uncaught [TypeError: this.props.ui.getIn is not a function]
    at reportException (/Users/zoamel/Workspace/redux-ui/node_modules/jsdom/lib/jsdom/living/helpers/runtime-script-errors.js:66:24)
    at innerInvokeEventListeners (/Users/zoamel/Workspace/redux-ui/node_modules/jsdom/lib/jsdom/living/events/EventTarget-impl.js:353:9)
    at invokeEventListeners (/Users/zoamel/Workspace/redux-ui/node_modules/jsdom/lib/jsdom/living/events/EventTarget-impl.js:286:3)
    at HTMLUnknownElementImpl._dispatch (/Users/zoamel/Workspace/redux-ui/node_modules/jsdom/lib/jsdom/living/events/EventTarget-impl.js:233:9)
    at HTMLUnknownElementImpl.dispatchEvent (/Users/zoamel/Workspace/redux-ui/node_modules/jsdom/lib/jsdom/living/events/EventTarget-impl.js:104:17)
    at HTMLUnknownElement.dispatchEvent (/Users/zoamel/Workspace/redux-ui/node_modules/jsdom/lib/jsdom/living/generated/EventTarget.js:241:34)
    at Object.invokeGuardedCallbackDev (/Users/zoamel/Workspace/redux-ui/node_modules/react-dom/cjs/react-dom.development.js:3994:16)
    at invokeGuardedCallback (/Users/zoamel/Workspace/redux-ui/node_modules/react-dom/cjs/react-dom.development.js:4056:31)
    at beginWork$1 (/Users/zoamel/Workspace/redux-ui/node_modules/react-dom/cjs/react-dom.development.js:23964:7)
    at performUnitOfWork (/Users/zoamel/Workspace/redux-ui/node_modules/react-dom/cjs/react-dom.development.js:22779:12)
    at workLoopSync (/Users/zoamel/Workspace/redux-ui/node_modules/react-dom/cjs/react-dom.development.js:22707:5)
    at renderRootSync (/Users/zoamel/Workspace/redux-ui/node_modules/react-dom/cjs/react-dom.development.js:22670:7)
    at performSyncWorkOnRoot (/Users/zoamel/Workspace/redux-ui/node_modules/react-dom/cjs/react-dom.development.js:22293:18)
    at scheduleUpdateOnFiber (/Users/zoamel/Workspace/redux-ui/node_modules/react-dom/cjs/react-dom.development.js:21881:7)
    at updateContainer (/Users/zoamel/Workspace/redux-ui/node_modules/react-dom/cjs/react-dom.development.js:25482:3)
    at /Users/zoamel/Workspace/redux-ui/node_modules/react-dom/cjs/react-dom.development.js:26021:7
    at unbatchedUpdates (/Users/zoamel/Workspace/redux-ui/node_modules/react-dom/cjs/react-dom.development.js:22431:12)
    at legacyRenderSubtreeIntoContainer (/Users/zoamel/Workspace/redux-ui/node_modules/react-dom/cjs/react-dom.development.js:26020:5)
    at Object.render (/Users/zoamel/Workspace/redux-ui/node_modules/react-dom/cjs/react-dom.development.js:26103:10)
    at Object.renderIntoDocument (/Users/zoamel/Workspace/redux-ui/node_modules/react-dom/cjs/react-dom-test-utils.development.js:1598:19)
    at render (/Users/zoamel/Workspace/redux-ui/test/utils/render.js:21:25)
    at renderAndFind (/Users/zoamel/Workspace/redux-ui/test/utils/render.js:31:16)
    at Context.<anonymous> (/Users/zoamel/Workspace/redux-ui/test/ui/context.js:31:30)
    at callFn (/Users/zoamel/Workspace/redux-ui/node_modules/mocha/lib/runnable.js:326:21)
    at Test.Runnable.run (/Users/zoamel/Workspace/redux-ui/node_modules/mocha/lib/runnable.js:319:7)
    at Runner.runTest (/Users/zoamel/Workspace/redux-ui/node_modules/mocha/lib/runner.js:422:10)
    at /Users/zoamel/Workspace/redux-ui/node_modules/mocha/lib/runner.js:528:12
    at next (/Users/zoamel/Workspace/redux-ui/node_modules/mocha/lib/runner.js:342:14)
    at /Users/zoamel/Workspace/redux-ui/node_modules/mocha/lib/runner.js:352:7
    at next (/Users/zoamel/Workspace/redux-ui/node_modules/mocha/lib/runner.js:284:14)
    at Immediate._onImmediate (/Users/zoamel/Workspace/redux-ui/node_modules/mocha/lib/runner.js:320:5)
    at processImmediate (node:internal/timers:485:21) TypeError: this.props.ui.getIn is not a function
    at UI.UNSAFE_componentWillMount (/Users/zoamel/Workspace/redux-ui/src/ui.js:127:35)
    at callComponentWillMount (/Users/zoamel/Workspace/redux-ui/node_modules/react-dom/cjs/react-dom.development.js:12788:14)
    at mountClassInstance (/Users/zoamel/Workspace/redux-ui/node_modules/react-dom/cjs/react-dom.development.js:12878:5)
    at updateClassComponent (/Users/zoamel/Workspace/redux-ui/node_modules/react-dom/cjs/react-dom.development.js:17426:5)
    at beginWork (/Users/zoamel/Workspace/redux-ui/node_modules/react-dom/cjs/react-dom.development.js:19073:16)
    at HTMLUnknownElement.callCallback (/Users/zoamel/Workspace/redux-ui/node_modules/react-dom/cjs/react-dom.development.js:3945:14)
    at HTMLUnknownElement.callTheUserObjectsOperation (/Users/zoamel/Workspace/redux-ui/node_modules/jsdom/lib/jsdom/living/generated/EventListener.js:26:30)
    at innerInvokeEventListeners (/Users/zoamel/Workspace/redux-ui/node_modules/jsdom/lib/jsdom/living/events/EventTarget-impl.js:350:25)
    at invokeEventListeners (/Users/zoamel/Workspace/redux-ui/node_modules/jsdom/lib/jsdom/living/events/EventTarget-impl.js:286:3)
    at HTMLUnknownElementImpl._dispatch (/Users/zoamel/Workspace/redux-ui/node_modules/jsdom/lib/jsdom/living/events/EventTarget-impl.js:233:9)
    at HTMLUnknownElementImpl.dispatchEvent (/Users/zoamel/Workspace/redux-ui/node_modules/jsdom/lib/jsdom/living/events/EventTarget-impl.js:104:17)
    at HTMLUnknownElement.dispatchEvent (/Users/zoamel/Workspace/redux-ui/node_modules/jsdom/lib/jsdom/living/generated/EventTarget.js:241:34)
    at Object.invokeGuardedCallbackDev (/Users/zoamel/Workspace/redux-ui/node_modules/react-dom/cjs/react-dom.development.js:3994:16)
    at invokeGuardedCallback (/Users/zoamel/Workspace/redux-ui/node_modules/react-dom/cjs/react-dom.development.js:4056:31)
    at beginWork$1 (/Users/zoamel/Workspace/redux-ui/node_modules/react-dom/cjs/react-dom.development.js:23964:7)
    at performUnitOfWork (/Users/zoamel/Workspace/redux-ui/node_modules/react-dom/cjs/react-dom.development.js:22779:12)
    at workLoopSync (/Users/zoamel/Workspace/redux-ui/node_modules/react-dom/cjs/react-dom.development.js:22707:5)
    at renderRootSync (/Users/zoamel/Workspace/redux-ui/node_modules/react-dom/cjs/react-dom.development.js:22670:7)
    at performSyncWorkOnRoot (/Users/zoamel/Workspace/redux-ui/node_modules/react-dom/cjs/react-dom.development.js:22293:18)
    at scheduleUpdateOnFiber (/Users/zoamel/Workspace/redux-ui/node_modules/react-dom/cjs/react-dom.development.js:21881:7)
    at updateContainer (/Users/zoamel/Workspace/redux-ui/node_modules/react-dom/cjs/react-dom.development.js:25482:3)
    at /Users/zoamel/Workspace/redux-ui/node_modules/react-dom/cjs/react-dom.development.js:26021:7
    at unbatchedUpdates (/Users/zoamel/Workspace/redux-ui/node_modules/react-dom/cjs/react-dom.development.js:22431:12)
    at legacyRenderSubtreeIntoContainer (/Users/zoamel/Workspace/redux-ui/node_modules/react-dom/cjs/react-dom.development.js:26020:5)
    at Object.render (/Users/zoamel/Workspace/redux-ui/node_modules/react-dom/cjs/react-dom.development.js:26103:10)
    at Object.renderIntoDocument (/Users/zoamel/Workspace/redux-ui/node_modules/react-dom/cjs/react-dom-test-utils.development.js:1598:19)
    at render (/Users/zoamel/Workspace/redux-ui/test/utils/render.js:21:25)
    at renderAndFind (/Users/zoamel/Workspace/redux-ui/test/utils/render.js:31:16)
    at Context.<anonymous> (/Users/zoamel/Workspace/redux-ui/test/ui/context.js:31:30)
    at callFn (/Users/zoamel/Workspace/redux-ui/node_modules/mocha/lib/runnable.js:326:21)
    at Test.Runnable.run (/Users/zoamel/Workspace/redux-ui/node_modules/mocha/lib/runnable.js:319:7)
    at Runner.runTest (/Users/zoamel/Workspace/redux-ui/node_modules/mocha/lib/runner.js:422:10)
    at /Users/zoamel/Workspace/redux-ui/node_modules/mocha/lib/runner.js:528:12
    at next (/Users/zoamel/Workspace/redux-ui/node_modules/mocha/lib/runner.js:342:14)
    at /Users/zoamel/Workspace/redux-ui/node_modules/mocha/lib/runner.js:352:7
    at next (/Users/zoamel/Workspace/redux-ui/node_modules/mocha/lib/runner.js:284:14)
    at Immediate._onImmediate (/Users/zoamel/Workspace/redux-ui/node_modules/mocha/lib/runner.js:320:5)
    at processImmediate (node:internal/timers:485:21)
The above error occurred in the <UI> component:

    at UI (/Users/zoamel/Workspace/redux-ui/src/ui.js:89:9)
    at ConnectFunction (/Users/zoamel/Workspace/redux-ui/node_modules/react-redux/lib/components/connectAdvanced.js:235:41)
    at Provider (/Users/zoamel/Workspace/redux-ui/node_modules/react-redux/lib/components/Provider.js:21:20)

Consider adding an error boundary to your tree to customize error handling behavior.
Visit https://reactjs.org/link/error-boundaries to learn more about error boundaries.
      1) component gets given expected props
Error: Uncaught [TypeError: this.props.ui.getIn is not a function]
    at reportException (/Users/zoamel/Workspace/redux-ui/node_modules/jsdom/lib/jsdom/living/helpers/runtime-script-errors.js:66:24)
    at innerInvokeEventListeners (/Users/zoamel/Workspace/redux-ui/node_modules/jsdom/lib/jsdom/living/events/EventTarget-impl.js:353:9)
    at invokeEventListeners (/Users/zoamel/Workspace/redux-ui/node_modules/jsdom/lib/jsdom/living/events/EventTarget-impl.js:286:3)
    at HTMLUnknownElementImpl._dispatch (/Users/zoamel/Workspace/redux-ui/node_modules/jsdom/lib/jsdom/living/events/EventTarget-impl.js:233:9)
    at HTMLUnknownElementImpl.dispatchEvent (/Users/zoamel/Workspace/redux-ui/node_modules/jsdom/lib/jsdom/living/events/EventTarget-impl.js:104:17)
    at HTMLUnknownElement.dispatchEvent (/Users/zoamel/Workspace/redux-ui/node_modules/jsdom/lib/jsdom/living/generated/EventTarget.js:241:34)
    at Object.invokeGuardedCallbackDev (/Users/zoamel/Workspace/redux-ui/node_modules/react-dom/cjs/react-dom.development.js:3994:16)
    at invokeGuardedCallback (/Users/zoamel/Workspace/redux-ui/node_modules/react-dom/cjs/react-dom.development.js:4056:31)
    at beginWork$1 (/Users/zoamel/Workspace/redux-ui/node_modules/react-dom/cjs/react-dom.development.js:23964:7)
    at performUnitOfWork (/Users/zoamel/Workspace/redux-ui/node_modules/react-dom/cjs/react-dom.development.js:22779:12)
    at workLoopSync (/Users/zoamel/Workspace/redux-ui/node_modules/react-dom/cjs/react-dom.development.js:22707:5)
    at renderRootSync (/Users/zoamel/Workspace/redux-ui/node_modules/react-dom/cjs/react-dom.development.js:22670:7)
    at performSyncWorkOnRoot (/Users/zoamel/Workspace/redux-ui/node_modules/react-dom/cjs/react-dom.development.js:22293:18)
    at scheduleUpdateOnFiber (/Users/zoamel/Workspace/redux-ui/node_modules/react-dom/cjs/react-dom.development.js:21881:7)
    at updateContainer (/Users/zoamel/Workspace/redux-ui/node_modules/react-dom/cjs/react-dom.development.js:25482:3)
    at /Users/zoamel/Workspace/redux-ui/node_modules/react-dom/cjs/react-dom.development.js:26021:7
    at unbatchedUpdates (/Users/zoamel/Workspace/redux-ui/node_modules/react-dom/cjs/react-dom.development.js:22431:12)
    at legacyRenderSubtreeIntoContainer (/Users/zoamel/Workspace/redux-ui/node_modules/react-dom/cjs/react-dom.development.js:26020:5)
    at Object.render (/Users/zoamel/Workspace/redux-ui/node_modules/react-dom/cjs/react-dom.development.js:26103:10)
    at Object.renderIntoDocument (/Users/zoamel/Workspace/redux-ui/node_modules/react-dom/cjs/react-dom-test-utils.development.js:1598:19)
    at render (/Users/zoamel/Workspace/redux-ui/test/utils/render.js:21:25)
    at renderAndFind (/Users/zoamel/Workspace/redux-ui/test/utils/render.js:31:16)
    at Context.<anonymous> (/Users/zoamel/Workspace/redux-ui/test/ui/context.js:39:30)
    at callFn (/Users/zoamel/Workspace/redux-ui/node_modules/mocha/lib/runnable.js:326:21)
    at Test.Runnable.run (/Users/zoamel/Workspace/redux-ui/node_modules/mocha/lib/runnable.js:319:7)
    at Runner.runTest (/Users/zoamel/Workspace/redux-ui/node_modules/mocha/lib/runner.js:422:10)
    at /Users/zoamel/Workspace/redux-ui/node_modules/mocha/lib/runner.js:528:12
    at next (/Users/zoamel/Workspace/redux-ui/node_modules/mocha/lib/runner.js:342:14)
    at /Users/zoamel/Workspace/redux-ui/node_modules/mocha/lib/runner.js:352:7
    at next (/Users/zoamel/Workspace/redux-ui/node_modules/mocha/lib/runner.js:284:14)
    at Immediate._onImmediate (/Users/zoamel/Workspace/redux-ui/node_modules/mocha/lib/runner.js:320:5)
    at processImmediate (node:internal/timers:485:21) TypeError: this.props.ui.getIn is not a function
    at UI.UNSAFE_componentWillMount (/Users/zoamel/Workspace/redux-ui/src/ui.js:127:35)
    at callComponentWillMount (/Users/zoamel/Workspace/redux-ui/node_modules/react-dom/cjs/react-dom.development.js:12788:14)
    at mountClassInstance (/Users/zoamel/Workspace/redux-ui/node_modules/react-dom/cjs/react-dom.development.js:12878:5)
    at updateClassComponent (/Users/zoamel/Workspace/redux-ui/node_modules/react-dom/cjs/react-dom.development.js:17426:5)
    at beginWork (/Users/zoamel/Workspace/redux-ui/node_modules/react-dom/cjs/react-dom.development.js:19073:16)
    at HTMLUnknownElement.callCallback (/Users/zoamel/Workspace/redux-ui/node_modules/react-dom/cjs/react-dom.development.js:3945:14)
    at HTMLUnknownElement.callTheUserObjectsOperation (/Users/zoamel/Workspace/redux-ui/node_modules/jsdom/lib/jsdom/living/generated/EventListener.js:26:30)
    at innerInvokeEventListeners (/Users/zoamel/Workspace/redux-ui/node_modules/jsdom/lib/jsdom/living/events/EventTarget-impl.js:350:25)
    at invokeEventListeners (/Users/zoamel/Workspace/redux-ui/node_modules/jsdom/lib/jsdom/living/events/EventTarget-impl.js:286:3)
    at HTMLUnknownElementImpl._dispatch (/Users/zoamel/Workspace/redux-ui/node_modules/jsdom/lib/jsdom/living/events/EventTarget-impl.js:233:9)
    at HTMLUnknownElementImpl.dispatchEvent (/Users/zoamel/Workspace/redux-ui/node_modules/jsdom/lib/jsdom/living/events/EventTarget-impl.js:104:17)
    at HTMLUnknownElement.dispatchEvent (/Users/zoamel/Workspace/redux-ui/node_modules/jsdom/lib/jsdom/living/generated/EventTarget.js:241:34)
    at Object.invokeGuardedCallbackDev (/Users/zoamel/Workspace/redux-ui/node_modules/react-dom/cjs/react-dom.development.js:3994:16)
    at invokeGuardedCallback (/Users/zoamel/Workspace/redux-ui/node_modules/react-dom/cjs/react-dom.development.js:4056:31)
    at beginWork$1 (/Users/zoamel/Workspace/redux-ui/node_modules/react-dom/cjs/react-dom.development.js:23964:7)
    at performUnitOfWork (/Users/zoamel/Workspace/redux-ui/node_modules/react-dom/cjs/react-dom.development.js:22779:12)
    at workLoopSync (/Users/zoamel/Workspace/redux-ui/node_modules/react-dom/cjs/react-dom.development.js:22707:5)
    at renderRootSync (/Users/zoamel/Workspace/redux-ui/node_modules/react-dom/cjs/react-dom.development.js:22670:7)
    at performSyncWorkOnRoot (/Users/zoamel/Workspace/redux-ui/node_modules/react-dom/cjs/react-dom.development.js:22293:18)
    at scheduleUpdateOnFiber (/Users/zoamel/Workspace/redux-ui/node_modules/react-dom/cjs/react-dom.development.js:21881:7)
    at updateContainer (/Users/zoamel/Workspace/redux-ui/node_modules/react-dom/cjs/react-dom.development.js:25482:3)
    at /Users/zoamel/Workspace/redux-ui/node_modules/react-dom/cjs/react-dom.development.js:26021:7
    at unbatchedUpdates (/Users/zoamel/Workspace/redux-ui/node_modules/react-dom/cjs/react-dom.development.js:22431:12)
    at legacyRenderSubtreeIntoContainer (/Users/zoamel/Workspace/redux-ui/node_modules/react-dom/cjs/react-dom.development.js:26020:5)
    at Object.render (/Users/zoamel/Workspace/redux-ui/node_modules/react-dom/cjs/react-dom.development.js:26103:10)
    at Object.renderIntoDocument (/Users/zoamel/Workspace/redux-ui/node_modules/react-dom/cjs/react-dom-test-utils.development.js:1598:19)
    at render (/Users/zoamel/Workspace/redux-ui/test/utils/render.js:21:25)
    at renderAndFind (/Users/zoamel/Workspace/redux-ui/test/utils/render.js:31:16)
    at Context.<anonymous> (/Users/zoamel/Workspace/redux-ui/test/ui/context.js:39:30)
    at callFn (/Users/zoamel/Workspace/redux-ui/node_modules/mocha/lib/runnable.js:326:21)
    at Test.Runnable.run (/Users/zoamel/Workspace/redux-ui/node_modules/mocha/lib/runnable.js:319:7)
    at Runner.runTest (/Users/zoamel/Workspace/redux-ui/node_modules/mocha/lib/runner.js:422:10)
    at /Users/zoamel/Workspace/redux-ui/node_modules/mocha/lib/runner.js:528:12
    at next (/Users/zoamel/Workspace/redux-ui/node_modules/mocha/lib/runner.js:342:14)
    at /Users/zoamel/Workspace/redux-ui/node_modules/mocha/lib/runner.js:352:7
    at next (/Users/zoamel/Workspace/redux-ui/node_modules/mocha/lib/runner.js:284:14)
    at Immediate._onImmediate (/Users/zoamel/Workspace/redux-ui/node_modules/mocha/lib/runner.js:320:5)
    at processImmediate (node:internal/timers:485:21)
The above error occurred in the <UI> component:

    at UI (/Users/zoamel/Workspace/redux-ui/src/ui.js:89:9)
    at ConnectFunction (/Users/zoamel/Workspace/redux-ui/node_modules/react-redux/lib/components/connectAdvanced.js:235:41)
    at Provider (/Users/zoamel/Workspace/redux-ui/node_modules/react-redux/lib/components/Provider.js:21:20)

Consider adding an error boundary to your tree to customize error handling behavior.
Visit https://reactjs.org/link/error-boundaries to learn more about error boundaries.
      2) updates props using the single-update syntax
Error: Uncaught [TypeError: this.props.ui.getIn is not a function]
    at reportException (/Users/zoamel/Workspace/redux-ui/node_modules/jsdom/lib/jsdom/living/helpers/runtime-script-errors.js:66:24)
    at innerInvokeEventListeners (/Users/zoamel/Workspace/redux-ui/node_modules/jsdom/lib/jsdom/living/events/EventTarget-impl.js:353:9)
    at invokeEventListeners (/Users/zoamel/Workspace/redux-ui/node_modules/jsdom/lib/jsdom/living/events/EventTarget-impl.js:286:3)
    at HTMLUnknownElementImpl._dispatch (/Users/zoamel/Workspace/redux-ui/node_modules/jsdom/lib/jsdom/living/events/EventTarget-impl.js:233:9)
    at HTMLUnknownElementImpl.dispatchEvent (/Users/zoamel/Workspace/redux-ui/node_modules/jsdom/lib/jsdom/living/events/EventTarget-impl.js:104:17)
    at HTMLUnknownElement.dispatchEvent (/Users/zoamel/Workspace/redux-ui/node_modules/jsdom/lib/jsdom/living/generated/EventTarget.js:241:34)
    at Object.invokeGuardedCallbackDev (/Users/zoamel/Workspace/redux-ui/node_modules/react-dom/cjs/react-dom.development.js:3994:16)
    at invokeGuardedCallback (/Users/zoamel/Workspace/redux-ui/node_modules/react-dom/cjs/react-dom.development.js:4056:31)
    at beginWork$1 (/Users/zoamel/Workspace/redux-ui/node_modules/react-dom/cjs/react-dom.development.js:23964:7)
    at performUnitOfWork (/Users/zoamel/Workspace/redux-ui/node_modules/react-dom/cjs/react-dom.development.js:22779:12)
    at workLoopSync (/Users/zoamel/Workspace/redux-ui/node_modules/react-dom/cjs/react-dom.development.js:22707:5)
    at renderRootSync (/Users/zoamel/Workspace/redux-ui/node_modules/react-dom/cjs/react-dom.development.js:22670:7)
    at performSyncWorkOnRoot (/Users/zoamel/Workspace/redux-ui/node_modules/react-dom/cjs/react-dom.development.js:22293:18)
    at scheduleUpdateOnFiber (/Users/zoamel/Workspace/redux-ui/node_modules/react-dom/cjs/react-dom.development.js:21881:7)
    at updateContainer (/Users/zoamel/Workspace/redux-ui/node_modules/react-dom/cjs/react-dom.development.js:25482:3)
    at /Users/zoamel/Workspace/redux-ui/node_modules/react-dom/cjs/react-dom.development.js:26021:7
    at unbatchedUpdates (/Users/zoamel/Workspace/redux-ui/node_modules/react-dom/cjs/react-dom.development.js:22431:12)
    at legacyRenderSubtreeIntoContainer (/Users/zoamel/Workspace/redux-ui/node_modules/react-dom/cjs/react-dom.development.js:26020:5)
    at Object.render (/Users/zoamel/Workspace/redux-ui/node_modules/react-dom/cjs/react-dom.development.js:26103:10)
    at Object.renderIntoDocument (/Users/zoamel/Workspace/redux-ui/node_modules/react-dom/cjs/react-dom-test-utils.development.js:1598:19)
    at render (/Users/zoamel/Workspace/redux-ui/test/utils/render.js:21:25)
    at renderAndFind (/Users/zoamel/Workspace/redux-ui/test/utils/render.js:31:16)
    at Context.<anonymous> (/Users/zoamel/Workspace/redux-ui/test/ui/context.js:46:30)
    at callFn (/Users/zoamel/Workspace/redux-ui/node_modules/mocha/lib/runnable.js:326:21)
    at Test.Runnable.run (/Users/zoamel/Workspace/redux-ui/node_modules/mocha/lib/runnable.js:319:7)
    at Runner.runTest (/Users/zoamel/Workspace/redux-ui/node_modules/mocha/lib/runner.js:422:10)
    at /Users/zoamel/Workspace/redux-ui/node_modules/mocha/lib/runner.js:528:12
    at next (/Users/zoamel/Workspace/redux-ui/node_modules/mocha/lib/runner.js:342:14)
    at /Users/zoamel/Workspace/redux-ui/node_modules/mocha/lib/runner.js:352:7
    at next (/Users/zoamel/Workspace/redux-ui/node_modules/mocha/lib/runner.js:284:14)
    at Immediate._onImmediate (/Users/zoamel/Workspace/redux-ui/node_modules/mocha/lib/runner.js:320:5)
    at processImmediate (node:internal/timers:485:21) TypeError: this.props.ui.getIn is not a function
    at UI.UNSAFE_componentWillMount (/Users/zoamel/Workspace/redux-ui/src/ui.js:127:35)
    at callComponentWillMount (/Users/zoamel/Workspace/redux-ui/node_modules/react-dom/cjs/react-dom.development.js:12788:14)
    at mountClassInstance (/Users/zoamel/Workspace/redux-ui/node_modules/react-dom/cjs/react-dom.development.js:12878:5)
    at updateClassComponent (/Users/zoamel/Workspace/redux-ui/node_modules/react-dom/cjs/react-dom.development.js:17426:5)
    at beginWork (/Users/zoamel/Workspace/redux-ui/node_modules/react-dom/cjs/react-dom.development.js:19073:16)
    at HTMLUnknownElement.callCallback (/Users/zoamel/Workspace/redux-ui/node_modules/react-dom/cjs/react-dom.development.js:3945:14)
    at HTMLUnknownElement.callTheUserObjectsOperation (/Users/zoamel/Workspace/redux-ui/node_modules/jsdom/lib/jsdom/living/generated/EventListener.js:26:30)
    at innerInvokeEventListeners (/Users/zoamel/Workspace/redux-ui/node_modules/jsdom/lib/jsdom/living/events/EventTarget-impl.js:350:25)
    at invokeEventListeners (/Users/zoamel/Workspace/redux-ui/node_modules/jsdom/lib/jsdom/living/events/EventTarget-impl.js:286:3)
    at HTMLUnknownElementImpl._dispatch (/Users/zoamel/Workspace/redux-ui/node_modules/jsdom/lib/jsdom/living/events/EventTarget-impl.js:233:9)
    at HTMLUnknownElementImpl.dispatchEvent (/Users/zoamel/Workspace/redux-ui/node_modules/jsdom/lib/jsdom/living/events/EventTarget-impl.js:104:17)
    at HTMLUnknownElement.dispatchEvent (/Users/zoamel/Workspace/redux-ui/node_modules/jsdom/lib/jsdom/living/generated/EventTarget.js:241:34)
    at Object.invokeGuardedCallbackDev (/Users/zoamel/Workspace/redux-ui/node_modules/react-dom/cjs/react-dom.development.js:3994:16)
    at invokeGuardedCallback (/Users/zoamel/Workspace/redux-ui/node_modules/react-dom/cjs/react-dom.development.js:4056:31)
    at beginWork$1 (/Users/zoamel/Workspace/redux-ui/node_modules/react-dom/cjs/react-dom.development.js:23964:7)
    at performUnitOfWork (/Users/zoamel/Workspace/redux-ui/node_modules/react-dom/cjs/react-dom.development.js:22779:12)
    at workLoopSync (/Users/zoamel/Workspace/redux-ui/node_modules/react-dom/cjs/react-dom.development.js:22707:5)
    at renderRootSync (/Users/zoamel/Workspace/redux-ui/node_modules/react-dom/cjs/react-dom.development.js:22670:7)
    at performSyncWorkOnRoot (/Users/zoamel/Workspace/redux-ui/node_modules/react-dom/cjs/react-dom.development.js:22293:18)
    at scheduleUpdateOnFiber (/Users/zoamel/Workspace/redux-ui/node_modules/react-dom/cjs/react-dom.development.js:21881:7)
    at updateContainer (/Users/zoamel/Workspace/redux-ui/node_modules/react-dom/cjs/react-dom.development.js:25482:3)
    at /Users/zoamel/Workspace/redux-ui/node_modules/react-dom/cjs/react-dom.development.js:26021:7
    at unbatchedUpdates (/Users/zoamel/Workspace/redux-ui/node_modules/react-dom/cjs/react-dom.development.js:22431:12)
    at legacyRenderSubtreeIntoContainer (/Users/zoamel/Workspace/redux-ui/node_modules/react-dom/cjs/react-dom.development.js:26020:5)
    at Object.render (/Users/zoamel/Workspace/redux-ui/node_modules/react-dom/cjs/react-dom.development.js:26103:10)
    at Object.renderIntoDocument (/Users/zoamel/Workspace/redux-ui/node_modules/react-dom/cjs/react-dom-test-utils.development.js:1598:19)
    at render (/Users/zoamel/Workspace/redux-ui/test/utils/render.js:21:25)
    at renderAndFind (/Users/zoamel/Workspace/redux-ui/test/utils/render.js:31:16)
    at Context.<anonymous> (/Users/zoamel/Workspace/redux-ui/test/ui/context.js:46:30)
    at callFn (/Users/zoamel/Workspace/redux-ui/node_modules/mocha/lib/runnable.js:326:21)
    at Test.Runnable.run (/Users/zoamel/Workspace/redux-ui/node_modules/mocha/lib/runnable.js:319:7)
    at Runner.runTest (/Users/zoamel/Workspace/redux-ui/node_modules/mocha/lib/runner.js:422:10)
    at /Users/zoamel/Workspace/redux-ui/node_modules/mocha/lib/runner.js:528:12
    at next (/Users/zoamel/Workspace/redux-ui/node_modules/mocha/lib/runner.js:342:14)
    at /Users/zoamel/Workspace/redux-ui/node_modules/mocha/lib/runner.js:352:7
    at next (/Users/zoamel/Workspace/redux-ui/node_modules/mocha/lib/runner.js:284:14)
    at Immediate._onImmediate (/Users/zoamel/Workspace/redux-ui/node_modules/mocha/lib/runner.js:320:5)
    at processImmediate (node:internal/timers:485:21)
The above error occurred in the <UI> component:

    at UI (/Users/zoamel/Workspace/redux-ui/src/ui.js:89:9)
    at ConnectFunction (/Users/zoamel/Workspace/redux-ui/node_modules/react-redux/lib/components/connectAdvanced.js:235:41)
    at Provider (/Users/zoamel/Workspace/redux-ui/node_modules/react-redux/lib/components/Provider.js:21:20)

Consider adding an error boundary to your tree to customize error handling behavior.
Visit https://reactjs.org/link/error-boundaries to learn more about error boundaries.
      3) updates props using the mass-update syntax
    single-level nested ui component tree
Error: Uncaught [TypeError: this.props.ui.getIn is not a function]
    at reportException (/Users/zoamel/Workspace/redux-ui/node_modules/jsdom/lib/jsdom/living/helpers/runtime-script-errors.js:66:24)
    at innerInvokeEventListeners (/Users/zoamel/Workspace/redux-ui/node_modules/jsdom/lib/jsdom/living/events/EventTarget-impl.js:353:9)
    at invokeEventListeners (/Users/zoamel/Workspace/redux-ui/node_modules/jsdom/lib/jsdom/living/events/EventTarget-impl.js:286:3)
    at HTMLUnknownElementImpl._dispatch (/Users/zoamel/Workspace/redux-ui/node_modules/jsdom/lib/jsdom/living/events/EventTarget-impl.js:233:9)
    at HTMLUnknownElementImpl.dispatchEvent (/Users/zoamel/Workspace/redux-ui/node_modules/jsdom/lib/jsdom/living/events/EventTarget-impl.js:104:17)
    at HTMLUnknownElement.dispatchEvent (/Users/zoamel/Workspace/redux-ui/node_modules/jsdom/lib/jsdom/living/generated/EventTarget.js:241:34)
    at Object.invokeGuardedCallbackDev (/Users/zoamel/Workspace/redux-ui/node_modules/react-dom/cjs/react-dom.development.js:3994:16)
    at invokeGuardedCallback (/Users/zoamel/Workspace/redux-ui/node_modules/react-dom/cjs/react-dom.development.js:4056:31)
    at beginWork$1 (/Users/zoamel/Workspace/redux-ui/node_modules/react-dom/cjs/react-dom.development.js:23964:7)
    at performUnitOfWork (/Users/zoamel/Workspace/redux-ui/node_modules/react-dom/cjs/react-dom.development.js:22779:12)
    at workLoopSync (/Users/zoamel/Workspace/redux-ui/node_modules/react-dom/cjs/react-dom.development.js:22707:5)
    at renderRootSync (/Users/zoamel/Workspace/redux-ui/node_modules/react-dom/cjs/react-dom.development.js:22670:7)
    at performSyncWorkOnRoot (/Users/zoamel/Workspace/redux-ui/node_modules/react-dom/cjs/react-dom.development.js:22293:18)
    at scheduleUpdateOnFiber (/Users/zoamel/Workspace/redux-ui/node_modules/react-dom/cjs/react-dom.development.js:21881:7)
    at updateContainer (/Users/zoamel/Workspace/redux-ui/node_modules/react-dom/cjs/react-dom.development.js:25482:3)
    at /Users/zoamel/Workspace/redux-ui/node_modules/react-dom/cjs/react-dom.development.js:26021:7
    at unbatchedUpdates (/Users/zoamel/Workspace/redux-ui/node_modules/react-dom/cjs/react-dom.development.js:22431:12)
    at legacyRenderSubtreeIntoContainer (/Users/zoamel/Workspace/redux-ui/node_modules/react-dom/cjs/react-dom.development.js:26020:5)
    at Object.render (/Users/zoamel/Workspace/redux-ui/node_modules/react-dom/cjs/react-dom.development.js:26103:10)
    at Object.renderIntoDocument (/Users/zoamel/Workspace/redux-ui/node_modules/react-dom/cjs/react-dom-test-utils.development.js:1598:19)
    at render (/Users/zoamel/Workspace/redux-ui/test/utils/render.js:21:25)
    at renderAndFind (/Users/zoamel/Workspace/redux-ui/test/utils/render.js:31:16)
    at Context.<anonymous> (/Users/zoamel/Workspace/redux-ui/test/ui/context.js:79:30)
    at callFn (/Users/zoamel/Workspace/redux-ui/node_modules/mocha/lib/runnable.js:326:21)
    at Test.Runnable.run (/Users/zoamel/Workspace/redux-ui/node_modules/mocha/lib/runnable.js:319:7)
    at Runner.runTest (/Users/zoamel/Workspace/redux-ui/node_modules/mocha/lib/runner.js:422:10)
    at /Users/zoamel/Workspace/redux-ui/node_modules/mocha/lib/runner.js:528:12
    at next (/Users/zoamel/Workspace/redux-ui/node_modules/mocha/lib/runner.js:342:14)
    at /Users/zoamel/Workspace/redux-ui/node_modules/mocha/lib/runner.js:352:7
    at next (/Users/zoamel/Workspace/redux-ui/node_modules/mocha/lib/runner.js:284:14)
    at Immediate._onImmediate (/Users/zoamel/Workspace/redux-ui/node_modules/mocha/lib/runner.js:320:5)
    at processImmediate (node:internal/timers:485:21) TypeError: this.props.ui.getIn is not a function
    at UI.UNSAFE_componentWillMount (/Users/zoamel/Workspace/redux-ui/src/ui.js:127:35)
    at callComponentWillMount (/Users/zoamel/Workspace/redux-ui/node_modules/react-dom/cjs/react-dom.development.js:12788:14)
    at mountClassInstance (/Users/zoamel/Workspace/redux-ui/node_modules/react-dom/cjs/react-dom.development.js:12878:5)
    at updateClassComponent (/Users/zoamel/Workspace/redux-ui/node_modules/react-dom/cjs/react-dom.development.js:17426:5)
    at beginWork (/Users/zoamel/Workspace/redux-ui/node_modules/react-dom/cjs/react-dom.development.js:19073:16)
    at HTMLUnknownElement.callCallback (/Users/zoamel/Workspace/redux-ui/node_modules/react-dom/cjs/react-dom.development.js:3945:14)
    at HTMLUnknownElement.callTheUserObjectsOperation (/Users/zoamel/Workspace/redux-ui/node_modules/jsdom/lib/jsdom/living/generated/EventListener.js:26:30)
    at innerInvokeEventListeners (/Users/zoamel/Workspace/redux-ui/node_modules/jsdom/lib/jsdom/living/events/EventTarget-impl.js:350:25)
    at invokeEventListeners (/Users/zoamel/Workspace/redux-ui/node_modules/jsdom/lib/jsdom/living/events/EventTarget-impl.js:286:3)
    at HTMLUnknownElementImpl._dispatch (/Users/zoamel/Workspace/redux-ui/node_modules/jsdom/lib/jsdom/living/events/EventTarget-impl.js:233:9)
    at HTMLUnknownElementImpl.dispatchEvent (/Users/zoamel/Workspace/redux-ui/node_modules/jsdom/lib/jsdom/living/events/EventTarget-impl.js:104:17)
    at HTMLUnknownElement.dispatchEvent (/Users/zoamel/Workspace/redux-ui/node_modules/jsdom/lib/jsdom/living/generated/EventTarget.js:241:34)
    at Object.invokeGuardedCallbackDev (/Users/zoamel/Workspace/redux-ui/node_modules/react-dom/cjs/react-dom.development.js:3994:16)
    at invokeGuardedCallback (/Users/zoamel/Workspace/redux-ui/node_modules/react-dom/cjs/react-dom.development.js:4056:31)
    at beginWork$1 (/Users/zoamel/Workspace/redux-ui/node_modules/react-dom/cjs/react-dom.development.js:23964:7)
    at performUnitOfWork (/Users/zoamel/Workspace/redux-ui/node_modules/react-dom/cjs/react-dom.development.js:22779:12)
    at workLoopSync (/Users/zoamel/Workspace/redux-ui/node_modules/react-dom/cjs/react-dom.development.js:22707:5)
    at renderRootSync (/Users/zoamel/Workspace/redux-ui/node_modules/react-dom/cjs/react-dom.development.js:22670:7)
    at performSyncWorkOnRoot (/Users/zoamel/Workspace/redux-ui/node_modules/react-dom/cjs/react-dom.development.js:22293:18)
    at scheduleUpdateOnFiber (/Users/zoamel/Workspace/redux-ui/node_modules/react-dom/cjs/react-dom.development.js:21881:7)
    at updateContainer (/Users/zoamel/Workspace/redux-ui/node_modules/react-dom/cjs/react-dom.development.js:25482:3)
    at /Users/zoamel/Workspace/redux-ui/node_modules/react-dom/cjs/react-dom.development.js:26021:7
    at unbatchedUpdates (/Users/zoamel/Workspace/redux-ui/node_modules/react-dom/cjs/react-dom.development.js:22431:12)
    at legacyRenderSubtreeIntoContainer (/Users/zoamel/Workspace/redux-ui/node_modules/react-dom/cjs/react-dom.development.js:26020:5)
    at Object.render (/Users/zoamel/Workspace/redux-ui/node_modules/react-dom/cjs/react-dom.development.js:26103:10)
    at Object.renderIntoDocument (/Users/zoamel/Workspace/redux-ui/node_modules/react-dom/cjs/react-dom-test-utils.development.js:1598:19)
    at render (/Users/zoamel/Workspace/redux-ui/test/utils/render.js:21:25)
    at renderAndFind (/Users/zoamel/Workspace/redux-ui/test/utils/render.js:31:16)
    at Context.<anonymous> (/Users/zoamel/Workspace/redux-ui/test/ui/context.js:79:30)
    at callFn (/Users/zoamel/Workspace/redux-ui/node_modules/mocha/lib/runnable.js:326:21)
    at Test.Runnable.run (/Users/zoamel/Workspace/redux-ui/node_modules/mocha/lib/runnable.js:319:7)
    at Runner.runTest (/Users/zoamel/Workspace/redux-ui/node_modules/mocha/lib/runner.js:422:10)
    at /Users/zoamel/Workspace/redux-ui/node_modules/mocha/lib/runner.js:528:12
    at next (/Users/zoamel/Workspace/redux-ui/node_modules/mocha/lib/runner.js:342:14)
    at /Users/zoamel/Workspace/redux-ui/node_modules/mocha/lib/runner.js:352:7
    at next (/Users/zoamel/Workspace/redux-ui/node_modules/mocha/lib/runner.js:284:14)
    at Immediate._onImmediate (/Users/zoamel/Workspace/redux-ui/node_modules/mocha/lib/runner.js:320:5)
    at processImmediate (node:internal/timers:485:21)
The above error occurred in the <UI> component:

    at UI (/Users/zoamel/Workspace/redux-ui/src/ui.js:89:9)
    at ConnectFunction (/Users/zoamel/Workspace/redux-ui/node_modules/react-redux/lib/components/connectAdvanced.js:235:41)
    at Provider (/Users/zoamel/Workspace/redux-ui/node_modules/react-redux/lib/components/Provider.js:21:20)

Consider adding an error boundary to your tree to customize error handling behavior.
Visit https://reactjs.org/link/error-boundaries to learn more about error boundaries.
      4) child component inherits parent context
Error: Uncaught [TypeError: this.props.ui.getIn is not a function]
    at reportException (/Users/zoamel/Workspace/redux-ui/node_modules/jsdom/lib/jsdom/living/helpers/runtime-script-errors.js:66:24)
    at innerInvokeEventListeners (/Users/zoamel/Workspace/redux-ui/node_modules/jsdom/lib/jsdom/living/events/EventTarget-impl.js:353:9)
    at invokeEventListeners (/Users/zoamel/Workspace/redux-ui/node_modules/jsdom/lib/jsdom/living/events/EventTarget-impl.js:286:3)
    at HTMLUnknownElementImpl._dispatch (/Users/zoamel/Workspace/redux-ui/node_modules/jsdom/lib/jsdom/living/events/EventTarget-impl.js:233:9)
    at HTMLUnknownElementImpl.dispatchEvent (/Users/zoamel/Workspace/redux-ui/node_modules/jsdom/lib/jsdom/living/events/EventTarget-impl.js:104:17)
    at HTMLUnknownElement.dispatchEvent (/Users/zoamel/Workspace/redux-ui/node_modules/jsdom/lib/jsdom/living/generated/EventTarget.js:241:34)
    at Object.invokeGuardedCallbackDev (/Users/zoamel/Workspace/redux-ui/node_modules/react-dom/cjs/react-dom.development.js:3994:16)
    at invokeGuardedCallback (/Users/zoamel/Workspace/redux-ui/node_modules/react-dom/cjs/react-dom.development.js:4056:31)
    at beginWork$1 (/Users/zoamel/Workspace/redux-ui/node_modules/react-dom/cjs/react-dom.development.js:23964:7)
    at performUnitOfWork (/Users/zoamel/Workspace/redux-ui/node_modules/react-dom/cjs/react-dom.development.js:22779:12)
    at workLoopSync (/Users/zoamel/Workspace/redux-ui/node_modules/react-dom/cjs/react-dom.development.js:22707:5)
    at renderRootSync (/Users/zoamel/Workspace/redux-ui/node_modules/react-dom/cjs/react-dom.development.js:22670:7)
    at performSyncWorkOnRoot (/Users/zoamel/Workspace/redux-ui/node_modules/react-dom/cjs/react-dom.development.js:22293:18)
    at scheduleUpdateOnFiber (/Users/zoamel/Workspace/redux-ui/node_modules/react-dom/cjs/react-dom.development.js:21881:7)
    at updateContainer (/Users/zoamel/Workspace/redux-ui/node_modules/react-dom/cjs/react-dom.development.js:25482:3)
    at /Users/zoamel/Workspace/redux-ui/node_modules/react-dom/cjs/react-dom.development.js:26021:7
    at unbatchedUpdates (/Users/zoamel/Workspace/redux-ui/node_modules/react-dom/cjs/react-dom.development.js:22431:12)
    at legacyRenderSubtreeIntoContainer (/Users/zoamel/Workspace/redux-ui/node_modules/react-dom/cjs/react-dom.development.js:26020:5)
    at Object.render (/Users/zoamel/Workspace/redux-ui/node_modules/react-dom/cjs/react-dom.development.js:26103:10)
    at Object.renderIntoDocument (/Users/zoamel/Workspace/redux-ui/node_modules/react-dom/cjs/react-dom-test-utils.development.js:1598:19)
    at render (/Users/zoamel/Workspace/redux-ui/test/utils/render.js:21:25)
    at renderAndFind (/Users/zoamel/Workspace/redux-ui/test/utils/render.js:31:16)
    at Context.<anonymous> (/Users/zoamel/Workspace/redux-ui/test/ui/context.js:84:30)
    at callFn (/Users/zoamel/Workspace/redux-ui/node_modules/mocha/lib/runnable.js:326:21)
    at Test.Runnable.run (/Users/zoamel/Workspace/redux-ui/node_modules/mocha/lib/runnable.js:319:7)
    at Runner.runTest (/Users/zoamel/Workspace/redux-ui/node_modules/mocha/lib/runner.js:422:10)
    at /Users/zoamel/Workspace/redux-ui/node_modules/mocha/lib/runner.js:528:12
    at next (/Users/zoamel/Workspace/redux-ui/node_modules/mocha/lib/runner.js:342:14)
    at /Users/zoamel/Workspace/redux-ui/node_modules/mocha/lib/runner.js:352:7
    at next (/Users/zoamel/Workspace/redux-ui/node_modules/mocha/lib/runner.js:284:14)
    at Immediate._onImmediate (/Users/zoamel/Workspace/redux-ui/node_modules/mocha/lib/runner.js:320:5)
    at processImmediate (node:internal/timers:485:21) TypeError: this.props.ui.getIn is not a function
    at UI.UNSAFE_componentWillMount (/Users/zoamel/Workspace/redux-ui/src/ui.js:127:35)
    at callComponentWillMount (/Users/zoamel/Workspace/redux-ui/node_modules/react-dom/cjs/react-dom.development.js:12788:14)
    at mountClassInstance (/Users/zoamel/Workspace/redux-ui/node_modules/react-dom/cjs/react-dom.development.js:12878:5)
    at updateClassComponent (/Users/zoamel/Workspace/redux-ui/node_modules/react-dom/cjs/react-dom.development.js:17426:5)
    at beginWork (/Users/zoamel/Workspace/redux-ui/node_modules/react-dom/cjs/react-dom.development.js:19073:16)
    at HTMLUnknownElement.callCallback (/Users/zoamel/Workspace/redux-ui/node_modules/react-dom/cjs/react-dom.development.js:3945:14)
    at HTMLUnknownElement.callTheUserObjectsOperation (/Users/zoamel/Workspace/redux-ui/node_modules/jsdom/lib/jsdom/living/generated/EventListener.js:26:30)
    at innerInvokeEventListeners (/Users/zoamel/Workspace/redux-ui/node_modules/jsdom/lib/jsdom/living/events/EventTarget-impl.js:350:25)
    at invokeEventListeners (/Users/zoamel/Workspace/redux-ui/node_modules/jsdom/lib/jsdom/living/events/EventTarget-impl.js:286:3)
    at HTMLUnknownElementImpl._dispatch (/Users/zoamel/Workspace/redux-ui/node_modules/jsdom/lib/jsdom/living/events/EventTarget-impl.js:233:9)
    at HTMLUnknownElementImpl.dispatchEvent (/Users/zoamel/Workspace/redux-ui/node_modules/jsdom/lib/jsdom/living/events/EventTarget-impl.js:104:17)
    at HTMLUnknownElement.dispatchEvent (/Users/zoamel/Workspace/redux-ui/node_modules/jsdom/lib/jsdom/living/generated/EventTarget.js:241:34)
    at Object.invokeGuardedCallbackDev (/Users/zoamel/Workspace/redux-ui/node_modules/react-dom/cjs/react-dom.development.js:3994:16)
    at invokeGuardedCallback (/Users/zoamel/Workspace/redux-ui/node_modules/react-dom/cjs/react-dom.development.js:4056:31)
    at beginWork$1 (/Users/zoamel/Workspace/redux-ui/node_modules/react-dom/cjs/react-dom.development.js:23964:7)
    at performUnitOfWork (/Users/zoamel/Workspace/redux-ui/node_modules/react-dom/cjs/react-dom.development.js:22779:12)
    at workLoopSync (/Users/zoamel/Workspace/redux-ui/node_modules/react-dom/cjs/react-dom.development.js:22707:5)
    at renderRootSync (/Users/zoamel/Workspace/redux-ui/node_modules/react-dom/cjs/react-dom.development.js:22670:7)
    at performSyncWorkOnRoot (/Users/zoamel/Workspace/redux-ui/node_modules/react-dom/cjs/react-dom.development.js:22293:18)
    at scheduleUpdateOnFiber (/Users/zoamel/Workspace/redux-ui/node_modules/react-dom/cjs/react-dom.development.js:21881:7)
    at updateContainer (/Users/zoamel/Workspace/redux-ui/node_modules/react-dom/cjs/react-dom.development.js:25482:3)
    at /Users/zoamel/Workspace/redux-ui/node_modules/react-dom/cjs/react-dom.development.js:26021:7
    at unbatchedUpdates (/Users/zoamel/Workspace/redux-ui/node_modules/react-dom/cjs/react-dom.development.js:22431:12)
    at legacyRenderSubtreeIntoContainer (/Users/zoamel/Workspace/redux-ui/node_modules/react-dom/cjs/react-dom.development.js:26020:5)
    at Object.render (/Users/zoamel/Workspace/redux-ui/node_modules/react-dom/cjs/react-dom.development.js:26103:10)
    at Object.renderIntoDocument (/Users/zoamel/Workspace/redux-ui/node_modules/react-dom/cjs/react-dom-test-utils.development.js:1598:19)
    at render (/Users/zoamel/Workspace/redux-ui/test/utils/render.js:21:25)
    at renderAndFind (/Users/zoamel/Workspace/redux-ui/test/utils/render.js:31:16)
    at Context.<anonymous> (/Users/zoamel/Workspace/redux-ui/test/ui/context.js:84:30)
    at callFn (/Users/zoamel/Workspace/redux-ui/node_modules/mocha/lib/runnable.js:326:21)
    at Test.Runnable.run (/Users/zoamel/Workspace/redux-ui/node_modules/mocha/lib/runnable.js:319:7)
    at Runner.runTest (/Users/zoamel/Workspace/redux-ui/node_modules/mocha/lib/runner.js:422:10)
    at /Users/zoamel/Workspace/redux-ui/node_modules/mocha/lib/runner.js:528:12
    at next (/Users/zoamel/Workspace/redux-ui/node_modules/mocha/lib/runner.js:342:14)
    at /Users/zoamel/Workspace/redux-ui/node_modules/mocha/lib/runner.js:352:7
    at next (/Users/zoamel/Workspace/redux-ui/node_modules/mocha/lib/runner.js:284:14)
    at Immediate._onImmediate (/Users/zoamel/Workspace/redux-ui/node_modules/mocha/lib/runner.js:320:5)
    at processImmediate (node:internal/timers:485:21)
The above error occurred in the <UI> component:

    at UI (/Users/zoamel/Workspace/redux-ui/src/ui.js:89:9)
    at ConnectFunction (/Users/zoamel/Workspace/redux-ui/node_modules/react-redux/lib/components/connectAdvanced.js:235:41)
    at Provider (/Users/zoamel/Workspace/redux-ui/node_modules/react-redux/lib/components/Provider.js:21:20)

Consider adding an error boundary to your tree to customize error handling behavior.
Visit https://reactjs.org/link/error-boundaries to learn more about error boundaries.
      5) parent component only gets its own context
Error: Uncaught [TypeError: this.props.ui.getIn is not a function]
    at reportException (/Users/zoamel/Workspace/redux-ui/node_modules/jsdom/lib/jsdom/living/helpers/runtime-script-errors.js:66:24)
    at innerInvokeEventListeners (/Users/zoamel/Workspace/redux-ui/node_modules/jsdom/lib/jsdom/living/events/EventTarget-impl.js:353:9)
    at invokeEventListeners (/Users/zoamel/Workspace/redux-ui/node_modules/jsdom/lib/jsdom/living/events/EventTarget-impl.js:286:3)
    at HTMLUnknownElementImpl._dispatch (/Users/zoamel/Workspace/redux-ui/node_modules/jsdom/lib/jsdom/living/events/EventTarget-impl.js:233:9)
    at HTMLUnknownElementImpl.dispatchEvent (/Users/zoamel/Workspace/redux-ui/node_modules/jsdom/lib/jsdom/living/events/EventTarget-impl.js:104:17)
    at HTMLUnknownElement.dispatchEvent (/Users/zoamel/Workspace/redux-ui/node_modules/jsdom/lib/jsdom/living/generated/EventTarget.js:241:34)
    at Object.invokeGuardedCallbackDev (/Users/zoamel/Workspace/redux-ui/node_modules/react-dom/cjs/react-dom.development.js:3994:16)
    at invokeGuardedCallback (/Users/zoamel/Workspace/redux-ui/node_modules/react-dom/cjs/react-dom.development.js:4056:31)
    at beginWork$1 (/Users/zoamel/Workspace/redux-ui/node_modules/react-dom/cjs/react-dom.development.js:23964:7)
    at performUnitOfWork (/Users/zoamel/Workspace/redux-ui/node_modules/react-dom/cjs/react-dom.development.js:22779:12)
    at workLoopSync (/Users/zoamel/Workspace/redux-ui/node_modules/react-dom/cjs/react-dom.development.js:22707:5)
    at renderRootSync (/Users/zoamel/Workspace/redux-ui/node_modules/react-dom/cjs/react-dom.development.js:22670:7)
    at performSyncWorkOnRoot (/Users/zoamel/Workspace/redux-ui/node_modules/react-dom/cjs/react-dom.development.js:22293:18)
    at scheduleUpdateOnFiber (/Users/zoamel/Workspace/redux-ui/node_modules/react-dom/cjs/react-dom.development.js:21881:7)
    at updateContainer (/Users/zoamel/Workspace/redux-ui/node_modules/react-dom/cjs/react-dom.development.js:25482:3)
    at /Users/zoamel/Workspace/redux-ui/node_modules/react-dom/cjs/react-dom.development.js:26021:7
    at unbatchedUpdates (/Users/zoamel/Workspace/redux-ui/node_modules/react-dom/cjs/react-dom.development.js:22431:12)
    at legacyRenderSubtreeIntoContainer (/Users/zoamel/Workspace/redux-ui/node_modules/react-dom/cjs/react-dom.development.js:26020:5)
    at Object.render (/Users/zoamel/Workspace/redux-ui/node_modules/react-dom/cjs/react-dom.development.js:26103:10)
    at Object.renderIntoDocument (/Users/zoamel/Workspace/redux-ui/node_modules/react-dom/cjs/react-dom-test-utils.development.js:1598:19)
    at render (/Users/zoamel/Workspace/redux-ui/test/utils/render.js:21:25)
    at Context.<anonymous> (/Users/zoamel/Workspace/redux-ui/test/ui/context.js:89:26)
    at callFn (/Users/zoamel/Workspace/redux-ui/node_modules/mocha/lib/runnable.js:326:21)
    at Test.Runnable.run (/Users/zoamel/Workspace/redux-ui/node_modules/mocha/lib/runnable.js:319:7)
    at Runner.runTest (/Users/zoamel/Workspace/redux-ui/node_modules/mocha/lib/runner.js:422:10)
    at /Users/zoamel/Workspace/redux-ui/node_modules/mocha/lib/runner.js:528:12
    at next (/Users/zoamel/Workspace/redux-ui/node_modules/mocha/lib/runner.js:342:14)
    at /Users/zoamel/Workspace/redux-ui/node_modules/mocha/lib/runner.js:352:7
    at next (/Users/zoamel/Workspace/redux-ui/node_modules/mocha/lib/runner.js:284:14)
    at Immediate._onImmediate (/Users/zoamel/Workspace/redux-ui/node_modules/mocha/lib/runner.js:320:5)
    at processImmediate (node:internal/timers:485:21) TypeError: this.props.ui.getIn is not a function
    at UI.UNSAFE_componentWillMount (/Users/zoamel/Workspace/redux-ui/src/ui.js:127:35)
    at callComponentWillMount (/Users/zoamel/Workspace/redux-ui/node_modules/react-dom/cjs/react-dom.development.js:12788:14)
    at mountClassInstance (/Users/zoamel/Workspace/redux-ui/node_modules/react-dom/cjs/react-dom.development.js:12878:5)
    at updateClassComponent (/Users/zoamel/Workspace/redux-ui/node_modules/react-dom/cjs/react-dom.development.js:17426:5)
    at beginWork (/Users/zoamel/Workspace/redux-ui/node_modules/react-dom/cjs/react-dom.development.js:19073:16)
    at HTMLUnknownElement.callCallback (/Users/zoamel/Workspace/redux-ui/node_modules/react-dom/cjs/react-dom.development.js:3945:14)
    at HTMLUnknownElement.callTheUserObjectsOperation (/Users/zoamel/Workspace/redux-ui/node_modules/jsdom/lib/jsdom/living/generated/EventListener.js:26:30)
    at innerInvokeEventListeners (/Users/zoamel/Workspace/redux-ui/node_modules/jsdom/lib/jsdom/living/events/EventTarget-impl.js:350:25)
    at invokeEventListeners (/Users/zoamel/Workspace/redux-ui/node_modules/jsdom/lib/jsdom/living/events/EventTarget-impl.js:286:3)
    at HTMLUnknownElementImpl._dispatch (/Users/zoamel/Workspace/redux-ui/node_modules/jsdom/lib/jsdom/living/events/EventTarget-impl.js:233:9)
    at HTMLUnknownElementImpl.dispatchEvent (/Users/zoamel/Workspace/redux-ui/node_modules/jsdom/lib/jsdom/living/events/EventTarget-impl.js:104:17)
    at HTMLUnknownElement.dispatchEvent (/Users/zoamel/Workspace/redux-ui/node_modules/jsdom/lib/jsdom/living/generated/EventTarget.js:241:34)
    at Object.invokeGuardedCallbackDev (/Users/zoamel/Workspace/redux-ui/node_modules/react-dom/cjs/react-dom.development.js:3994:16)
    at invokeGuardedCallback (/Users/zoamel/Workspace/redux-ui/node_modules/react-dom/cjs/react-dom.development.js:4056:31)
    at beginWork$1 (/Users/zoamel/Workspace/redux-ui/node_modules/react-dom/cjs/react-dom.development.js:23964:7)
    at performUnitOfWork (/Users/zoamel/Workspace/redux-ui/node_modules/react-dom/cjs/react-dom.development.js:22779:12)
    at workLoopSync (/Users/zoamel/Workspace/redux-ui/node_modules/react-dom/cjs/react-dom.development.js:22707:5)
    at renderRootSync (/Users/zoamel/Workspace/redux-ui/node_modules/react-dom/cjs/react-dom.development.js:22670:7)
    at performSyncWorkOnRoot (/Users/zoamel/Workspace/redux-ui/node_modules/react-dom/cjs/react-dom.development.js:22293:18)
    at scheduleUpdateOnFiber (/Users/zoamel/Workspace/redux-ui/node_modules/react-dom/cjs/react-dom.development.js:21881:7)
    at updateContainer (/Users/zoamel/Workspace/redux-ui/node_modules/react-dom/cjs/react-dom.development.js:25482:3)
    at /Users/zoamel/Workspace/redux-ui/node_modules/react-dom/cjs/react-dom.development.js:26021:7
    at unbatchedUpdates (/Users/zoamel/Workspace/redux-ui/node_modules/react-dom/cjs/react-dom.development.js:22431:12)
    at legacyRenderSubtreeIntoContainer (/Users/zoamel/Workspace/redux-ui/node_modules/react-dom/cjs/react-dom.development.js:26020:5)
    at Object.render (/Users/zoamel/Workspace/redux-ui/node_modules/react-dom/cjs/react-dom.development.js:26103:10)
    at Object.renderIntoDocument (/Users/zoamel/Workspace/redux-ui/node_modules/react-dom/cjs/react-dom-test-utils.development.js:1598:19)
    at render (/Users/zoamel/Workspace/redux-ui/test/utils/render.js:21:25)
    at Context.<anonymous> (/Users/zoamel/Workspace/redux-ui/test/ui/context.js:89:26)
    at callFn (/Users/zoamel/Workspace/redux-ui/node_modules/mocha/lib/runnable.js:326:21)
    at Test.Runnable.run (/Users/zoamel/Workspace/redux-ui/node_modules/mocha/lib/runnable.js:319:7)
    at Runner.runTest (/Users/zoamel/Workspace/redux-ui/node_modules/mocha/lib/runner.js:422:10)
    at /Users/zoamel/Workspace/redux-ui/node_modules/mocha/lib/runner.js:528:12
    at next (/Users/zoamel/Workspace/redux-ui/node_modules/mocha/lib/runner.js:342:14)
    at /Users/zoamel/Workspace/redux-ui/node_modules/mocha/lib/runner.js:352:7
    at next (/Users/zoamel/Workspace/redux-ui/node_modules/mocha/lib/runner.js:284:14)
    at Immediate._onImmediate (/Users/zoamel/Workspace/redux-ui/node_modules/mocha/lib/runner.js:320:5)
    at processImmediate (node:internal/timers:485:21)
The above error occurred in the <UI> component:

    at UI (/Users/zoamel/Workspace/redux-ui/src/ui.js:89:9)
    at ConnectFunction (/Users/zoamel/Workspace/redux-ui/node_modules/react-redux/lib/components/connectAdvanced.js:235:41)
    at Provider (/Users/zoamel/Workspace/redux-ui/node_modules/react-redux/lib/components/Provider.js:21:20)

Consider adding an error boundary to your tree to customize error handling behavior.
Visit https://reactjs.org/link/error-boundaries to learn more about error boundaries.
      6) child component updates parent variables
Error: Uncaught [TypeError: this.props.ui.getIn is not a function]
    at reportException (/Users/zoamel/Workspace/redux-ui/node_modules/jsdom/lib/jsdom/living/helpers/runtime-script-errors.js:66:24)
    at innerInvokeEventListeners (/Users/zoamel/Workspace/redux-ui/node_modules/jsdom/lib/jsdom/living/events/EventTarget-impl.js:353:9)
    at invokeEventListeners (/Users/zoamel/Workspace/redux-ui/node_modules/jsdom/lib/jsdom/living/events/EventTarget-impl.js:286:3)
    at HTMLUnknownElementImpl._dispatch (/Users/zoamel/Workspace/redux-ui/node_modules/jsdom/lib/jsdom/living/events/EventTarget-impl.js:233:9)
    at HTMLUnknownElementImpl.dispatchEvent (/Users/zoamel/Workspace/redux-ui/node_modules/jsdom/lib/jsdom/living/events/EventTarget-impl.js:104:17)
    at HTMLUnknownElement.dispatchEvent (/Users/zoamel/Workspace/redux-ui/node_modules/jsdom/lib/jsdom/living/generated/EventTarget.js:241:34)
    at Object.invokeGuardedCallbackDev (/Users/zoamel/Workspace/redux-ui/node_modules/react-dom/cjs/react-dom.development.js:3994:16)
    at invokeGuardedCallback (/Users/zoamel/Workspace/redux-ui/node_modules/react-dom/cjs/react-dom.development.js:4056:31)
    at beginWork$1 (/Users/zoamel/Workspace/redux-ui/node_modules/react-dom/cjs/react-dom.development.js:23964:7)
    at performUnitOfWork (/Users/zoamel/Workspace/redux-ui/node_modules/react-dom/cjs/react-dom.development.js:22779:12)
    at workLoopSync (/Users/zoamel/Workspace/redux-ui/node_modules/react-dom/cjs/react-dom.development.js:22707:5)
    at renderRootSync (/Users/zoamel/Workspace/redux-ui/node_modules/react-dom/cjs/react-dom.development.js:22670:7)
    at performSyncWorkOnRoot (/Users/zoamel/Workspace/redux-ui/node_modules/react-dom/cjs/react-dom.development.js:22293:18)
    at scheduleUpdateOnFiber (/Users/zoamel/Workspace/redux-ui/node_modules/react-dom/cjs/react-dom.development.js:21881:7)
    at updateContainer (/Users/zoamel/Workspace/redux-ui/node_modules/react-dom/cjs/react-dom.development.js:25482:3)
    at /Users/zoamel/Workspace/redux-ui/node_modules/react-dom/cjs/react-dom.development.js:26021:7
    at unbatchedUpdates (/Users/zoamel/Workspace/redux-ui/node_modules/react-dom/cjs/react-dom.development.js:22431:12)
    at legacyRenderSubtreeIntoContainer (/Users/zoamel/Workspace/redux-ui/node_modules/react-dom/cjs/react-dom.development.js:26020:5)
    at Object.render (/Users/zoamel/Workspace/redux-ui/node_modules/react-dom/cjs/react-dom.development.js:26103:10)
    at Object.renderIntoDocument (/Users/zoamel/Workspace/redux-ui/node_modules/react-dom/cjs/react-dom-test-utils.development.js:1598:19)
    at render (/Users/zoamel/Workspace/redux-ui/test/utils/render.js:21:25)
    at renderAndFind (/Users/zoamel/Workspace/redux-ui/test/utils/render.js:31:16)
    at Context.<anonymous> (/Users/zoamel/Workspace/redux-ui/test/ui/context.js:101:34)
    at callFn (/Users/zoamel/Workspace/redux-ui/node_modules/mocha/lib/runnable.js:326:21)
    at Test.Runnable.run (/Users/zoamel/Workspace/redux-ui/node_modules/mocha/lib/runnable.js:319:7)
    at Runner.runTest (/Users/zoamel/Workspace/redux-ui/node_modules/mocha/lib/runner.js:422:10)
    at /Users/zoamel/Workspace/redux-ui/node_modules/mocha/lib/runner.js:528:12
    at next (/Users/zoamel/Workspace/redux-ui/node_modules/mocha/lib/runner.js:342:14)
    at /Users/zoamel/Workspace/redux-ui/node_modules/mocha/lib/runner.js:352:7
    at next (/Users/zoamel/Workspace/redux-ui/node_modules/mocha/lib/runner.js:284:14)
    at Immediate._onImmediate (/Users/zoamel/Workspace/redux-ui/node_modules/mocha/lib/runner.js:320:5)
    at processImmediate (node:internal/timers:485:21) TypeError: this.props.ui.getIn is not a function
    at UI.UNSAFE_componentWillMount (/Users/zoamel/Workspace/redux-ui/src/ui.js:127:35)
    at callComponentWillMount (/Users/zoamel/Workspace/redux-ui/node_modules/react-dom/cjs/react-dom.development.js:12788:14)
    at mountClassInstance (/Users/zoamel/Workspace/redux-ui/node_modules/react-dom/cjs/react-dom.development.js:12878:5)
    at updateClassComponent (/Users/zoamel/Workspace/redux-ui/node_modules/react-dom/cjs/react-dom.development.js:17426:5)
    at beginWork (/Users/zoamel/Workspace/redux-ui/node_modules/react-dom/cjs/react-dom.development.js:19073:16)
    at HTMLUnknownElement.callCallback (/Users/zoamel/Workspace/redux-ui/node_modules/react-dom/cjs/react-dom.development.js:3945:14)
    at HTMLUnknownElement.callTheUserObjectsOperation (/Users/zoamel/Workspace/redux-ui/node_modules/jsdom/lib/jsdom/living/generated/EventListener.js:26:30)
    at innerInvokeEventListeners (/Users/zoamel/Workspace/redux-ui/node_modules/jsdom/lib/jsdom/living/events/EventTarget-impl.js:350:25)
    at invokeEventListeners (/Users/zoamel/Workspace/redux-ui/node_modules/jsdom/lib/jsdom/living/events/EventTarget-impl.js:286:3)
    at HTMLUnknownElementImpl._dispatch (/Users/zoamel/Workspace/redux-ui/node_modules/jsdom/lib/jsdom/living/events/EventTarget-impl.js:233:9)
    at HTMLUnknownElementImpl.dispatchEvent (/Users/zoamel/Workspace/redux-ui/node_modules/jsdom/lib/jsdom/living/events/EventTarget-impl.js:104:17)
    at HTMLUnknownElement.dispatchEvent (/Users/zoamel/Workspace/redux-ui/node_modules/jsdom/lib/jsdom/living/generated/EventTarget.js:241:34)
    at Object.invokeGuardedCallbackDev (/Users/zoamel/Workspace/redux-ui/node_modules/react-dom/cjs/react-dom.development.js:3994:16)
    at invokeGuardedCallback (/Users/zoamel/Workspace/redux-ui/node_modules/react-dom/cjs/react-dom.development.js:4056:31)
    at beginWork$1 (/Users/zoamel/Workspace/redux-ui/node_modules/react-dom/cjs/react-dom.development.js:23964:7)
    at performUnitOfWork (/Users/zoamel/Workspace/redux-ui/node_modules/react-dom/cjs/react-dom.development.js:22779:12)
    at workLoopSync (/Users/zoamel/Workspace/redux-ui/node_modules/react-dom/cjs/react-dom.development.js:22707:5)
    at renderRootSync (/Users/zoamel/Workspace/redux-ui/node_modules/react-dom/cjs/react-dom.development.js:22670:7)
    at performSyncWorkOnRoot (/Users/zoamel/Workspace/redux-ui/node_modules/react-dom/cjs/react-dom.development.js:22293:18)
    at scheduleUpdateOnFiber (/Users/zoamel/Workspace/redux-ui/node_modules/react-dom/cjs/react-dom.development.js:21881:7)
    at updateContainer (/Users/zoamel/Workspace/redux-ui/node_modules/react-dom/cjs/react-dom.development.js:25482:3)
    at /Users/zoamel/Workspace/redux-ui/node_modules/react-dom/cjs/react-dom.development.js:26021:7
    at unbatchedUpdates (/Users/zoamel/Workspace/redux-ui/node_modules/react-dom/cjs/react-dom.development.js:22431:12)
    at legacyRenderSubtreeIntoContainer (/Users/zoamel/Workspace/redux-ui/node_modules/react-dom/cjs/react-dom.development.js:26020:5)
    at Object.render (/Users/zoamel/Workspace/redux-ui/node_modules/react-dom/cjs/react-dom.development.js:26103:10)
    at Object.renderIntoDocument (/Users/zoamel/Workspace/redux-ui/node_modules/react-dom/cjs/react-dom-test-utils.development.js:1598:19)
    at render (/Users/zoamel/Workspace/redux-ui/test/utils/render.js:21:25)
    at renderAndFind (/Users/zoamel/Workspace/redux-ui/test/utils/render.js:31:16)
    at Context.<anonymous> (/Users/zoamel/Workspace/redux-ui/test/ui/context.js:101:34)
    at callFn (/Users/zoamel/Workspace/redux-ui/node_modules/mocha/lib/runnable.js:326:21)
    at Test.Runnable.run (/Users/zoamel/Workspace/redux-ui/node_modules/mocha/lib/runnable.js:319:7)
    at Runner.runTest (/Users/zoamel/Workspace/redux-ui/node_modules/mocha/lib/runner.js:422:10)
    at /Users/zoamel/Workspace/redux-ui/node_modules/mocha/lib/runner.js:528:12
    at next (/Users/zoamel/Workspace/redux-ui/node_modules/mocha/lib/runner.js:342:14)
    at /Users/zoamel/Workspace/redux-ui/node_modules/mocha/lib/runner.js:352:7
    at next (/Users/zoamel/Workspace/redux-ui/node_modules/mocha/lib/runner.js:284:14)
    at Immediate._onImmediate (/Users/zoamel/Workspace/redux-ui/node_modules/mocha/lib/runner.js:320:5)
    at processImmediate (node:internal/timers:485:21)
The above error occurred in the <UI> component:

    at UI (/Users/zoamel/Workspace/redux-ui/src/ui.js:89:9)
    at ConnectFunction (/Users/zoamel/Workspace/redux-ui/node_modules/react-redux/lib/components/connectAdvanced.js:235:41)
    at Provider (/Users/zoamel/Workspace/redux-ui/node_modules/react-redux/lib/components/Provider.js:21:20)

Consider adding an error boundary to your tree to customize error handling behavior.
Visit https://reactjs.org/link/error-boundaries to learn more about error boundaries.
      7) child merges parent UI context with its own UI context
Error: Uncaught [TypeError: this.props.ui.getIn is not a function]
    at reportException (/Users/zoamel/Workspace/redux-ui/node_modules/jsdom/lib/jsdom/living/helpers/runtime-script-errors.js:66:24)
    at innerInvokeEventListeners (/Users/zoamel/Workspace/redux-ui/node_modules/jsdom/lib/jsdom/living/events/EventTarget-impl.js:353:9)
    at invokeEventListeners (/Users/zoamel/Workspace/redux-ui/node_modules/jsdom/lib/jsdom/living/events/EventTarget-impl.js:286:3)
    at HTMLUnknownElementImpl._dispatch (/Users/zoamel/Workspace/redux-ui/node_modules/jsdom/lib/jsdom/living/events/EventTarget-impl.js:233:9)
    at HTMLUnknownElementImpl.dispatchEvent (/Users/zoamel/Workspace/redux-ui/node_modules/jsdom/lib/jsdom/living/events/EventTarget-impl.js:104:17)
    at HTMLUnknownElement.dispatchEvent (/Users/zoamel/Workspace/redux-ui/node_modules/jsdom/lib/jsdom/living/generated/EventTarget.js:241:34)
    at Object.invokeGuardedCallbackDev (/Users/zoamel/Workspace/redux-ui/node_modules/react-dom/cjs/react-dom.development.js:3994:16)
    at invokeGuardedCallback (/Users/zoamel/Workspace/redux-ui/node_modules/react-dom/cjs/react-dom.development.js:4056:31)
    at beginWork$1 (/Users/zoamel/Workspace/redux-ui/node_modules/react-dom/cjs/react-dom.development.js:23964:7)
    at performUnitOfWork (/Users/zoamel/Workspace/redux-ui/node_modules/react-dom/cjs/react-dom.development.js:22779:12)
    at workLoopSync (/Users/zoamel/Workspace/redux-ui/node_modules/react-dom/cjs/react-dom.development.js:22707:5)
    at renderRootSync (/Users/zoamel/Workspace/redux-ui/node_modules/react-dom/cjs/react-dom.development.js:22670:7)
    at performSyncWorkOnRoot (/Users/zoamel/Workspace/redux-ui/node_modules/react-dom/cjs/react-dom.development.js:22293:18)
    at scheduleUpdateOnFiber (/Users/zoamel/Workspace/redux-ui/node_modules/react-dom/cjs/react-dom.development.js:21881:7)
    at updateContainer (/Users/zoamel/Workspace/redux-ui/node_modules/react-dom/cjs/react-dom.development.js:25482:3)
    at /Users/zoamel/Workspace/redux-ui/node_modules/react-dom/cjs/react-dom.development.js:26021:7
    at unbatchedUpdates (/Users/zoamel/Workspace/redux-ui/node_modules/react-dom/cjs/react-dom.development.js:22431:12)
    at legacyRenderSubtreeIntoContainer (/Users/zoamel/Workspace/redux-ui/node_modules/react-dom/cjs/react-dom.development.js:26020:5)
    at Object.render (/Users/zoamel/Workspace/redux-ui/node_modules/react-dom/cjs/react-dom.development.js:26103:10)
    at Object.renderIntoDocument (/Users/zoamel/Workspace/redux-ui/node_modules/react-dom/cjs/react-dom-test-utils.development.js:1598:19)
    at render (/Users/zoamel/Workspace/redux-ui/test/utils/render.js:21:25)
    at Context.<anonymous> (/Users/zoamel/Workspace/redux-ui/test/ui/context.js:110:26)
    at callFn (/Users/zoamel/Workspace/redux-ui/node_modules/mocha/lib/runnable.js:326:21)
    at Test.Runnable.run (/Users/zoamel/Workspace/redux-ui/node_modules/mocha/lib/runnable.js:319:7)
    at Runner.runTest (/Users/zoamel/Workspace/redux-ui/node_modules/mocha/lib/runner.js:422:10)
    at /Users/zoamel/Workspace/redux-ui/node_modules/mocha/lib/runner.js:528:12
    at next (/Users/zoamel/Workspace/redux-ui/node_modules/mocha/lib/runner.js:342:14)
    at /Users/zoamel/Workspace/redux-ui/node_modules/mocha/lib/runner.js:352:7
    at next (/Users/zoamel/Workspace/redux-ui/node_modules/mocha/lib/runner.js:284:14)
    at Immediate._onImmediate (/Users/zoamel/Workspace/redux-ui/node_modules/mocha/lib/runner.js:320:5)
    at processImmediate (node:internal/timers:485:21) TypeError: this.props.ui.getIn is not a function
    at UI.UNSAFE_componentWillMount (/Users/zoamel/Workspace/redux-ui/src/ui.js:127:35)
    at callComponentWillMount (/Users/zoamel/Workspace/redux-ui/node_modules/react-dom/cjs/react-dom.development.js:12788:14)
    at mountClassInstance (/Users/zoamel/Workspace/redux-ui/node_modules/react-dom/cjs/react-dom.development.js:12878:5)
    at updateClassComponent (/Users/zoamel/Workspace/redux-ui/node_modules/react-dom/cjs/react-dom.development.js:17426:5)
    at beginWork (/Users/zoamel/Workspace/redux-ui/node_modules/react-dom/cjs/react-dom.development.js:19073:16)
    at HTMLUnknownElement.callCallback (/Users/zoamel/Workspace/redux-ui/node_modules/react-dom/cjs/react-dom.development.js:3945:14)
    at HTMLUnknownElement.callTheUserObjectsOperation (/Users/zoamel/Workspace/redux-ui/node_modules/jsdom/lib/jsdom/living/generated/EventListener.js:26:30)
    at innerInvokeEventListeners (/Users/zoamel/Workspace/redux-ui/node_modules/jsdom/lib/jsdom/living/events/EventTarget-impl.js:350:25)
    at invokeEventListeners (/Users/zoamel/Workspace/redux-ui/node_modules/jsdom/lib/jsdom/living/events/EventTarget-impl.js:286:3)
    at HTMLUnknownElementImpl._dispatch (/Users/zoamel/Workspace/redux-ui/node_modules/jsdom/lib/jsdom/living/events/EventTarget-impl.js:233:9)
    at HTMLUnknownElementImpl.dispatchEvent (/Users/zoamel/Workspace/redux-ui/node_modules/jsdom/lib/jsdom/living/events/EventTarget-impl.js:104:17)
    at HTMLUnknownElement.dispatchEvent (/Users/zoamel/Workspace/redux-ui/node_modules/jsdom/lib/jsdom/living/generated/EventTarget.js:241:34)
    at Object.invokeGuardedCallbackDev (/Users/zoamel/Workspace/redux-ui/node_modules/react-dom/cjs/react-dom.development.js:3994:16)
    at invokeGuardedCallback (/Users/zoamel/Workspace/redux-ui/node_modules/react-dom/cjs/react-dom.development.js:4056:31)
    at beginWork$1 (/Users/zoamel/Workspace/redux-ui/node_modules/react-dom/cjs/react-dom.development.js:23964:7)
    at performUnitOfWork (/Users/zoamel/Workspace/redux-ui/node_modules/react-dom/cjs/react-dom.development.js:22779:12)
    at workLoopSync (/Users/zoamel/Workspace/redux-ui/node_modules/react-dom/cjs/react-dom.development.js:22707:5)
    at renderRootSync (/Users/zoamel/Workspace/redux-ui/node_modules/react-dom/cjs/react-dom.development.js:22670:7)
    at performSyncWorkOnRoot (/Users/zoamel/Workspace/redux-ui/node_modules/react-dom/cjs/react-dom.development.js:22293:18)
    at scheduleUpdateOnFiber (/Users/zoamel/Workspace/redux-ui/node_modules/react-dom/cjs/react-dom.development.js:21881:7)
    at updateContainer (/Users/zoamel/Workspace/redux-ui/node_modules/react-dom/cjs/react-dom.development.js:25482:3)
    at /Users/zoamel/Workspace/redux-ui/node_modules/react-dom/cjs/react-dom.development.js:26021:7
    at unbatchedUpdates (/Users/zoamel/Workspace/redux-ui/node_modules/react-dom/cjs/react-dom.development.js:22431:12)
    at legacyRenderSubtreeIntoContainer (/Users/zoamel/Workspace/redux-ui/node_modules/react-dom/cjs/react-dom.development.js:26020:5)
    at Object.render (/Users/zoamel/Workspace/redux-ui/node_modules/react-dom/cjs/react-dom.development.js:26103:10)
    at Object.renderIntoDocument (/Users/zoamel/Workspace/redux-ui/node_modules/react-dom/cjs/react-dom-test-utils.development.js:1598:19)
    at render (/Users/zoamel/Workspace/redux-ui/test/utils/render.js:21:25)
    at Context.<anonymous> (/Users/zoamel/Workspace/redux-ui/test/ui/context.js:110:26)
    at callFn (/Users/zoamel/Workspace/redux-ui/node_modules/mocha/lib/runnable.js:326:21)
    at Test.Runnable.run (/Users/zoamel/Workspace/redux-ui/node_modules/mocha/lib/runnable.js:319:7)
    at Runner.runTest (/Users/zoamel/Workspace/redux-ui/node_modules/mocha/lib/runner.js:422:10)
    at /Users/zoamel/Workspace/redux-ui/node_modules/mocha/lib/runner.js:528:12
    at next (/Users/zoamel/Workspace/redux-ui/node_modules/mocha/lib/runner.js:342:14)
    at /Users/zoamel/Workspace/redux-ui/node_modules/mocha/lib/runner.js:352:7
    at next (/Users/zoamel/Workspace/redux-ui/node_modules/mocha/lib/runner.js:284:14)
    at Immediate._onImmediate (/Users/zoamel/Workspace/redux-ui/node_modules/mocha/lib/runner.js:320:5)
    at processImmediate (node:internal/timers:485:21)
The above error occurred in the <UI> component:

    at UI (/Users/zoamel/Workspace/redux-ui/src/ui.js:89:9)
    at ConnectFunction (/Users/zoamel/Workspace/redux-ui/node_modules/react-redux/lib/components/connectAdvanced.js:235:41)
    at Provider (/Users/zoamel/Workspace/redux-ui/node_modules/react-redux/lib/components/Provider.js:21:20)

Consider adding an error boundary to your tree to customize error handling behavior.
Visit https://reactjs.org/link/error-boundaries to learn more about error boundaries.
      8) child updates own context separately from parent
Error: Uncaught [TypeError: this.props.ui.getIn is not a function]
    at reportException (/Users/zoamel/Workspace/redux-ui/node_modules/jsdom/lib/jsdom/living/helpers/runtime-script-errors.js:66:24)
    at innerInvokeEventListeners (/Users/zoamel/Workspace/redux-ui/node_modules/jsdom/lib/jsdom/living/events/EventTarget-impl.js:353:9)
    at invokeEventListeners (/Users/zoamel/Workspace/redux-ui/node_modules/jsdom/lib/jsdom/living/events/EventTarget-impl.js:286:3)
    at HTMLUnknownElementImpl._dispatch (/Users/zoamel/Workspace/redux-ui/node_modules/jsdom/lib/jsdom/living/events/EventTarget-impl.js:233:9)
    at HTMLUnknownElementImpl.dispatchEvent (/Users/zoamel/Workspace/redux-ui/node_modules/jsdom/lib/jsdom/living/events/EventTarget-impl.js:104:17)
    at HTMLUnknownElement.dispatchEvent (/Users/zoamel/Workspace/redux-ui/node_modules/jsdom/lib/jsdom/living/generated/EventTarget.js:241:34)
    at Object.invokeGuardedCallbackDev (/Users/zoamel/Workspace/redux-ui/node_modules/react-dom/cjs/react-dom.development.js:3994:16)
    at invokeGuardedCallback (/Users/zoamel/Workspace/redux-ui/node_modules/react-dom/cjs/react-dom.development.js:4056:31)
    at beginWork$1 (/Users/zoamel/Workspace/redux-ui/node_modules/react-dom/cjs/react-dom.development.js:23964:7)
    at performUnitOfWork (/Users/zoamel/Workspace/redux-ui/node_modules/react-dom/cjs/react-dom.development.js:22779:12)
    at workLoopSync (/Users/zoamel/Workspace/redux-ui/node_modules/react-dom/cjs/react-dom.development.js:22707:5)
    at renderRootSync (/Users/zoamel/Workspace/redux-ui/node_modules/react-dom/cjs/react-dom.development.js:22670:7)
    at performSyncWorkOnRoot (/Users/zoamel/Workspace/redux-ui/node_modules/react-dom/cjs/react-dom.development.js:22293:18)
    at scheduleUpdateOnFiber (/Users/zoamel/Workspace/redux-ui/node_modules/react-dom/cjs/react-dom.development.js:21881:7)
    at updateContainer (/Users/zoamel/Workspace/redux-ui/node_modules/react-dom/cjs/react-dom.development.js:25482:3)
    at /Users/zoamel/Workspace/redux-ui/node_modules/react-dom/cjs/react-dom.development.js:26021:7
    at unbatchedUpdates (/Users/zoamel/Workspace/redux-ui/node_modules/react-dom/cjs/react-dom.development.js:22431:12)
    at legacyRenderSubtreeIntoContainer (/Users/zoamel/Workspace/redux-ui/node_modules/react-dom/cjs/react-dom.development.js:26020:5)
    at Object.render (/Users/zoamel/Workspace/redux-ui/node_modules/react-dom/cjs/react-dom.development.js:26103:10)
    at Object.renderIntoDocument (/Users/zoamel/Workspace/redux-ui/node_modules/react-dom/cjs/react-dom-test-utils.development.js:1598:19)
    at render (/Users/zoamel/Workspace/redux-ui/test/utils/render.js:21:25)
    at Context.<anonymous> (/Users/zoamel/Workspace/redux-ui/test/ui/context.js:119:26)
    at callFn (/Users/zoamel/Workspace/redux-ui/node_modules/mocha/lib/runnable.js:326:21)
    at Test.Runnable.run (/Users/zoamel/Workspace/redux-ui/node_modules/mocha/lib/runnable.js:319:7)
    at Runner.runTest (/Users/zoamel/Workspace/redux-ui/node_modules/mocha/lib/runner.js:422:10)
    at /Users/zoamel/Workspace/redux-ui/node_modules/mocha/lib/runner.js:528:12
    at next (/Users/zoamel/Workspace/redux-ui/node_modules/mocha/lib/runner.js:342:14)
    at /Users/zoamel/Workspace/redux-ui/node_modules/mocha/lib/runner.js:352:7
    at next (/Users/zoamel/Workspace/redux-ui/node_modules/mocha/lib/runner.js:284:14)
    at Immediate._onImmediate (/Users/zoamel/Workspace/redux-ui/node_modules/mocha/lib/runner.js:320:5)
    at processImmediate (node:internal/timers:485:21) TypeError: this.props.ui.getIn is not a function
    at UI.UNSAFE_componentWillMount (/Users/zoamel/Workspace/redux-ui/src/ui.js:127:35)
    at callComponentWillMount (/Users/zoamel/Workspace/redux-ui/node_modules/react-dom/cjs/react-dom.development.js:12788:14)
    at mountClassInstance (/Users/zoamel/Workspace/redux-ui/node_modules/react-dom/cjs/react-dom.development.js:12878:5)
    at updateClassComponent (/Users/zoamel/Workspace/redux-ui/node_modules/react-dom/cjs/react-dom.development.js:17426:5)
    at beginWork (/Users/zoamel/Workspace/redux-ui/node_modules/react-dom/cjs/react-dom.development.js:19073:16)
    at HTMLUnknownElement.callCallback (/Users/zoamel/Workspace/redux-ui/node_modules/react-dom/cjs/react-dom.development.js:3945:14)
    at HTMLUnknownElement.callTheUserObjectsOperation (/Users/zoamel/Workspace/redux-ui/node_modules/jsdom/lib/jsdom/living/generated/EventListener.js:26:30)
    at innerInvokeEventListeners (/Users/zoamel/Workspace/redux-ui/node_modules/jsdom/lib/jsdom/living/events/EventTarget-impl.js:350:25)
    at invokeEventListeners (/Users/zoamel/Workspace/redux-ui/node_modules/jsdom/lib/jsdom/living/events/EventTarget-impl.js:286:3)
    at HTMLUnknownElementImpl._dispatch (/Users/zoamel/Workspace/redux-ui/node_modules/jsdom/lib/jsdom/living/events/EventTarget-impl.js:233:9)
    at HTMLUnknownElementImpl.dispatchEvent (/Users/zoamel/Workspace/redux-ui/node_modules/jsdom/lib/jsdom/living/events/EventTarget-impl.js:104:17)
    at HTMLUnknownElement.dispatchEvent (/Users/zoamel/Workspace/redux-ui/node_modules/jsdom/lib/jsdom/living/generated/EventTarget.js:241:34)
    at Object.invokeGuardedCallbackDev (/Users/zoamel/Workspace/redux-ui/node_modules/react-dom/cjs/react-dom.development.js:3994:16)
    at invokeGuardedCallback (/Users/zoamel/Workspace/redux-ui/node_modules/react-dom/cjs/react-dom.development.js:4056:31)
    at beginWork$1 (/Users/zoamel/Workspace/redux-ui/node_modules/react-dom/cjs/react-dom.development.js:23964:7)
    at performUnitOfWork (/Users/zoamel/Workspace/redux-ui/node_modules/react-dom/cjs/react-dom.development.js:22779:12)
    at workLoopSync (/Users/zoamel/Workspace/redux-ui/node_modules/react-dom/cjs/react-dom.development.js:22707:5)
    at renderRootSync (/Users/zoamel/Workspace/redux-ui/node_modules/react-dom/cjs/react-dom.development.js:22670:7)
    at performSyncWorkOnRoot (/Users/zoamel/Workspace/redux-ui/node_modules/react-dom/cjs/react-dom.development.js:22293:18)
    at scheduleUpdateOnFiber (/Users/zoamel/Workspace/redux-ui/node_modules/react-dom/cjs/react-dom.development.js:21881:7)
    at updateContainer (/Users/zoamel/Workspace/redux-ui/node_modules/react-dom/cjs/react-dom.development.js:25482:3)
    at /Users/zoamel/Workspace/redux-ui/node_modules/react-dom/cjs/react-dom.development.js:26021:7
    at unbatchedUpdates (/Users/zoamel/Workspace/redux-ui/node_modules/react-dom/cjs/react-dom.development.js:22431:12)
    at legacyRenderSubtreeIntoContainer (/Users/zoamel/Workspace/redux-ui/node_modules/react-dom/cjs/react-dom.development.js:26020:5)
    at Object.render (/Users/zoamel/Workspace/redux-ui/node_modules/react-dom/cjs/react-dom.development.js:26103:10)
    at Object.renderIntoDocument (/Users/zoamel/Workspace/redux-ui/node_modules/react-dom/cjs/react-dom-test-utils.development.js:1598:19)
    at render (/Users/zoamel/Workspace/redux-ui/test/utils/render.js:21:25)
    at Context.<anonymous> (/Users/zoamel/Workspace/redux-ui/test/ui/context.js:119:26)
    at callFn (/Users/zoamel/Workspace/redux-ui/node_modules/mocha/lib/runnable.js:326:21)
    at Test.Runnable.run (/Users/zoamel/Workspace/redux-ui/node_modules/mocha/lib/runnable.js:319:7)
    at Runner.runTest (/Users/zoamel/Workspace/redux-ui/node_modules/mocha/lib/runner.js:422:10)
    at /Users/zoamel/Workspace/redux-ui/node_modules/mocha/lib/runner.js:528:12
    at next (/Users/zoamel/Workspace/redux-ui/node_modules/mocha/lib/runner.js:342:14)
    at /Users/zoamel/Workspace/redux-ui/node_modules/mocha/lib/runner.js:352:7
    at next (/Users/zoamel/Workspace/redux-ui/node_modules/mocha/lib/runner.js:284:14)
    at Immediate._onImmediate (/Users/zoamel/Workspace/redux-ui/node_modules/mocha/lib/runner.js:320:5)
    at processImmediate (node:internal/timers:485:21)
The above error occurred in the <UI> component:

    at UI (/Users/zoamel/Workspace/redux-ui/src/ui.js:89:9)
    at ConnectFunction (/Users/zoamel/Workspace/redux-ui/node_modules/react-redux/lib/components/connectAdvanced.js:235:41)
    at Provider (/Users/zoamel/Workspace/redux-ui/node_modules/react-redux/lib/components/Provider.js:21:20)

Consider adding an error boundary to your tree to customize error handling behavior.
Visit https://reactjs.org/link/error-boundaries to learn more about error boundaries.
      9) child updates parent context
Error: Uncaught [TypeError: this.props.ui.getIn is not a function]
    at reportException (/Users/zoamel/Workspace/redux-ui/node_modules/jsdom/lib/jsdom/living/helpers/runtime-script-errors.js:66:24)
    at innerInvokeEventListeners (/Users/zoamel/Workspace/redux-ui/node_modules/jsdom/lib/jsdom/living/events/EventTarget-impl.js:353:9)
    at invokeEventListeners (/Users/zoamel/Workspace/redux-ui/node_modules/jsdom/lib/jsdom/living/events/EventTarget-impl.js:286:3)
    at HTMLUnknownElementImpl._dispatch (/Users/zoamel/Workspace/redux-ui/node_modules/jsdom/lib/jsdom/living/events/EventTarget-impl.js:233:9)
    at HTMLUnknownElementImpl.dispatchEvent (/Users/zoamel/Workspace/redux-ui/node_modules/jsdom/lib/jsdom/living/events/EventTarget-impl.js:104:17)
    at HTMLUnknownElement.dispatchEvent (/Users/zoamel/Workspace/redux-ui/node_modules/jsdom/lib/jsdom/living/generated/EventTarget.js:241:34)
    at Object.invokeGuardedCallbackDev (/Users/zoamel/Workspace/redux-ui/node_modules/react-dom/cjs/react-dom.development.js:3994:16)
    at invokeGuardedCallback (/Users/zoamel/Workspace/redux-ui/node_modules/react-dom/cjs/react-dom.development.js:4056:31)
    at beginWork$1 (/Users/zoamel/Workspace/redux-ui/node_modules/react-dom/cjs/react-dom.development.js:23964:7)
    at performUnitOfWork (/Users/zoamel/Workspace/redux-ui/node_modules/react-dom/cjs/react-dom.development.js:22779:12)
    at workLoopSync (/Users/zoamel/Workspace/redux-ui/node_modules/react-dom/cjs/react-dom.development.js:22707:5)
    at renderRootSync (/Users/zoamel/Workspace/redux-ui/node_modules/react-dom/cjs/react-dom.development.js:22670:7)
    at performSyncWorkOnRoot (/Users/zoamel/Workspace/redux-ui/node_modules/react-dom/cjs/react-dom.development.js:22293:18)
    at scheduleUpdateOnFiber (/Users/zoamel/Workspace/redux-ui/node_modules/react-dom/cjs/react-dom.development.js:21881:7)
    at updateContainer (/Users/zoamel/Workspace/redux-ui/node_modules/react-dom/cjs/react-dom.development.js:25482:3)
    at /Users/zoamel/Workspace/redux-ui/node_modules/react-dom/cjs/react-dom.development.js:26021:7
    at unbatchedUpdates (/Users/zoamel/Workspace/redux-ui/node_modules/react-dom/cjs/react-dom.development.js:22431:12)
    at legacyRenderSubtreeIntoContainer (/Users/zoamel/Workspace/redux-ui/node_modules/react-dom/cjs/react-dom.development.js:26020:5)
    at Object.render (/Users/zoamel/Workspace/redux-ui/node_modules/react-dom/cjs/react-dom.development.js:26103:10)
    at Object.renderIntoDocument (/Users/zoamel/Workspace/redux-ui/node_modules/react-dom/cjs/react-dom-test-utils.development.js:1598:19)
    at render (/Users/zoamel/Workspace/redux-ui/test/utils/render.js:21:25)
    at Context.<anonymous> (/Users/zoamel/Workspace/redux-ui/test/ui/context.js:129:26)
    at callFn (/Users/zoamel/Workspace/redux-ui/node_modules/mocha/lib/runnable.js:326:21)
    at Test.Runnable.run (/Users/zoamel/Workspace/redux-ui/node_modules/mocha/lib/runnable.js:319:7)
    at Runner.runTest (/Users/zoamel/Workspace/redux-ui/node_modules/mocha/lib/runner.js:422:10)
    at /Users/zoamel/Workspace/redux-ui/node_modules/mocha/lib/runner.js:528:12
    at next (/Users/zoamel/Workspace/redux-ui/node_modules/mocha/lib/runner.js:342:14)
    at /Users/zoamel/Workspace/redux-ui/node_modules/mocha/lib/runner.js:352:7
    at next (/Users/zoamel/Workspace/redux-ui/node_modules/mocha/lib/runner.js:284:14)
    at Immediate._onImmediate (/Users/zoamel/Workspace/redux-ui/node_modules/mocha/lib/runner.js:320:5)
    at processImmediate (node:internal/timers:485:21) TypeError: this.props.ui.getIn is not a function
    at UI.UNSAFE_componentWillMount (/Users/zoamel/Workspace/redux-ui/src/ui.js:127:35)
    at callComponentWillMount (/Users/zoamel/Workspace/redux-ui/node_modules/react-dom/cjs/react-dom.development.js:12788:14)
    at mountClassInstance (/Users/zoamel/Workspace/redux-ui/node_modules/react-dom/cjs/react-dom.development.js:12878:5)
    at updateClassComponent (/Users/zoamel/Workspace/redux-ui/node_modules/react-dom/cjs/react-dom.development.js:17426:5)
    at beginWork (/Users/zoamel/Workspace/redux-ui/node_modules/react-dom/cjs/react-dom.development.js:19073:16)
    at HTMLUnknownElement.callCallback (/Users/zoamel/Workspace/redux-ui/node_modules/react-dom/cjs/react-dom.development.js:3945:14)
    at HTMLUnknownElement.callTheUserObjectsOperation (/Users/zoamel/Workspace/redux-ui/node_modules/jsdom/lib/jsdom/living/generated/EventListener.js:26:30)
    at innerInvokeEventListeners (/Users/zoamel/Workspace/redux-ui/node_modules/jsdom/lib/jsdom/living/events/EventTarget-impl.js:350:25)
    at invokeEventListeners (/Users/zoamel/Workspace/redux-ui/node_modules/jsdom/lib/jsdom/living/events/EventTarget-impl.js:286:3)
    at HTMLUnknownElementImpl._dispatch (/Users/zoamel/Workspace/redux-ui/node_modules/jsdom/lib/jsdom/living/events/EventTarget-impl.js:233:9)
    at HTMLUnknownElementImpl.dispatchEvent (/Users/zoamel/Workspace/redux-ui/node_modules/jsdom/lib/jsdom/living/events/EventTarget-impl.js:104:17)
    at HTMLUnknownElement.dispatchEvent (/Users/zoamel/Workspace/redux-ui/node_modules/jsdom/lib/jsdom/living/generated/EventTarget.js:241:34)
    at Object.invokeGuardedCallbackDev (/Users/zoamel/Workspace/redux-ui/node_modules/react-dom/cjs/react-dom.development.js:3994:16)
    at invokeGuardedCallback (/Users/zoamel/Workspace/redux-ui/node_modules/react-dom/cjs/react-dom.development.js:4056:31)
    at beginWork$1 (/Users/zoamel/Workspace/redux-ui/node_modules/react-dom/cjs/react-dom.development.js:23964:7)
    at performUnitOfWork (/Users/zoamel/Workspace/redux-ui/node_modules/react-dom/cjs/react-dom.development.js:22779:12)
    at workLoopSync (/Users/zoamel/Workspace/redux-ui/node_modules/react-dom/cjs/react-dom.development.js:22707:5)
    at renderRootSync (/Users/zoamel/Workspace/redux-ui/node_modules/react-dom/cjs/react-dom.development.js:22670:7)
    at performSyncWorkOnRoot (/Users/zoamel/Workspace/redux-ui/node_modules/react-dom/cjs/react-dom.development.js:22293:18)
    at scheduleUpdateOnFiber (/Users/zoamel/Workspace/redux-ui/node_modules/react-dom/cjs/react-dom.development.js:21881:7)
    at updateContainer (/Users/zoamel/Workspace/redux-ui/node_modules/react-dom/cjs/react-dom.development.js:25482:3)
    at /Users/zoamel/Workspace/redux-ui/node_modules/react-dom/cjs/react-dom.development.js:26021:7
    at unbatchedUpdates (/Users/zoamel/Workspace/redux-ui/node_modules/react-dom/cjs/react-dom.development.js:22431:12)
    at legacyRenderSubtreeIntoContainer (/Users/zoamel/Workspace/redux-ui/node_modules/react-dom/cjs/react-dom.development.js:26020:5)
    at Object.render (/Users/zoamel/Workspace/redux-ui/node_modules/react-dom/cjs/react-dom.development.js:26103:10)
    at Object.renderIntoDocument (/Users/zoamel/Workspace/redux-ui/node_modules/react-dom/cjs/react-dom-test-utils.development.js:1598:19)
    at render (/Users/zoamel/Workspace/redux-ui/test/utils/render.js:21:25)
    at Context.<anonymous> (/Users/zoamel/Workspace/redux-ui/test/ui/context.js:129:26)
    at callFn (/Users/zoamel/Workspace/redux-ui/node_modules/mocha/lib/runnable.js:326:21)
    at Test.Runnable.run (/Users/zoamel/Workspace/redux-ui/node_modules/mocha/lib/runnable.js:319:7)
    at Runner.runTest (/Users/zoamel/Workspace/redux-ui/node_modules/mocha/lib/runner.js:422:10)
    at /Users/zoamel/Workspace/redux-ui/node_modules/mocha/lib/runner.js:528:12
    at next (/Users/zoamel/Workspace/redux-ui/node_modules/mocha/lib/runner.js:342:14)
    at /Users/zoamel/Workspace/redux-ui/node_modules/mocha/lib/runner.js:352:7
    at next (/Users/zoamel/Workspace/redux-ui/node_modules/mocha/lib/runner.js:284:14)
    at Immediate._onImmediate (/Users/zoamel/Workspace/redux-ui/node_modules/mocha/lib/runner.js:320:5)
    at processImmediate (node:internal/timers:485:21)
The above error occurred in the <UI> component:

    at UI (/Users/zoamel/Workspace/redux-ui/src/ui.js:89:9)
    at ConnectFunction (/Users/zoamel/Workspace/redux-ui/node_modules/react-redux/lib/components/connectAdvanced.js:235:41)
    at Provider (/Users/zoamel/Workspace/redux-ui/node_modules/react-redux/lib/components/Provider.js:21:20)

Consider adding an error boundary to your tree to customize error handling behavior.
Visit https://reactjs.org/link/error-boundaries to learn more about error boundaries.
      10) parent updating context sends child new context and child receives updates
      duplicating UI variable names across parent/child contexts
Error: Uncaught [TypeError: this.props.ui.getIn is not a function]
    at reportException (/Users/zoamel/Workspace/redux-ui/node_modules/jsdom/lib/jsdom/living/helpers/runtime-script-errors.js:66:24)
    at innerInvokeEventListeners (/Users/zoamel/Workspace/redux-ui/node_modules/jsdom/lib/jsdom/living/events/EventTarget-impl.js:353:9)
    at invokeEventListeners (/Users/zoamel/Workspace/redux-ui/node_modules/jsdom/lib/jsdom/living/events/EventTarget-impl.js:286:3)
    at HTMLUnknownElementImpl._dispatch (/Users/zoamel/Workspace/redux-ui/node_modules/jsdom/lib/jsdom/living/events/EventTarget-impl.js:233:9)
    at HTMLUnknownElementImpl.dispatchEvent (/Users/zoamel/Workspace/redux-ui/node_modules/jsdom/lib/jsdom/living/events/EventTarget-impl.js:104:17)
    at HTMLUnknownElement.dispatchEvent (/Users/zoamel/Workspace/redux-ui/node_modules/jsdom/lib/jsdom/living/generated/EventTarget.js:241:34)
    at Object.invokeGuardedCallbackDev (/Users/zoamel/Workspace/redux-ui/node_modules/react-dom/cjs/react-dom.development.js:3994:16)
    at invokeGuardedCallback (/Users/zoamel/Workspace/redux-ui/node_modules/react-dom/cjs/react-dom.development.js:4056:31)
    at beginWork$1 (/Users/zoamel/Workspace/redux-ui/node_modules/react-dom/cjs/react-dom.development.js:23964:7)
    at performUnitOfWork (/Users/zoamel/Workspace/redux-ui/node_modules/react-dom/cjs/react-dom.development.js:22779:12)
    at workLoopSync (/Users/zoamel/Workspace/redux-ui/node_modules/react-dom/cjs/react-dom.development.js:22707:5)
    at renderRootSync (/Users/zoamel/Workspace/redux-ui/node_modules/react-dom/cjs/react-dom.development.js:22670:7)
    at performSyncWorkOnRoot (/Users/zoamel/Workspace/redux-ui/node_modules/react-dom/cjs/react-dom.development.js:22293:18)
    at scheduleUpdateOnFiber (/Users/zoamel/Workspace/redux-ui/node_modules/react-dom/cjs/react-dom.development.js:21881:7)
    at updateContainer (/Users/zoamel/Workspace/redux-ui/node_modules/react-dom/cjs/react-dom.development.js:25482:3)
    at /Users/zoamel/Workspace/redux-ui/node_modules/react-dom/cjs/react-dom.development.js:26021:7
    at unbatchedUpdates (/Users/zoamel/Workspace/redux-ui/node_modules/react-dom/cjs/react-dom.development.js:22431:12)
    at legacyRenderSubtreeIntoContainer (/Users/zoamel/Workspace/redux-ui/node_modules/react-dom/cjs/react-dom.development.js:26020:5)
    at Object.render (/Users/zoamel/Workspace/redux-ui/node_modules/react-dom/cjs/react-dom.development.js:26103:10)
    at Object.renderIntoDocument (/Users/zoamel/Workspace/redux-ui/node_modules/react-dom/cjs/react-dom-test-utils.development.js:1598:19)
    at render (/Users/zoamel/Workspace/redux-ui/test/utils/render.js:21:25)
    at Context.<anonymous> (/Users/zoamel/Workspace/redux-ui/test/ui/context.js:147:28)
    at callFn (/Users/zoamel/Workspace/redux-ui/node_modules/mocha/lib/runnable.js:326:21)
    at Test.Runnable.run (/Users/zoamel/Workspace/redux-ui/node_modules/mocha/lib/runnable.js:319:7)
    at Runner.runTest (/Users/zoamel/Workspace/redux-ui/node_modules/mocha/lib/runner.js:422:10)
    at /Users/zoamel/Workspace/redux-ui/node_modules/mocha/lib/runner.js:528:12
    at next (/Users/zoamel/Workspace/redux-ui/node_modules/mocha/lib/runner.js:342:14)
    at /Users/zoamel/Workspace/redux-ui/node_modules/mocha/lib/runner.js:352:7
    at next (/Users/zoamel/Workspace/redux-ui/node_modules/mocha/lib/runner.js:284:14)
    at Immediate._onImmediate (/Users/zoamel/Workspace/redux-ui/node_modules/mocha/lib/runner.js:320:5)
    at processImmediate (node:internal/timers:485:21) TypeError: this.props.ui.getIn is not a function
    at UI.UNSAFE_componentWillMount (/Users/zoamel/Workspace/redux-ui/src/ui.js:127:35)
    at callComponentWillMount (/Users/zoamel/Workspace/redux-ui/node_modules/react-dom/cjs/react-dom.development.js:12788:14)
    at mountClassInstance (/Users/zoamel/Workspace/redux-ui/node_modules/react-dom/cjs/react-dom.development.js:12878:5)
    at updateClassComponent (/Users/zoamel/Workspace/redux-ui/node_modules/react-dom/cjs/react-dom.development.js:17426:5)
    at beginWork (/Users/zoamel/Workspace/redux-ui/node_modules/react-dom/cjs/react-dom.development.js:19073:16)
    at HTMLUnknownElement.callCallback (/Users/zoamel/Workspace/redux-ui/node_modules/react-dom/cjs/react-dom.development.js:3945:14)
    at HTMLUnknownElement.callTheUserObjectsOperation (/Users/zoamel/Workspace/redux-ui/node_modules/jsdom/lib/jsdom/living/generated/EventListener.js:26:30)
    at innerInvokeEventListeners (/Users/zoamel/Workspace/redux-ui/node_modules/jsdom/lib/jsdom/living/events/EventTarget-impl.js:350:25)
    at invokeEventListeners (/Users/zoamel/Workspace/redux-ui/node_modules/jsdom/lib/jsdom/living/events/EventTarget-impl.js:286:3)
    at HTMLUnknownElementImpl._dispatch (/Users/zoamel/Workspace/redux-ui/node_modules/jsdom/lib/jsdom/living/events/EventTarget-impl.js:233:9)
    at HTMLUnknownElementImpl.dispatchEvent (/Users/zoamel/Workspace/redux-ui/node_modules/jsdom/lib/jsdom/living/events/EventTarget-impl.js:104:17)
    at HTMLUnknownElement.dispatchEvent (/Users/zoamel/Workspace/redux-ui/node_modules/jsdom/lib/jsdom/living/generated/EventTarget.js:241:34)
    at Object.invokeGuardedCallbackDev (/Users/zoamel/Workspace/redux-ui/node_modules/react-dom/cjs/react-dom.development.js:3994:16)
    at invokeGuardedCallback (/Users/zoamel/Workspace/redux-ui/node_modules/react-dom/cjs/react-dom.development.js:4056:31)
    at beginWork$1 (/Users/zoamel/Workspace/redux-ui/node_modules/react-dom/cjs/react-dom.development.js:23964:7)
    at performUnitOfWork (/Users/zoamel/Workspace/redux-ui/node_modules/react-dom/cjs/react-dom.development.js:22779:12)
    at workLoopSync (/Users/zoamel/Workspace/redux-ui/node_modules/react-dom/cjs/react-dom.development.js:22707:5)
    at renderRootSync (/Users/zoamel/Workspace/redux-ui/node_modules/react-dom/cjs/react-dom.development.js:22670:7)
    at performSyncWorkOnRoot (/Users/zoamel/Workspace/redux-ui/node_modules/react-dom/cjs/react-dom.development.js:22293:18)
    at scheduleUpdateOnFiber (/Users/zoamel/Workspace/redux-ui/node_modules/react-dom/cjs/react-dom.development.js:21881:7)
    at updateContainer (/Users/zoamel/Workspace/redux-ui/node_modules/react-dom/cjs/react-dom.development.js:25482:3)
    at /Users/zoamel/Workspace/redux-ui/node_modules/react-dom/cjs/react-dom.development.js:26021:7
    at unbatchedUpdates (/Users/zoamel/Workspace/redux-ui/node_modules/react-dom/cjs/react-dom.development.js:22431:12)
    at legacyRenderSubtreeIntoContainer (/Users/zoamel/Workspace/redux-ui/node_modules/react-dom/cjs/react-dom.development.js:26020:5)
    at Object.render (/Users/zoamel/Workspace/redux-ui/node_modules/react-dom/cjs/react-dom.development.js:26103:10)
    at Object.renderIntoDocument (/Users/zoamel/Workspace/redux-ui/node_modules/react-dom/cjs/react-dom-test-utils.development.js:1598:19)
    at render (/Users/zoamel/Workspace/redux-ui/test/utils/render.js:21:25)
    at Context.<anonymous> (/Users/zoamel/Workspace/redux-ui/test/ui/context.js:147:28)
    at callFn (/Users/zoamel/Workspace/redux-ui/node_modules/mocha/lib/runnable.js:326:21)
    at Test.Runnable.run (/Users/zoamel/Workspace/redux-ui/node_modules/mocha/lib/runnable.js:319:7)
    at Runner.runTest (/Users/zoamel/Workspace/redux-ui/node_modules/mocha/lib/runner.js:422:10)
    at /Users/zoamel/Workspace/redux-ui/node_modules/mocha/lib/runner.js:528:12
    at next (/Users/zoamel/Workspace/redux-ui/node_modules/mocha/lib/runner.js:342:14)
    at /Users/zoamel/Workspace/redux-ui/node_modules/mocha/lib/runner.js:352:7
    at next (/Users/zoamel/Workspace/redux-ui/node_modules/mocha/lib/runner.js:284:14)
    at Immediate._onImmediate (/Users/zoamel/Workspace/redux-ui/node_modules/mocha/lib/runner.js:320:5)
    at processImmediate (node:internal/timers:485:21)
The above error occurred in the <UI> component:

    at UI (/Users/zoamel/Workspace/redux-ui/src/ui.js:89:9)
    at ConnectFunction (/Users/zoamel/Workspace/redux-ui/node_modules/react-redux/lib/components/connectAdvanced.js:235:41)
    at Provider (/Users/zoamel/Workspace/redux-ui/node_modules/react-redux/lib/components/Provider.js:21:20)

Consider adding an error boundary to your tree to customize error handling behavior.
Visit https://reactjs.org/link/error-boundaries to learn more about error boundaries.
        11) parent and child store state separately
Error: Uncaught [TypeError: this.props.ui.getIn is not a function]
    at reportException (/Users/zoamel/Workspace/redux-ui/node_modules/jsdom/lib/jsdom/living/helpers/runtime-script-errors.js:66:24)
    at innerInvokeEventListeners (/Users/zoamel/Workspace/redux-ui/node_modules/jsdom/lib/jsdom/living/events/EventTarget-impl.js:353:9)
    at invokeEventListeners (/Users/zoamel/Workspace/redux-ui/node_modules/jsdom/lib/jsdom/living/events/EventTarget-impl.js:286:3)
    at HTMLUnknownElementImpl._dispatch (/Users/zoamel/Workspace/redux-ui/node_modules/jsdom/lib/jsdom/living/events/EventTarget-impl.js:233:9)
    at HTMLUnknownElementImpl.dispatchEvent (/Users/zoamel/Workspace/redux-ui/node_modules/jsdom/lib/jsdom/living/events/EventTarget-impl.js:104:17)
    at HTMLUnknownElement.dispatchEvent (/Users/zoamel/Workspace/redux-ui/node_modules/jsdom/lib/jsdom/living/generated/EventTarget.js:241:34)
    at Object.invokeGuardedCallbackDev (/Users/zoamel/Workspace/redux-ui/node_modules/react-dom/cjs/react-dom.development.js:3994:16)
    at invokeGuardedCallback (/Users/zoamel/Workspace/redux-ui/node_modules/react-dom/cjs/react-dom.development.js:4056:31)
    at beginWork$1 (/Users/zoamel/Workspace/redux-ui/node_modules/react-dom/cjs/react-dom.development.js:23964:7)
    at performUnitOfWork (/Users/zoamel/Workspace/redux-ui/node_modules/react-dom/cjs/react-dom.development.js:22779:12)
    at workLoopSync (/Users/zoamel/Workspace/redux-ui/node_modules/react-dom/cjs/react-dom.development.js:22707:5)
    at renderRootSync (/Users/zoamel/Workspace/redux-ui/node_modules/react-dom/cjs/react-dom.development.js:22670:7)
    at performSyncWorkOnRoot (/Users/zoamel/Workspace/redux-ui/node_modules/react-dom/cjs/react-dom.development.js:22293:18)
    at scheduleUpdateOnFiber (/Users/zoamel/Workspace/redux-ui/node_modules/react-dom/cjs/react-dom.development.js:21881:7)
    at updateContainer (/Users/zoamel/Workspace/redux-ui/node_modules/react-dom/cjs/react-dom.development.js:25482:3)
    at /Users/zoamel/Workspace/redux-ui/node_modules/react-dom/cjs/react-dom.development.js:26021:7
    at unbatchedUpdates (/Users/zoamel/Workspace/redux-ui/node_modules/react-dom/cjs/react-dom.development.js:22431:12)
    at legacyRenderSubtreeIntoContainer (/Users/zoamel/Workspace/redux-ui/node_modules/react-dom/cjs/react-dom.development.js:26020:5)
    at Object.render (/Users/zoamel/Workspace/redux-ui/node_modules/react-dom/cjs/react-dom.development.js:26103:10)
    at Object.renderIntoDocument (/Users/zoamel/Workspace/redux-ui/node_modules/react-dom/cjs/react-dom-test-utils.development.js:1598:19)
    at render (/Users/zoamel/Workspace/redux-ui/test/utils/render.js:21:25)
    at Context.<anonymous> (/Users/zoamel/Workspace/redux-ui/test/ui/context.js:156:28)
    at callFn (/Users/zoamel/Workspace/redux-ui/node_modules/mocha/lib/runnable.js:326:21)
    at Test.Runnable.run (/Users/zoamel/Workspace/redux-ui/node_modules/mocha/lib/runnable.js:319:7)
    at Runner.runTest (/Users/zoamel/Workspace/redux-ui/node_modules/mocha/lib/runner.js:422:10)
    at /Users/zoamel/Workspace/redux-ui/node_modules/mocha/lib/runner.js:528:12
    at next (/Users/zoamel/Workspace/redux-ui/node_modules/mocha/lib/runner.js:342:14)
    at /Users/zoamel/Workspace/redux-ui/node_modules/mocha/lib/runner.js:352:7
    at next (/Users/zoamel/Workspace/redux-ui/node_modules/mocha/lib/runner.js:284:14)
    at Immediate._onImmediate (/Users/zoamel/Workspace/redux-ui/node_modules/mocha/lib/runner.js:320:5)
    at processImmediate (node:internal/timers:485:21) TypeError: this.props.ui.getIn is not a function
    at UI.UNSAFE_componentWillMount (/Users/zoamel/Workspace/redux-ui/src/ui.js:127:35)
    at callComponentWillMount (/Users/zoamel/Workspace/redux-ui/node_modules/react-dom/cjs/react-dom.development.js:12788:14)
    at mountClassInstance (/Users/zoamel/Workspace/redux-ui/node_modules/react-dom/cjs/react-dom.development.js:12878:5)
    at updateClassComponent (/Users/zoamel/Workspace/redux-ui/node_modules/react-dom/cjs/react-dom.development.js:17426:5)
    at beginWork (/Users/zoamel/Workspace/redux-ui/node_modules/react-dom/cjs/react-dom.development.js:19073:16)
    at HTMLUnknownElement.callCallback (/Users/zoamel/Workspace/redux-ui/node_modules/react-dom/cjs/react-dom.development.js:3945:14)
    at HTMLUnknownElement.callTheUserObjectsOperation (/Users/zoamel/Workspace/redux-ui/node_modules/jsdom/lib/jsdom/living/generated/EventListener.js:26:30)
    at innerInvokeEventListeners (/Users/zoamel/Workspace/redux-ui/node_modules/jsdom/lib/jsdom/living/events/EventTarget-impl.js:350:25)
    at invokeEventListeners (/Users/zoamel/Workspace/redux-ui/node_modules/jsdom/lib/jsdom/living/events/EventTarget-impl.js:286:3)
    at HTMLUnknownElementImpl._dispatch (/Users/zoamel/Workspace/redux-ui/node_modules/jsdom/lib/jsdom/living/events/EventTarget-impl.js:233:9)
    at HTMLUnknownElementImpl.dispatchEvent (/Users/zoamel/Workspace/redux-ui/node_modules/jsdom/lib/jsdom/living/events/EventTarget-impl.js:104:17)
    at HTMLUnknownElement.dispatchEvent (/Users/zoamel/Workspace/redux-ui/node_modules/jsdom/lib/jsdom/living/generated/EventTarget.js:241:34)
    at Object.invokeGuardedCallbackDev (/Users/zoamel/Workspace/redux-ui/node_modules/react-dom/cjs/react-dom.development.js:3994:16)
    at invokeGuardedCallback (/Users/zoamel/Workspace/redux-ui/node_modules/react-dom/cjs/react-dom.development.js:4056:31)
    at beginWork$1 (/Users/zoamel/Workspace/redux-ui/node_modules/react-dom/cjs/react-dom.development.js:23964:7)
    at performUnitOfWork (/Users/zoamel/Workspace/redux-ui/node_modules/react-dom/cjs/react-dom.development.js:22779:12)
    at workLoopSync (/Users/zoamel/Workspace/redux-ui/node_modules/react-dom/cjs/react-dom.development.js:22707:5)
    at renderRootSync (/Users/zoamel/Workspace/redux-ui/node_modules/react-dom/cjs/react-dom.development.js:22670:7)
    at performSyncWorkOnRoot (/Users/zoamel/Workspace/redux-ui/node_modules/react-dom/cjs/react-dom.development.js:22293:18)
    at scheduleUpdateOnFiber (/Users/zoamel/Workspace/redux-ui/node_modules/react-dom/cjs/react-dom.development.js:21881:7)
    at updateContainer (/Users/zoamel/Workspace/redux-ui/node_modules/react-dom/cjs/react-dom.development.js:25482:3)
    at /Users/zoamel/Workspace/redux-ui/node_modules/react-dom/cjs/react-dom.development.js:26021:7
    at unbatchedUpdates (/Users/zoamel/Workspace/redux-ui/node_modules/react-dom/cjs/react-dom.development.js:22431:12)
    at legacyRenderSubtreeIntoContainer (/Users/zoamel/Workspace/redux-ui/node_modules/react-dom/cjs/react-dom.development.js:26020:5)
    at Object.render (/Users/zoamel/Workspace/redux-ui/node_modules/react-dom/cjs/react-dom.development.js:26103:10)
    at Object.renderIntoDocument (/Users/zoamel/Workspace/redux-ui/node_modules/react-dom/cjs/react-dom-test-utils.development.js:1598:19)
    at render (/Users/zoamel/Workspace/redux-ui/test/utils/render.js:21:25)
    at Context.<anonymous> (/Users/zoamel/Workspace/redux-ui/test/ui/context.js:156:28)
    at callFn (/Users/zoamel/Workspace/redux-ui/node_modules/mocha/lib/runnable.js:326:21)
    at Test.Runnable.run (/Users/zoamel/Workspace/redux-ui/node_modules/mocha/lib/runnable.js:319:7)
    at Runner.runTest (/Users/zoamel/Workspace/redux-ui/node_modules/mocha/lib/runner.js:422:10)
    at /Users/zoamel/Workspace/redux-ui/node_modules/mocha/lib/runner.js:528:12
    at next (/Users/zoamel/Workspace/redux-ui/node_modules/mocha/lib/runner.js:342:14)
    at /Users/zoamel/Workspace/redux-ui/node_modules/mocha/lib/runner.js:352:7
    at next (/Users/zoamel/Workspace/redux-ui/node_modules/mocha/lib/runner.js:284:14)
    at Immediate._onImmediate (/Users/zoamel/Workspace/redux-ui/node_modules/mocha/lib/runner.js:320:5)
    at processImmediate (node:internal/timers:485:21)
The above error occurred in the <UI> component:

    at UI (/Users/zoamel/Workspace/redux-ui/src/ui.js:89:9)
    at ConnectFunction (/Users/zoamel/Workspace/redux-ui/node_modules/react-redux/lib/components/connectAdvanced.js:235:41)
    at Provider (/Users/zoamel/Workspace/redux-ui/node_modules/react-redux/lib/components/Provider.js:21:20)

Consider adding an error boundary to your tree to customize error handling behavior.
Visit https://reactjs.org/link/error-boundaries to learn more about error boundaries.
        12) parent updates context separately from parent
Error: Uncaught [TypeError: this.props.ui.getIn is not a function]
    at reportException (/Users/zoamel/Workspace/redux-ui/node_modules/jsdom/lib/jsdom/living/helpers/runtime-script-errors.js:66:24)
    at innerInvokeEventListeners (/Users/zoamel/Workspace/redux-ui/node_modules/jsdom/lib/jsdom/living/events/EventTarget-impl.js:353:9)
    at invokeEventListeners (/Users/zoamel/Workspace/redux-ui/node_modules/jsdom/lib/jsdom/living/events/EventTarget-impl.js:286:3)
    at HTMLUnknownElementImpl._dispatch (/Users/zoamel/Workspace/redux-ui/node_modules/jsdom/lib/jsdom/living/events/EventTarget-impl.js:233:9)
    at HTMLUnknownElementImpl.dispatchEvent (/Users/zoamel/Workspace/redux-ui/node_modules/jsdom/lib/jsdom/living/events/EventTarget-impl.js:104:17)
    at HTMLUnknownElement.dispatchEvent (/Users/zoamel/Workspace/redux-ui/node_modules/jsdom/lib/jsdom/living/generated/EventTarget.js:241:34)
    at Object.invokeGuardedCallbackDev (/Users/zoamel/Workspace/redux-ui/node_modules/react-dom/cjs/react-dom.development.js:3994:16)
    at invokeGuardedCallback (/Users/zoamel/Workspace/redux-ui/node_modules/react-dom/cjs/react-dom.development.js:4056:31)
    at beginWork$1 (/Users/zoamel/Workspace/redux-ui/node_modules/react-dom/cjs/react-dom.development.js:23964:7)
    at performUnitOfWork (/Users/zoamel/Workspace/redux-ui/node_modules/react-dom/cjs/react-dom.development.js:22779:12)
    at workLoopSync (/Users/zoamel/Workspace/redux-ui/node_modules/react-dom/cjs/react-dom.development.js:22707:5)
    at renderRootSync (/Users/zoamel/Workspace/redux-ui/node_modules/react-dom/cjs/react-dom.development.js:22670:7)
    at performSyncWorkOnRoot (/Users/zoamel/Workspace/redux-ui/node_modules/react-dom/cjs/react-dom.development.js:22293:18)
    at scheduleUpdateOnFiber (/Users/zoamel/Workspace/redux-ui/node_modules/react-dom/cjs/react-dom.development.js:21881:7)
    at updateContainer (/Users/zoamel/Workspace/redux-ui/node_modules/react-dom/cjs/react-dom.development.js:25482:3)
    at /Users/zoamel/Workspace/redux-ui/node_modules/react-dom/cjs/react-dom.development.js:26021:7
    at unbatchedUpdates (/Users/zoamel/Workspace/redux-ui/node_modules/react-dom/cjs/react-dom.development.js:22431:12)
    at legacyRenderSubtreeIntoContainer (/Users/zoamel/Workspace/redux-ui/node_modules/react-dom/cjs/react-dom.development.js:26020:5)
    at Object.render (/Users/zoamel/Workspace/redux-ui/node_modules/react-dom/cjs/react-dom.development.js:26103:10)
    at Object.renderIntoDocument (/Users/zoamel/Workspace/redux-ui/node_modules/react-dom/cjs/react-dom-test-utils.development.js:1598:19)
    at render (/Users/zoamel/Workspace/redux-ui/test/utils/render.js:21:25)
    at Context.<anonymous> (/Users/zoamel/Workspace/redux-ui/test/ui/context.js:167:28)
    at callFn (/Users/zoamel/Workspace/redux-ui/node_modules/mocha/lib/runnable.js:326:21)
    at Test.Runnable.run (/Users/zoamel/Workspace/redux-ui/node_modules/mocha/lib/runnable.js:319:7)
    at Runner.runTest (/Users/zoamel/Workspace/redux-ui/node_modules/mocha/lib/runner.js:422:10)
    at /Users/zoamel/Workspace/redux-ui/node_modules/mocha/lib/runner.js:528:12
    at next (/Users/zoamel/Workspace/redux-ui/node_modules/mocha/lib/runner.js:342:14)
    at /Users/zoamel/Workspace/redux-ui/node_modules/mocha/lib/runner.js:352:7
    at next (/Users/zoamel/Workspace/redux-ui/node_modules/mocha/lib/runner.js:284:14)
    at Immediate._onImmediate (/Users/zoamel/Workspace/redux-ui/node_modules/mocha/lib/runner.js:320:5)
    at processImmediate (node:internal/timers:485:21) TypeError: this.props.ui.getIn is not a function
    at UI.UNSAFE_componentWillMount (/Users/zoamel/Workspace/redux-ui/src/ui.js:127:35)
    at callComponentWillMount (/Users/zoamel/Workspace/redux-ui/node_modules/react-dom/cjs/react-dom.development.js:12788:14)
    at mountClassInstance (/Users/zoamel/Workspace/redux-ui/node_modules/react-dom/cjs/react-dom.development.js:12878:5)
    at updateClassComponent (/Users/zoamel/Workspace/redux-ui/node_modules/react-dom/cjs/react-dom.development.js:17426:5)
    at beginWork (/Users/zoamel/Workspace/redux-ui/node_modules/react-dom/cjs/react-dom.development.js:19073:16)
    at HTMLUnknownElement.callCallback (/Users/zoamel/Workspace/redux-ui/node_modules/react-dom/cjs/react-dom.development.js:3945:14)
    at HTMLUnknownElement.callTheUserObjectsOperation (/Users/zoamel/Workspace/redux-ui/node_modules/jsdom/lib/jsdom/living/generated/EventListener.js:26:30)
    at innerInvokeEventListeners (/Users/zoamel/Workspace/redux-ui/node_modules/jsdom/lib/jsdom/living/events/EventTarget-impl.js:350:25)
    at invokeEventListeners (/Users/zoamel/Workspace/redux-ui/node_modules/jsdom/lib/jsdom/living/events/EventTarget-impl.js:286:3)
    at HTMLUnknownElementImpl._dispatch (/Users/zoamel/Workspace/redux-ui/node_modules/jsdom/lib/jsdom/living/events/EventTarget-impl.js:233:9)
    at HTMLUnknownElementImpl.dispatchEvent (/Users/zoamel/Workspace/redux-ui/node_modules/jsdom/lib/jsdom/living/events/EventTarget-impl.js:104:17)
    at HTMLUnknownElement.dispatchEvent (/Users/zoamel/Workspace/redux-ui/node_modules/jsdom/lib/jsdom/living/generated/EventTarget.js:241:34)
    at Object.invokeGuardedCallbackDev (/Users/zoamel/Workspace/redux-ui/node_modules/react-dom/cjs/react-dom.development.js:3994:16)
    at invokeGuardedCallback (/Users/zoamel/Workspace/redux-ui/node_modules/react-dom/cjs/react-dom.development.js:4056:31)
    at beginWork$1 (/Users/zoamel/Workspace/redux-ui/node_modules/react-dom/cjs/react-dom.development.js:23964:7)
    at performUnitOfWork (/Users/zoamel/Workspace/redux-ui/node_modules/react-dom/cjs/react-dom.development.js:22779:12)
    at workLoopSync (/Users/zoamel/Workspace/redux-ui/node_modules/react-dom/cjs/react-dom.development.js:22707:5)
    at renderRootSync (/Users/zoamel/Workspace/redux-ui/node_modules/react-dom/cjs/react-dom.development.js:22670:7)
    at performSyncWorkOnRoot (/Users/zoamel/Workspace/redux-ui/node_modules/react-dom/cjs/react-dom.development.js:22293:18)
    at scheduleUpdateOnFiber (/Users/zoamel/Workspace/redux-ui/node_modules/react-dom/cjs/react-dom.development.js:21881:7)
    at updateContainer (/Users/zoamel/Workspace/redux-ui/node_modules/react-dom/cjs/react-dom.development.js:25482:3)
    at /Users/zoamel/Workspace/redux-ui/node_modules/react-dom/cjs/react-dom.development.js:26021:7
    at unbatchedUpdates (/Users/zoamel/Workspace/redux-ui/node_modules/react-dom/cjs/react-dom.development.js:22431:12)
    at legacyRenderSubtreeIntoContainer (/Users/zoamel/Workspace/redux-ui/node_modules/react-dom/cjs/react-dom.development.js:26020:5)
    at Object.render (/Users/zoamel/Workspace/redux-ui/node_modules/react-dom/cjs/react-dom.development.js:26103:10)
    at Object.renderIntoDocument (/Users/zoamel/Workspace/redux-ui/node_modules/react-dom/cjs/react-dom-test-utils.development.js:1598:19)
    at render (/Users/zoamel/Workspace/redux-ui/test/utils/render.js:21:25)
    at Context.<anonymous> (/Users/zoamel/Workspace/redux-ui/test/ui/context.js:167:28)
    at callFn (/Users/zoamel/Workspace/redux-ui/node_modules/mocha/lib/runnable.js:326:21)
    at Test.Runnable.run (/Users/zoamel/Workspace/redux-ui/node_modules/mocha/lib/runnable.js:319:7)
    at Runner.runTest (/Users/zoamel/Workspace/redux-ui/node_modules/mocha/lib/runner.js:422:10)
    at /Users/zoamel/Workspace/redux-ui/node_modules/mocha/lib/runner.js:528:12
    at next (/Users/zoamel/Workspace/redux-ui/node_modules/mocha/lib/runner.js:342:14)
    at /Users/zoamel/Workspace/redux-ui/node_modules/mocha/lib/runner.js:352:7
    at next (/Users/zoamel/Workspace/redux-ui/node_modules/mocha/lib/runner.js:284:14)
    at Immediate._onImmediate (/Users/zoamel/Workspace/redux-ui/node_modules/mocha/lib/runner.js:320:5)
    at processImmediate (node:internal/timers:485:21)
The above error occurred in the <UI> component:

    at UI (/Users/zoamel/Workspace/redux-ui/src/ui.js:89:9)
    at ConnectFunction (/Users/zoamel/Workspace/redux-ui/node_modules/react-redux/lib/components/connectAdvanced.js:235:41)
    at Provider (/Users/zoamel/Workspace/redux-ui/node_modules/react-redux/lib/components/Provider.js:21:20)

Consider adding an error boundary to your tree to customize error handling behavior.
Visit https://reactjs.org/link/error-boundaries to learn more about error boundaries.
        13) child updates context separately from parent
    shared contexts
Error: Uncaught [TypeError: this.props.ui.getIn is not a function]
    at reportException (/Users/zoamel/Workspace/redux-ui/node_modules/jsdom/lib/jsdom/living/helpers/runtime-script-errors.js:66:24)
    at innerInvokeEventListeners (/Users/zoamel/Workspace/redux-ui/node_modules/jsdom/lib/jsdom/living/events/EventTarget-impl.js:353:9)
    at invokeEventListeners (/Users/zoamel/Workspace/redux-ui/node_modules/jsdom/lib/jsdom/living/events/EventTarget-impl.js:286:3)
    at HTMLUnknownElementImpl._dispatch (/Users/zoamel/Workspace/redux-ui/node_modules/jsdom/lib/jsdom/living/events/EventTarget-impl.js:233:9)
    at HTMLUnknownElementImpl.dispatchEvent (/Users/zoamel/Workspace/redux-ui/node_modules/jsdom/lib/jsdom/living/events/EventTarget-impl.js:104:17)
    at HTMLUnknownElement.dispatchEvent (/Users/zoamel/Workspace/redux-ui/node_modules/jsdom/lib/jsdom/living/generated/EventTarget.js:241:34)
    at Object.invokeGuardedCallbackDev (/Users/zoamel/Workspace/redux-ui/node_modules/react-dom/cjs/react-dom.development.js:3994:16)
    at invokeGuardedCallback (/Users/zoamel/Workspace/redux-ui/node_modules/react-dom/cjs/react-dom.development.js:4056:31)
    at beginWork$1 (/Users/zoamel/Workspace/redux-ui/node_modules/react-dom/cjs/react-dom.development.js:23964:7)
    at performUnitOfWork (/Users/zoamel/Workspace/redux-ui/node_modules/react-dom/cjs/react-dom.development.js:22779:12)
    at workLoopSync (/Users/zoamel/Workspace/redux-ui/node_modules/react-dom/cjs/react-dom.development.js:22707:5)
    at renderRootSync (/Users/zoamel/Workspace/redux-ui/node_modules/react-dom/cjs/react-dom.development.js:22670:7)
    at performSyncWorkOnRoot (/Users/zoamel/Workspace/redux-ui/node_modules/react-dom/cjs/react-dom.development.js:22293:18)
    at scheduleUpdateOnFiber (/Users/zoamel/Workspace/redux-ui/node_modules/react-dom/cjs/react-dom.development.js:21881:7)
    at updateContainer (/Users/zoamel/Workspace/redux-ui/node_modules/react-dom/cjs/react-dom.development.js:25482:3)
    at /Users/zoamel/Workspace/redux-ui/node_modules/react-dom/cjs/react-dom.development.js:26021:7
    at unbatchedUpdates (/Users/zoamel/Workspace/redux-ui/node_modules/react-dom/cjs/react-dom.development.js:22431:12)
    at legacyRenderSubtreeIntoContainer (/Users/zoamel/Workspace/redux-ui/node_modules/react-dom/cjs/react-dom.development.js:26020:5)
    at Object.render (/Users/zoamel/Workspace/redux-ui/node_modules/react-dom/cjs/react-dom.development.js:26103:10)
    at Object.renderIntoDocument (/Users/zoamel/Workspace/redux-ui/node_modules/react-dom/cjs/react-dom-test-utils.development.js:1598:19)
    at render (/Users/zoamel/Workspace/redux-ui/test/utils/render.js:21:25)
    at Context.<anonymous> (/Users/zoamel/Workspace/redux-ui/test/ui/context.js:193:28)
    at callFn (/Users/zoamel/Workspace/redux-ui/node_modules/mocha/lib/runnable.js:326:21)
    at Test.Runnable.run (/Users/zoamel/Workspace/redux-ui/node_modules/mocha/lib/runnable.js:319:7)
    at Runner.runTest (/Users/zoamel/Workspace/redux-ui/node_modules/mocha/lib/runner.js:422:10)
    at /Users/zoamel/Workspace/redux-ui/node_modules/mocha/lib/runner.js:528:12
    at next (/Users/zoamel/Workspace/redux-ui/node_modules/mocha/lib/runner.js:342:14)
    at /Users/zoamel/Workspace/redux-ui/node_modules/mocha/lib/runner.js:352:7
    at next (/Users/zoamel/Workspace/redux-ui/node_modules/mocha/lib/runner.js:284:14)
    at Immediate._onImmediate (/Users/zoamel/Workspace/redux-ui/node_modules/mocha/lib/runner.js:320:5)
    at processImmediate (node:internal/timers:485:21) TypeError: this.props.ui.getIn is not a function
    at UI.UNSAFE_componentWillMount (/Users/zoamel/Workspace/redux-ui/src/ui.js:127:35)
    at callComponentWillMount (/Users/zoamel/Workspace/redux-ui/node_modules/react-dom/cjs/react-dom.development.js:12788:14)
    at mountClassInstance (/Users/zoamel/Workspace/redux-ui/node_modules/react-dom/cjs/react-dom.development.js:12878:5)
    at updateClassComponent (/Users/zoamel/Workspace/redux-ui/node_modules/react-dom/cjs/react-dom.development.js:17426:5)
    at beginWork (/Users/zoamel/Workspace/redux-ui/node_modules/react-dom/cjs/react-dom.development.js:19073:16)
    at HTMLUnknownElement.callCallback (/Users/zoamel/Workspace/redux-ui/node_modules/react-dom/cjs/react-dom.development.js:3945:14)
    at HTMLUnknownElement.callTheUserObjectsOperation (/Users/zoamel/Workspace/redux-ui/node_modules/jsdom/lib/jsdom/living/generated/EventListener.js:26:30)
    at innerInvokeEventListeners (/Users/zoamel/Workspace/redux-ui/node_modules/jsdom/lib/jsdom/living/events/EventTarget-impl.js:350:25)
    at invokeEventListeners (/Users/zoamel/Workspace/redux-ui/node_modules/jsdom/lib/jsdom/living/events/EventTarget-impl.js:286:3)
    at HTMLUnknownElementImpl._dispatch (/Users/zoamel/Workspace/redux-ui/node_modules/jsdom/lib/jsdom/living/events/EventTarget-impl.js:233:9)
    at HTMLUnknownElementImpl.dispatchEvent (/Users/zoamel/Workspace/redux-ui/node_modules/jsdom/lib/jsdom/living/events/EventTarget-impl.js:104:17)
    at HTMLUnknownElement.dispatchEvent (/Users/zoamel/Workspace/redux-ui/node_modules/jsdom/lib/jsdom/living/generated/EventTarget.js:241:34)
    at Object.invokeGuardedCallbackDev (/Users/zoamel/Workspace/redux-ui/node_modules/react-dom/cjs/react-dom.development.js:3994:16)
    at invokeGuardedCallback (/Users/zoamel/Workspace/redux-ui/node_modules/react-dom/cjs/react-dom.development.js:4056:31)
    at beginWork$1 (/Users/zoamel/Workspace/redux-ui/node_modules/react-dom/cjs/react-dom.development.js:23964:7)
    at performUnitOfWork (/Users/zoamel/Workspace/redux-ui/node_modules/react-dom/cjs/react-dom.development.js:22779:12)
    at workLoopSync (/Users/zoamel/Workspace/redux-ui/node_modules/react-dom/cjs/react-dom.development.js:22707:5)
    at renderRootSync (/Users/zoamel/Workspace/redux-ui/node_modules/react-dom/cjs/react-dom.development.js:22670:7)
    at performSyncWorkOnRoot (/Users/zoamel/Workspace/redux-ui/node_modules/react-dom/cjs/react-dom.development.js:22293:18)
    at scheduleUpdateOnFiber (/Users/zoamel/Workspace/redux-ui/node_modules/react-dom/cjs/react-dom.development.js:21881:7)
    at updateContainer (/Users/zoamel/Workspace/redux-ui/node_modules/react-dom/cjs/react-dom.development.js:25482:3)
    at /Users/zoamel/Workspace/redux-ui/node_modules/react-dom/cjs/react-dom.development.js:26021:7
    at unbatchedUpdates (/Users/zoamel/Workspace/redux-ui/node_modules/react-dom/cjs/react-dom.development.js:22431:12)
    at legacyRenderSubtreeIntoContainer (/Users/zoamel/Workspace/redux-ui/node_modules/react-dom/cjs/react-dom.development.js:26020:5)
    at Object.render (/Users/zoamel/Workspace/redux-ui/node_modules/react-dom/cjs/react-dom.development.js:26103:10)
    at Object.renderIntoDocument (/Users/zoamel/Workspace/redux-ui/node_modules/react-dom/cjs/react-dom-test-utils.development.js:1598:19)
    at render (/Users/zoamel/Workspace/redux-ui/test/utils/render.js:21:25)
    at Context.<anonymous> (/Users/zoamel/Workspace/redux-ui/test/ui/context.js:193:28)
    at callFn (/Users/zoamel/Workspace/redux-ui/node_modules/mocha/lib/runnable.js:326:21)
    at Test.Runnable.run (/Users/zoamel/Workspace/redux-ui/node_modules/mocha/lib/runnable.js:319:7)
    at Runner.runTest (/Users/zoamel/Workspace/redux-ui/node_modules/mocha/lib/runner.js:422:10)
    at /Users/zoamel/Workspace/redux-ui/node_modules/mocha/lib/runner.js:528:12
    at next (/Users/zoamel/Workspace/redux-ui/node_modules/mocha/lib/runner.js:342:14)
    at /Users/zoamel/Workspace/redux-ui/node_modules/mocha/lib/runner.js:352:7
    at next (/Users/zoamel/Workspace/redux-ui/node_modules/mocha/lib/runner.js:284:14)
    at Immediate._onImmediate (/Users/zoamel/Workspace/redux-ui/node_modules/mocha/lib/runner.js:320:5)
    at processImmediate (node:internal/timers:485:21)
Error: Uncaught [TypeError: this.props.ui.getIn is not a function]
    at reportException (/Users/zoamel/Workspace/redux-ui/node_modules/jsdom/lib/jsdom/living/helpers/runtime-script-errors.js:66:24)
    at innerInvokeEventListeners (/Users/zoamel/Workspace/redux-ui/node_modules/jsdom/lib/jsdom/living/events/EventTarget-impl.js:353:9)
    at invokeEventListeners (/Users/zoamel/Workspace/redux-ui/node_modules/jsdom/lib/jsdom/living/events/EventTarget-impl.js:286:3)
    at HTMLUnknownElementImpl._dispatch (/Users/zoamel/Workspace/redux-ui/node_modules/jsdom/lib/jsdom/living/events/EventTarget-impl.js:233:9)
    at HTMLUnknownElementImpl.dispatchEvent (/Users/zoamel/Workspace/redux-ui/node_modules/jsdom/lib/jsdom/living/events/EventTarget-impl.js:104:17)
    at HTMLUnknownElement.dispatchEvent (/Users/zoamel/Workspace/redux-ui/node_modules/jsdom/lib/jsdom/living/generated/EventTarget.js:241:34)
    at Object.invokeGuardedCallbackDev (/Users/zoamel/Workspace/redux-ui/node_modules/react-dom/cjs/react-dom.development.js:3994:16)
    at invokeGuardedCallback (/Users/zoamel/Workspace/redux-ui/node_modules/react-dom/cjs/react-dom.development.js:4056:31)
    at beginWork$1 (/Users/zoamel/Workspace/redux-ui/node_modules/react-dom/cjs/react-dom.development.js:23964:7)
    at performUnitOfWork (/Users/zoamel/Workspace/redux-ui/node_modules/react-dom/cjs/react-dom.development.js:22779:12)
    at workLoopSync (/Users/zoamel/Workspace/redux-ui/node_modules/react-dom/cjs/react-dom.development.js:22707:5)
    at renderRootSync (/Users/zoamel/Workspace/redux-ui/node_modules/react-dom/cjs/react-dom.development.js:22670:7)
    at performSyncWorkOnRoot (/Users/zoamel/Workspace/redux-ui/node_modules/react-dom/cjs/react-dom.development.js:22293:18)
    at scheduleUpdateOnFiber (/Users/zoamel/Workspace/redux-ui/node_modules/react-dom/cjs/react-dom.development.js:21881:7)
    at updateContainer (/Users/zoamel/Workspace/redux-ui/node_modules/react-dom/cjs/react-dom.development.js:25482:3)
    at /Users/zoamel/Workspace/redux-ui/node_modules/react-dom/cjs/react-dom.development.js:26021:7
    at unbatchedUpdates (/Users/zoamel/Workspace/redux-ui/node_modules/react-dom/cjs/react-dom.development.js:22431:12)
    at legacyRenderSubtreeIntoContainer (/Users/zoamel/Workspace/redux-ui/node_modules/react-dom/cjs/react-dom.development.js:26020:5)
    at Object.render (/Users/zoamel/Workspace/redux-ui/node_modules/react-dom/cjs/react-dom.development.js:26103:10)
    at Object.renderIntoDocument (/Users/zoamel/Workspace/redux-ui/node_modules/react-dom/cjs/react-dom-test-utils.development.js:1598:19)
    at render (/Users/zoamel/Workspace/redux-ui/test/utils/render.js:21:25)
    at Context.<anonymous> (/Users/zoamel/Workspace/redux-ui/test/ui/context.js:193:28)
    at callFn (/Users/zoamel/Workspace/redux-ui/node_modules/mocha/lib/runnable.js:326:21)
    at Test.Runnable.run (/Users/zoamel/Workspace/redux-ui/node_modules/mocha/lib/runnable.js:319:7)
    at Runner.runTest (/Users/zoamel/Workspace/redux-ui/node_modules/mocha/lib/runner.js:422:10)
    at /Users/zoamel/Workspace/redux-ui/node_modules/mocha/lib/runner.js:528:12
    at next (/Users/zoamel/Workspace/redux-ui/node_modules/mocha/lib/runner.js:342:14)
    at /Users/zoamel/Workspace/redux-ui/node_modules/mocha/lib/runner.js:352:7
    at next (/Users/zoamel/Workspace/redux-ui/node_modules/mocha/lib/runner.js:284:14)
    at Immediate._onImmediate (/Users/zoamel/Workspace/redux-ui/node_modules/mocha/lib/runner.js:320:5)
    at processImmediate (node:internal/timers:485:21) TypeError: this.props.ui.getIn is not a function
    at UI.UNSAFE_componentWillMount (/Users/zoamel/Workspace/redux-ui/src/ui.js:127:35)
    at callComponentWillMount (/Users/zoamel/Workspace/redux-ui/node_modules/react-dom/cjs/react-dom.development.js:12788:14)
    at mountClassInstance (/Users/zoamel/Workspace/redux-ui/node_modules/react-dom/cjs/react-dom.development.js:12878:5)
    at updateClassComponent (/Users/zoamel/Workspace/redux-ui/node_modules/react-dom/cjs/react-dom.development.js:17426:5)
    at beginWork (/Users/zoamel/Workspace/redux-ui/node_modules/react-dom/cjs/react-dom.development.js:19073:16)
    at HTMLUnknownElement.callCallback (/Users/zoamel/Workspace/redux-ui/node_modules/react-dom/cjs/react-dom.development.js:3945:14)
    at HTMLUnknownElement.callTheUserObjectsOperation (/Users/zoamel/Workspace/redux-ui/node_modules/jsdom/lib/jsdom/living/generated/EventListener.js:26:30)
    at innerInvokeEventListeners (/Users/zoamel/Workspace/redux-ui/node_modules/jsdom/lib/jsdom/living/events/EventTarget-impl.js:350:25)
    at invokeEventListeners (/Users/zoamel/Workspace/redux-ui/node_modules/jsdom/lib/jsdom/living/events/EventTarget-impl.js:286:3)
    at HTMLUnknownElementImpl._dispatch (/Users/zoamel/Workspace/redux-ui/node_modules/jsdom/lib/jsdom/living/events/EventTarget-impl.js:233:9)
    at HTMLUnknownElementImpl.dispatchEvent (/Users/zoamel/Workspace/redux-ui/node_modules/jsdom/lib/jsdom/living/events/EventTarget-impl.js:104:17)
    at HTMLUnknownElement.dispatchEvent (/Users/zoamel/Workspace/redux-ui/node_modules/jsdom/lib/jsdom/living/generated/EventTarget.js:241:34)
    at Object.invokeGuardedCallbackDev (/Users/zoamel/Workspace/redux-ui/node_modules/react-dom/cjs/react-dom.development.js:3994:16)
    at invokeGuardedCallback (/Users/zoamel/Workspace/redux-ui/node_modules/react-dom/cjs/react-dom.development.js:4056:31)
    at beginWork$1 (/Users/zoamel/Workspace/redux-ui/node_modules/react-dom/cjs/react-dom.development.js:23964:7)
    at performUnitOfWork (/Users/zoamel/Workspace/redux-ui/node_modules/react-dom/cjs/react-dom.development.js:22779:12)
    at workLoopSync (/Users/zoamel/Workspace/redux-ui/node_modules/react-dom/cjs/react-dom.development.js:22707:5)
    at renderRootSync (/Users/zoamel/Workspace/redux-ui/node_modules/react-dom/cjs/react-dom.development.js:22670:7)
    at performSyncWorkOnRoot (/Users/zoamel/Workspace/redux-ui/node_modules/react-dom/cjs/react-dom.development.js:22293:18)
    at scheduleUpdateOnFiber (/Users/zoamel/Workspace/redux-ui/node_modules/react-dom/cjs/react-dom.development.js:21881:7)
    at updateContainer (/Users/zoamel/Workspace/redux-ui/node_modules/react-dom/cjs/react-dom.development.js:25482:3)
    at /Users/zoamel/Workspace/redux-ui/node_modules/react-dom/cjs/react-dom.development.js:26021:7
    at unbatchedUpdates (/Users/zoamel/Workspace/redux-ui/node_modules/react-dom/cjs/react-dom.development.js:22431:12)
    at legacyRenderSubtreeIntoContainer (/Users/zoamel/Workspace/redux-ui/node_modules/react-dom/cjs/react-dom.development.js:26020:5)
    at Object.render (/Users/zoamel/Workspace/redux-ui/node_modules/react-dom/cjs/react-dom.development.js:26103:10)
    at Object.renderIntoDocument (/Users/zoamel/Workspace/redux-ui/node_modules/react-dom/cjs/react-dom-test-utils.development.js:1598:19)
    at render (/Users/zoamel/Workspace/redux-ui/test/utils/render.js:21:25)
    at Context.<anonymous> (/Users/zoamel/Workspace/redux-ui/test/ui/context.js:193:28)
    at callFn (/Users/zoamel/Workspace/redux-ui/node_modules/mocha/lib/runnable.js:326:21)
    at Test.Runnable.run (/Users/zoamel/Workspace/redux-ui/node_modules/mocha/lib/runnable.js:319:7)
    at Runner.runTest (/Users/zoamel/Workspace/redux-ui/node_modules/mocha/lib/runner.js:422:10)
    at /Users/zoamel/Workspace/redux-ui/node_modules/mocha/lib/runner.js:528:12
    at next (/Users/zoamel/Workspace/redux-ui/node_modules/mocha/lib/runner.js:342:14)
    at /Users/zoamel/Workspace/redux-ui/node_modules/mocha/lib/runner.js:352:7
    at next (/Users/zoamel/Workspace/redux-ui/node_modules/mocha/lib/runner.js:284:14)
    at Immediate._onImmediate (/Users/zoamel/Workspace/redux-ui/node_modules/mocha/lib/runner.js:320:5)
    at processImmediate (node:internal/timers:485:21)
The above error occurred in the <UI> component:

    at UI (/Users/zoamel/Workspace/redux-ui/src/ui.js:89:9)
    at ConnectFunction (/Users/zoamel/Workspace/redux-ui/node_modules/react-redux/lib/components/connectAdvanced.js:235:41)
    at div
    at Provider (/Users/zoamel/Workspace/redux-ui/node_modules/react-redux/lib/components/Provider.js:21:20)

Consider adding an error boundary to your tree to customize error handling behavior.
Visit https://reactjs.org/link/error-boundaries to learn more about error boundaries.
The above error occurred in the <UI> component:

    at UI (/Users/zoamel/Workspace/redux-ui/src/ui.js:89:9)
    at ConnectFunction (/Users/zoamel/Workspace/redux-ui/node_modules/react-redux/lib/components/connectAdvanced.js:235:41)
    at div
    at Provider (/Users/zoamel/Workspace/redux-ui/node_modules/react-redux/lib/components/Provider.js:21:20)

Consider adding an error boundary to your tree to customize error handling behavior.
Visit https://reactjs.org/link/error-boundaries to learn more about error boundaries.
      14) components with the same key and nesting share the same context

  Default UI state variables
    HOC is passed props and state to calculate defaults
Error: Uncaught [TypeError: this.props.ui.getIn is not a function]
    at reportException (/Users/zoamel/Workspace/redux-ui/node_modules/jsdom/lib/jsdom/living/helpers/runtime-script-errors.js:66:24)
    at innerInvokeEventListeners (/Users/zoamel/Workspace/redux-ui/node_modules/jsdom/lib/jsdom/living/events/EventTarget-impl.js:353:9)
    at invokeEventListeners (/Users/zoamel/Workspace/redux-ui/node_modules/jsdom/lib/jsdom/living/events/EventTarget-impl.js:286:3)
    at HTMLUnknownElementImpl._dispatch (/Users/zoamel/Workspace/redux-ui/node_modules/jsdom/lib/jsdom/living/events/EventTarget-impl.js:233:9)
    at HTMLUnknownElementImpl.dispatchEvent (/Users/zoamel/Workspace/redux-ui/node_modules/jsdom/lib/jsdom/living/events/EventTarget-impl.js:104:17)
    at HTMLUnknownElement.dispatchEvent (/Users/zoamel/Workspace/redux-ui/node_modules/jsdom/lib/jsdom/living/generated/EventTarget.js:241:34)
    at Object.invokeGuardedCallbackDev (/Users/zoamel/Workspace/redux-ui/node_modules/react-dom/cjs/react-dom.development.js:3994:16)
    at invokeGuardedCallback (/Users/zoamel/Workspace/redux-ui/node_modules/react-dom/cjs/react-dom.development.js:4056:31)
    at beginWork$1 (/Users/zoamel/Workspace/redux-ui/node_modules/react-dom/cjs/react-dom.development.js:23964:7)
    at performUnitOfWork (/Users/zoamel/Workspace/redux-ui/node_modules/react-dom/cjs/react-dom.development.js:22779:12)
    at workLoopSync (/Users/zoamel/Workspace/redux-ui/node_modules/react-dom/cjs/react-dom.development.js:22707:5)
    at renderRootSync (/Users/zoamel/Workspace/redux-ui/node_modules/react-dom/cjs/react-dom.development.js:22670:7)
    at performSyncWorkOnRoot (/Users/zoamel/Workspace/redux-ui/node_modules/react-dom/cjs/react-dom.development.js:22293:18)
    at scheduleUpdateOnFiber (/Users/zoamel/Workspace/redux-ui/node_modules/react-dom/cjs/react-dom.development.js:21881:7)
    at updateContainer (/Users/zoamel/Workspace/redux-ui/node_modules/react-dom/cjs/react-dom.development.js:25482:3)
    at /Users/zoamel/Workspace/redux-ui/node_modules/react-dom/cjs/react-dom.development.js:26021:7
    at unbatchedUpdates (/Users/zoamel/Workspace/redux-ui/node_modules/react-dom/cjs/react-dom.development.js:22431:12)
    at legacyRenderSubtreeIntoContainer (/Users/zoamel/Workspace/redux-ui/node_modules/react-dom/cjs/react-dom.development.js:26020:5)
    at Object.render (/Users/zoamel/Workspace/redux-ui/node_modules/react-dom/cjs/react-dom.development.js:26103:10)
    at Object.renderIntoDocument (/Users/zoamel/Workspace/redux-ui/node_modules/react-dom/cjs/react-dom-test-utils.development.js:1598:19)
    at render (/Users/zoamel/Workspace/redux-ui/test/utils/render.js:21:25)
    at renderAndFind (/Users/zoamel/Workspace/redux-ui/test/utils/render.js:31:16)
    at Context.<anonymous> (/Users/zoamel/Workspace/redux-ui/test/ui/defaults.js:32:30)
    at callFn (/Users/zoamel/Workspace/redux-ui/node_modules/mocha/lib/runnable.js:326:21)
    at Test.Runnable.run (/Users/zoamel/Workspace/redux-ui/node_modules/mocha/lib/runnable.js:319:7)
    at Runner.runTest (/Users/zoamel/Workspace/redux-ui/node_modules/mocha/lib/runner.js:422:10)
    at /Users/zoamel/Workspace/redux-ui/node_modules/mocha/lib/runner.js:528:12
    at next (/Users/zoamel/Workspace/redux-ui/node_modules/mocha/lib/runner.js:342:14)
    at /Users/zoamel/Workspace/redux-ui/node_modules/mocha/lib/runner.js:352:7
    at next (/Users/zoamel/Workspace/redux-ui/node_modules/mocha/lib/runner.js:284:14)
    at Immediate._onImmediate (/Users/zoamel/Workspace/redux-ui/node_modules/mocha/lib/runner.js:320:5)
    at processImmediate (node:internal/timers:485:21) TypeError: this.props.ui.getIn is not a function
    at UI.UNSAFE_componentWillMount (/Users/zoamel/Workspace/redux-ui/src/ui.js:127:35)
    at callComponentWillMount (/Users/zoamel/Workspace/redux-ui/node_modules/react-dom/cjs/react-dom.development.js:12788:14)
    at mountClassInstance (/Users/zoamel/Workspace/redux-ui/node_modules/react-dom/cjs/react-dom.development.js:12878:5)
    at updateClassComponent (/Users/zoamel/Workspace/redux-ui/node_modules/react-dom/cjs/react-dom.development.js:17426:5)
    at beginWork (/Users/zoamel/Workspace/redux-ui/node_modules/react-dom/cjs/react-dom.development.js:19073:16)
    at HTMLUnknownElement.callCallback (/Users/zoamel/Workspace/redux-ui/node_modules/react-dom/cjs/react-dom.development.js:3945:14)
    at HTMLUnknownElement.callTheUserObjectsOperation (/Users/zoamel/Workspace/redux-ui/node_modules/jsdom/lib/jsdom/living/generated/EventListener.js:26:30)
    at innerInvokeEventListeners (/Users/zoamel/Workspace/redux-ui/node_modules/jsdom/lib/jsdom/living/events/EventTarget-impl.js:350:25)
    at invokeEventListeners (/Users/zoamel/Workspace/redux-ui/node_modules/jsdom/lib/jsdom/living/events/EventTarget-impl.js:286:3)
    at HTMLUnknownElementImpl._dispatch (/Users/zoamel/Workspace/redux-ui/node_modules/jsdom/lib/jsdom/living/events/EventTarget-impl.js:233:9)
    at HTMLUnknownElementImpl.dispatchEvent (/Users/zoamel/Workspace/redux-ui/node_modules/jsdom/lib/jsdom/living/events/EventTarget-impl.js:104:17)
    at HTMLUnknownElement.dispatchEvent (/Users/zoamel/Workspace/redux-ui/node_modules/jsdom/lib/jsdom/living/generated/EventTarget.js:241:34)
    at Object.invokeGuardedCallbackDev (/Users/zoamel/Workspace/redux-ui/node_modules/react-dom/cjs/react-dom.development.js:3994:16)
    at invokeGuardedCallback (/Users/zoamel/Workspace/redux-ui/node_modules/react-dom/cjs/react-dom.development.js:4056:31)
    at beginWork$1 (/Users/zoamel/Workspace/redux-ui/node_modules/react-dom/cjs/react-dom.development.js:23964:7)
    at performUnitOfWork (/Users/zoamel/Workspace/redux-ui/node_modules/react-dom/cjs/react-dom.development.js:22779:12)
    at workLoopSync (/Users/zoamel/Workspace/redux-ui/node_modules/react-dom/cjs/react-dom.development.js:22707:5)
    at renderRootSync (/Users/zoamel/Workspace/redux-ui/node_modules/react-dom/cjs/react-dom.development.js:22670:7)
    at performSyncWorkOnRoot (/Users/zoamel/Workspace/redux-ui/node_modules/react-dom/cjs/react-dom.development.js:22293:18)
    at scheduleUpdateOnFiber (/Users/zoamel/Workspace/redux-ui/node_modules/react-dom/cjs/react-dom.development.js:21881:7)
    at updateContainer (/Users/zoamel/Workspace/redux-ui/node_modules/react-dom/cjs/react-dom.development.js:25482:3)
    at /Users/zoamel/Workspace/redux-ui/node_modules/react-dom/cjs/react-dom.development.js:26021:7
    at unbatchedUpdates (/Users/zoamel/Workspace/redux-ui/node_modules/react-dom/cjs/react-dom.development.js:22431:12)
    at legacyRenderSubtreeIntoContainer (/Users/zoamel/Workspace/redux-ui/node_modules/react-dom/cjs/react-dom.development.js:26020:5)
    at Object.render (/Users/zoamel/Workspace/redux-ui/node_modules/react-dom/cjs/react-dom.development.js:26103:10)
    at Object.renderIntoDocument (/Users/zoamel/Workspace/redux-ui/node_modules/react-dom/cjs/react-dom-test-utils.development.js:1598:19)
    at render (/Users/zoamel/Workspace/redux-ui/test/utils/render.js:21:25)
    at renderAndFind (/Users/zoamel/Workspace/redux-ui/test/utils/render.js:31:16)
    at Context.<anonymous> (/Users/zoamel/Workspace/redux-ui/test/ui/defaults.js:32:30)
    at callFn (/Users/zoamel/Workspace/redux-ui/node_modules/mocha/lib/runnable.js:326:21)
    at Test.Runnable.run (/Users/zoamel/Workspace/redux-ui/node_modules/mocha/lib/runnable.js:319:7)
    at Runner.runTest (/Users/zoamel/Workspace/redux-ui/node_modules/mocha/lib/runner.js:422:10)
    at /Users/zoamel/Workspace/redux-ui/node_modules/mocha/lib/runner.js:528:12
    at next (/Users/zoamel/Workspace/redux-ui/node_modules/mocha/lib/runner.js:342:14)
    at /Users/zoamel/Workspace/redux-ui/node_modules/mocha/lib/runner.js:352:7
    at next (/Users/zoamel/Workspace/redux-ui/node_modules/mocha/lib/runner.js:284:14)
    at Immediate._onImmediate (/Users/zoamel/Workspace/redux-ui/node_modules/mocha/lib/runner.js:320:5)
    at processImmediate (node:internal/timers:485:21)
The above error occurred in the <UI> component:

    at UI (/Users/zoamel/Workspace/redux-ui/src/ui.js:89:9)
    at ConnectFunction (/Users/zoamel/Workspace/redux-ui/node_modules/react-redux/lib/components/connectAdvanced.js:235:41)
    at Provider (/Users/zoamel/Workspace/redux-ui/node_modules/react-redux/lib/components/Provider.js:21:20)

Consider adding an error boundary to your tree to customize error handling behavior.
Visit https://reactjs.org/link/error-boundaries to learn more about error boundaries.
      15) component gets given expected props

  key generation
    opts.key === undefined
Error: Uncaught [TypeError: this.props.ui.getIn is not a function]
    at reportException (/Users/zoamel/Workspace/redux-ui/node_modules/jsdom/lib/jsdom/living/helpers/runtime-script-errors.js:66:24)
    at innerInvokeEventListeners (/Users/zoamel/Workspace/redux-ui/node_modules/jsdom/lib/jsdom/living/events/EventTarget-impl.js:353:9)
    at invokeEventListeners (/Users/zoamel/Workspace/redux-ui/node_modules/jsdom/lib/jsdom/living/events/EventTarget-impl.js:286:3)
    at HTMLUnknownElementImpl._dispatch (/Users/zoamel/Workspace/redux-ui/node_modules/jsdom/lib/jsdom/living/events/EventTarget-impl.js:233:9)
    at HTMLUnknownElementImpl.dispatchEvent (/Users/zoamel/Workspace/redux-ui/node_modules/jsdom/lib/jsdom/living/events/EventTarget-impl.js:104:17)
    at HTMLUnknownElement.dispatchEvent (/Users/zoamel/Workspace/redux-ui/node_modules/jsdom/lib/jsdom/living/generated/EventTarget.js:241:34)
    at Object.invokeGuardedCallbackDev (/Users/zoamel/Workspace/redux-ui/node_modules/react-dom/cjs/react-dom.development.js:3994:16)
    at invokeGuardedCallback (/Users/zoamel/Workspace/redux-ui/node_modules/react-dom/cjs/react-dom.development.js:4056:31)
    at beginWork$1 (/Users/zoamel/Workspace/redux-ui/node_modules/react-dom/cjs/react-dom.development.js:23964:7)
    at performUnitOfWork (/Users/zoamel/Workspace/redux-ui/node_modules/react-dom/cjs/react-dom.development.js:22779:12)
    at workLoopSync (/Users/zoamel/Workspace/redux-ui/node_modules/react-dom/cjs/react-dom.development.js:22707:5)
    at renderRootSync (/Users/zoamel/Workspace/redux-ui/node_modules/react-dom/cjs/react-dom.development.js:22670:7)
    at performSyncWorkOnRoot (/Users/zoamel/Workspace/redux-ui/node_modules/react-dom/cjs/react-dom.development.js:22293:18)
    at scheduleUpdateOnFiber (/Users/zoamel/Workspace/redux-ui/node_modules/react-dom/cjs/react-dom.development.js:21881:7)
    at updateContainer (/Users/zoamel/Workspace/redux-ui/node_modules/react-dom/cjs/react-dom.development.js:25482:3)
    at /Users/zoamel/Workspace/redux-ui/node_modules/react-dom/cjs/react-dom.development.js:26021:7
    at unbatchedUpdates (/Users/zoamel/Workspace/redux-ui/node_modules/react-dom/cjs/react-dom.development.js:22431:12)
    at legacyRenderSubtreeIntoContainer (/Users/zoamel/Workspace/redux-ui/node_modules/react-dom/cjs/react-dom.development.js:26020:5)
    at Object.render (/Users/zoamel/Workspace/redux-ui/node_modules/react-dom/cjs/react-dom.development.js:26103:10)
    at Object.renderIntoDocument (/Users/zoamel/Workspace/redux-ui/node_modules/react-dom/cjs/react-dom-test-utils.development.js:1598:19)
    at render (/Users/zoamel/Workspace/redux-ui/test/utils/render.js:21:25)
    at Context.<anonymous> (/Users/zoamel/Workspace/redux-ui/test/ui/key.js:22:26)
    at callFn (/Users/zoamel/Workspace/redux-ui/node_modules/mocha/lib/runnable.js:326:21)
    at Test.Runnable.run (/Users/zoamel/Workspace/redux-ui/node_modules/mocha/lib/runnable.js:319:7)
    at Runner.runTest (/Users/zoamel/Workspace/redux-ui/node_modules/mocha/lib/runner.js:422:10)
    at /Users/zoamel/Workspace/redux-ui/node_modules/mocha/lib/runner.js:528:12
    at next (/Users/zoamel/Workspace/redux-ui/node_modules/mocha/lib/runner.js:342:14)
    at /Users/zoamel/Workspace/redux-ui/node_modules/mocha/lib/runner.js:352:7
    at next (/Users/zoamel/Workspace/redux-ui/node_modules/mocha/lib/runner.js:284:14)
    at Immediate._onImmediate (/Users/zoamel/Workspace/redux-ui/node_modules/mocha/lib/runner.js:320:5)
    at processImmediate (node:internal/timers:485:21) TypeError: this.props.ui.getIn is not a function
    at UI.UNSAFE_componentWillMount (/Users/zoamel/Workspace/redux-ui/src/ui.js:127:35)
    at callComponentWillMount (/Users/zoamel/Workspace/redux-ui/node_modules/react-dom/cjs/react-dom.development.js:12788:14)
    at mountClassInstance (/Users/zoamel/Workspace/redux-ui/node_modules/react-dom/cjs/react-dom.development.js:12878:5)
    at updateClassComponent (/Users/zoamel/Workspace/redux-ui/node_modules/react-dom/cjs/react-dom.development.js:17426:5)
    at beginWork (/Users/zoamel/Workspace/redux-ui/node_modules/react-dom/cjs/react-dom.development.js:19073:16)
    at HTMLUnknownElement.callCallback (/Users/zoamel/Workspace/redux-ui/node_modules/react-dom/cjs/react-dom.development.js:3945:14)
    at HTMLUnknownElement.callTheUserObjectsOperation (/Users/zoamel/Workspace/redux-ui/node_modules/jsdom/lib/jsdom/living/generated/EventListener.js:26:30)
    at innerInvokeEventListeners (/Users/zoamel/Workspace/redux-ui/node_modules/jsdom/lib/jsdom/living/events/EventTarget-impl.js:350:25)
    at invokeEventListeners (/Users/zoamel/Workspace/redux-ui/node_modules/jsdom/lib/jsdom/living/events/EventTarget-impl.js:286:3)
    at HTMLUnknownElementImpl._dispatch (/Users/zoamel/Workspace/redux-ui/node_modules/jsdom/lib/jsdom/living/events/EventTarget-impl.js:233:9)
    at HTMLUnknownElementImpl.dispatchEvent (/Users/zoamel/Workspace/redux-ui/node_modules/jsdom/lib/jsdom/living/events/EventTarget-impl.js:104:17)
    at HTMLUnknownElement.dispatchEvent (/Users/zoamel/Workspace/redux-ui/node_modules/jsdom/lib/jsdom/living/generated/EventTarget.js:241:34)
    at Object.invokeGuardedCallbackDev (/Users/zoamel/Workspace/redux-ui/node_modules/react-dom/cjs/react-dom.development.js:3994:16)
    at invokeGuardedCallback (/Users/zoamel/Workspace/redux-ui/node_modules/react-dom/cjs/react-dom.development.js:4056:31)
    at beginWork$1 (/Users/zoamel/Workspace/redux-ui/node_modules/react-dom/cjs/react-dom.development.js:23964:7)
    at performUnitOfWork (/Users/zoamel/Workspace/redux-ui/node_modules/react-dom/cjs/react-dom.development.js:22779:12)
    at workLoopSync (/Users/zoamel/Workspace/redux-ui/node_modules/react-dom/cjs/react-dom.development.js:22707:5)
    at renderRootSync (/Users/zoamel/Workspace/redux-ui/node_modules/react-dom/cjs/react-dom.development.js:22670:7)
    at performSyncWorkOnRoot (/Users/zoamel/Workspace/redux-ui/node_modules/react-dom/cjs/react-dom.development.js:22293:18)
    at scheduleUpdateOnFiber (/Users/zoamel/Workspace/redux-ui/node_modules/react-dom/cjs/react-dom.development.js:21881:7)
    at updateContainer (/Users/zoamel/Workspace/redux-ui/node_modules/react-dom/cjs/react-dom.development.js:25482:3)
    at /Users/zoamel/Workspace/redux-ui/node_modules/react-dom/cjs/react-dom.development.js:26021:7
    at unbatchedUpdates (/Users/zoamel/Workspace/redux-ui/node_modules/react-dom/cjs/react-dom.development.js:22431:12)
    at legacyRenderSubtreeIntoContainer (/Users/zoamel/Workspace/redux-ui/node_modules/react-dom/cjs/react-dom.development.js:26020:5)
    at Object.render (/Users/zoamel/Workspace/redux-ui/node_modules/react-dom/cjs/react-dom.development.js:26103:10)
    at Object.renderIntoDocument (/Users/zoamel/Workspace/redux-ui/node_modules/react-dom/cjs/react-dom-test-utils.development.js:1598:19)
    at render (/Users/zoamel/Workspace/redux-ui/test/utils/render.js:21:25)
    at Context.<anonymous> (/Users/zoamel/Workspace/redux-ui/test/ui/key.js:22:26)
    at callFn (/Users/zoamel/Workspace/redux-ui/node_modules/mocha/lib/runnable.js:326:21)
    at Test.Runnable.run (/Users/zoamel/Workspace/redux-ui/node_modules/mocha/lib/runnable.js:319:7)
    at Runner.runTest (/Users/zoamel/Workspace/redux-ui/node_modules/mocha/lib/runner.js:422:10)
    at /Users/zoamel/Workspace/redux-ui/node_modules/mocha/lib/runner.js:528:12
    at next (/Users/zoamel/Workspace/redux-ui/node_modules/mocha/lib/runner.js:342:14)
    at /Users/zoamel/Workspace/redux-ui/node_modules/mocha/lib/runner.js:352:7
    at next (/Users/zoamel/Workspace/redux-ui/node_modules/mocha/lib/runner.js:284:14)
    at Immediate._onImmediate (/Users/zoamel/Workspace/redux-ui/node_modules/mocha/lib/runner.js:320:5)
    at processImmediate (node:internal/timers:485:21)
Error: Uncaught [TypeError: this.props.ui.getIn is not a function]
    at reportException (/Users/zoamel/Workspace/redux-ui/node_modules/jsdom/lib/jsdom/living/helpers/runtime-script-errors.js:66:24)
    at innerInvokeEventListeners (/Users/zoamel/Workspace/redux-ui/node_modules/jsdom/lib/jsdom/living/events/EventTarget-impl.js:353:9)
    at invokeEventListeners (/Users/zoamel/Workspace/redux-ui/node_modules/jsdom/lib/jsdom/living/events/EventTarget-impl.js:286:3)
    at HTMLUnknownElementImpl._dispatch (/Users/zoamel/Workspace/redux-ui/node_modules/jsdom/lib/jsdom/living/events/EventTarget-impl.js:233:9)
    at HTMLUnknownElementImpl.dispatchEvent (/Users/zoamel/Workspace/redux-ui/node_modules/jsdom/lib/jsdom/living/events/EventTarget-impl.js:104:17)
    at HTMLUnknownElement.dispatchEvent (/Users/zoamel/Workspace/redux-ui/node_modules/jsdom/lib/jsdom/living/generated/EventTarget.js:241:34)
    at Object.invokeGuardedCallbackDev (/Users/zoamel/Workspace/redux-ui/node_modules/react-dom/cjs/react-dom.development.js:3994:16)
    at invokeGuardedCallback (/Users/zoamel/Workspace/redux-ui/node_modules/react-dom/cjs/react-dom.development.js:4056:31)
    at beginWork$1 (/Users/zoamel/Workspace/redux-ui/node_modules/react-dom/cjs/react-dom.development.js:23964:7)
    at performUnitOfWork (/Users/zoamel/Workspace/redux-ui/node_modules/react-dom/cjs/react-dom.development.js:22779:12)
    at workLoopSync (/Users/zoamel/Workspace/redux-ui/node_modules/react-dom/cjs/react-dom.development.js:22707:5)
    at renderRootSync (/Users/zoamel/Workspace/redux-ui/node_modules/react-dom/cjs/react-dom.development.js:22670:7)
    at performSyncWorkOnRoot (/Users/zoamel/Workspace/redux-ui/node_modules/react-dom/cjs/react-dom.development.js:22293:18)
    at scheduleUpdateOnFiber (/Users/zoamel/Workspace/redux-ui/node_modules/react-dom/cjs/react-dom.development.js:21881:7)
    at updateContainer (/Users/zoamel/Workspace/redux-ui/node_modules/react-dom/cjs/react-dom.development.js:25482:3)
    at /Users/zoamel/Workspace/redux-ui/node_modules/react-dom/cjs/react-dom.development.js:26021:7
    at unbatchedUpdates (/Users/zoamel/Workspace/redux-ui/node_modules/react-dom/cjs/react-dom.development.js:22431:12)
    at legacyRenderSubtreeIntoContainer (/Users/zoamel/Workspace/redux-ui/node_modules/react-dom/cjs/react-dom.development.js:26020:5)
    at Object.render (/Users/zoamel/Workspace/redux-ui/node_modules/react-dom/cjs/react-dom.development.js:26103:10)
    at Object.renderIntoDocument (/Users/zoamel/Workspace/redux-ui/node_modules/react-dom/cjs/react-dom-test-utils.development.js:1598:19)
    at render (/Users/zoamel/Workspace/redux-ui/test/utils/render.js:21:25)
    at Context.<anonymous> (/Users/zoamel/Workspace/redux-ui/test/ui/key.js:22:26)
    at callFn (/Users/zoamel/Workspace/redux-ui/node_modules/mocha/lib/runnable.js:326:21)
    at Test.Runnable.run (/Users/zoamel/Workspace/redux-ui/node_modules/mocha/lib/runnable.js:319:7)
    at Runner.runTest (/Users/zoamel/Workspace/redux-ui/node_modules/mocha/lib/runner.js:422:10)
    at /Users/zoamel/Workspace/redux-ui/node_modules/mocha/lib/runner.js:528:12
    at next (/Users/zoamel/Workspace/redux-ui/node_modules/mocha/lib/runner.js:342:14)
    at /Users/zoamel/Workspace/redux-ui/node_modules/mocha/lib/runner.js:352:7
    at next (/Users/zoamel/Workspace/redux-ui/node_modules/mocha/lib/runner.js:284:14)
    at Immediate._onImmediate (/Users/zoamel/Workspace/redux-ui/node_modules/mocha/lib/runner.js:320:5)
    at processImmediate (node:internal/timers:485:21) TypeError: this.props.ui.getIn is not a function
    at UI.UNSAFE_componentWillMount (/Users/zoamel/Workspace/redux-ui/src/ui.js:127:35)
    at callComponentWillMount (/Users/zoamel/Workspace/redux-ui/node_modules/react-dom/cjs/react-dom.development.js:12788:14)
    at mountClassInstance (/Users/zoamel/Workspace/redux-ui/node_modules/react-dom/cjs/react-dom.development.js:12878:5)
    at updateClassComponent (/Users/zoamel/Workspace/redux-ui/node_modules/react-dom/cjs/react-dom.development.js:17426:5)
    at beginWork (/Users/zoamel/Workspace/redux-ui/node_modules/react-dom/cjs/react-dom.development.js:19073:16)
    at HTMLUnknownElement.callCallback (/Users/zoamel/Workspace/redux-ui/node_modules/react-dom/cjs/react-dom.development.js:3945:14)
    at HTMLUnknownElement.callTheUserObjectsOperation (/Users/zoamel/Workspace/redux-ui/node_modules/jsdom/lib/jsdom/living/generated/EventListener.js:26:30)
    at innerInvokeEventListeners (/Users/zoamel/Workspace/redux-ui/node_modules/jsdom/lib/jsdom/living/events/EventTarget-impl.js:350:25)
    at invokeEventListeners (/Users/zoamel/Workspace/redux-ui/node_modules/jsdom/lib/jsdom/living/events/EventTarget-impl.js:286:3)
    at HTMLUnknownElementImpl._dispatch (/Users/zoamel/Workspace/redux-ui/node_modules/jsdom/lib/jsdom/living/events/EventTarget-impl.js:233:9)
    at HTMLUnknownElementImpl.dispatchEvent (/Users/zoamel/Workspace/redux-ui/node_modules/jsdom/lib/jsdom/living/events/EventTarget-impl.js:104:17)
    at HTMLUnknownElement.dispatchEvent (/Users/zoamel/Workspace/redux-ui/node_modules/jsdom/lib/jsdom/living/generated/EventTarget.js:241:34)
    at Object.invokeGuardedCallbackDev (/Users/zoamel/Workspace/redux-ui/node_modules/react-dom/cjs/react-dom.development.js:3994:16)
    at invokeGuardedCallback (/Users/zoamel/Workspace/redux-ui/node_modules/react-dom/cjs/react-dom.development.js:4056:31)
    at beginWork$1 (/Users/zoamel/Workspace/redux-ui/node_modules/react-dom/cjs/react-dom.development.js:23964:7)
    at performUnitOfWork (/Users/zoamel/Workspace/redux-ui/node_modules/react-dom/cjs/react-dom.development.js:22779:12)
    at workLoopSync (/Users/zoamel/Workspace/redux-ui/node_modules/react-dom/cjs/react-dom.development.js:22707:5)
    at renderRootSync (/Users/zoamel/Workspace/redux-ui/node_modules/react-dom/cjs/react-dom.development.js:22670:7)
    at performSyncWorkOnRoot (/Users/zoamel/Workspace/redux-ui/node_modules/react-dom/cjs/react-dom.development.js:22293:18)
    at scheduleUpdateOnFiber (/Users/zoamel/Workspace/redux-ui/node_modules/react-dom/cjs/react-dom.development.js:21881:7)
    at updateContainer (/Users/zoamel/Workspace/redux-ui/node_modules/react-dom/cjs/react-dom.development.js:25482:3)
    at /Users/zoamel/Workspace/redux-ui/node_modules/react-dom/cjs/react-dom.development.js:26021:7
    at unbatchedUpdates (/Users/zoamel/Workspace/redux-ui/node_modules/react-dom/cjs/react-dom.development.js:22431:12)
    at legacyRenderSubtreeIntoContainer (/Users/zoamel/Workspace/redux-ui/node_modules/react-dom/cjs/react-dom.development.js:26020:5)
    at Object.render (/Users/zoamel/Workspace/redux-ui/node_modules/react-dom/cjs/react-dom.development.js:26103:10)
    at Object.renderIntoDocument (/Users/zoamel/Workspace/redux-ui/node_modules/react-dom/cjs/react-dom-test-utils.development.js:1598:19)
    at render (/Users/zoamel/Workspace/redux-ui/test/utils/render.js:21:25)
    at Context.<anonymous> (/Users/zoamel/Workspace/redux-ui/test/ui/key.js:22:26)
    at callFn (/Users/zoamel/Workspace/redux-ui/node_modules/mocha/lib/runnable.js:326:21)
    at Test.Runnable.run (/Users/zoamel/Workspace/redux-ui/node_modules/mocha/lib/runnable.js:319:7)
    at Runner.runTest (/Users/zoamel/Workspace/redux-ui/node_modules/mocha/lib/runner.js:422:10)
    at /Users/zoamel/Workspace/redux-ui/node_modules/mocha/lib/runner.js:528:12
    at next (/Users/zoamel/Workspace/redux-ui/node_modules/mocha/lib/runner.js:342:14)
    at /Users/zoamel/Workspace/redux-ui/node_modules/mocha/lib/runner.js:352:7
    at next (/Users/zoamel/Workspace/redux-ui/node_modules/mocha/lib/runner.js:284:14)
    at Immediate._onImmediate (/Users/zoamel/Workspace/redux-ui/node_modules/mocha/lib/runner.js:320:5)
    at processImmediate (node:internal/timers:485:21)
Error: Uncaught [TypeError: this.props.ui.getIn is not a function]
    at reportException (/Users/zoamel/Workspace/redux-ui/node_modules/jsdom/lib/jsdom/living/helpers/runtime-script-errors.js:66:24)
    at innerInvokeEventListeners (/Users/zoamel/Workspace/redux-ui/node_modules/jsdom/lib/jsdom/living/events/EventTarget-impl.js:353:9)
    at invokeEventListeners (/Users/zoamel/Workspace/redux-ui/node_modules/jsdom/lib/jsdom/living/events/EventTarget-impl.js:286:3)
    at HTMLUnknownElementImpl._dispatch (/Users/zoamel/Workspace/redux-ui/node_modules/jsdom/lib/jsdom/living/events/EventTarget-impl.js:233:9)
    at HTMLUnknownElementImpl.dispatchEvent (/Users/zoamel/Workspace/redux-ui/node_modules/jsdom/lib/jsdom/living/events/EventTarget-impl.js:104:17)
    at HTMLUnknownElement.dispatchEvent (/Users/zoamel/Workspace/redux-ui/node_modules/jsdom/lib/jsdom/living/generated/EventTarget.js:241:34)
    at Object.invokeGuardedCallbackDev (/Users/zoamel/Workspace/redux-ui/node_modules/react-dom/cjs/react-dom.development.js:3994:16)
    at invokeGuardedCallback (/Users/zoamel/Workspace/redux-ui/node_modules/react-dom/cjs/react-dom.development.js:4056:31)
    at beginWork$1 (/Users/zoamel/Workspace/redux-ui/node_modules/react-dom/cjs/react-dom.development.js:23964:7)
    at performUnitOfWork (/Users/zoamel/Workspace/redux-ui/node_modules/react-dom/cjs/react-dom.development.js:22779:12)
    at workLoopSync (/Users/zoamel/Workspace/redux-ui/node_modules/react-dom/cjs/react-dom.development.js:22707:5)
    at renderRootSync (/Users/zoamel/Workspace/redux-ui/node_modules/react-dom/cjs/react-dom.development.js:22670:7)
    at performSyncWorkOnRoot (/Users/zoamel/Workspace/redux-ui/node_modules/react-dom/cjs/react-dom.development.js:22293:18)
    at scheduleUpdateOnFiber (/Users/zoamel/Workspace/redux-ui/node_modules/react-dom/cjs/react-dom.development.js:21881:7)
    at updateContainer (/Users/zoamel/Workspace/redux-ui/node_modules/react-dom/cjs/react-dom.development.js:25482:3)
    at /Users/zoamel/Workspace/redux-ui/node_modules/react-dom/cjs/react-dom.development.js:26021:7
    at unbatchedUpdates (/Users/zoamel/Workspace/redux-ui/node_modules/react-dom/cjs/react-dom.development.js:22431:12)
    at legacyRenderSubtreeIntoContainer (/Users/zoamel/Workspace/redux-ui/node_modules/react-dom/cjs/react-dom.development.js:26020:5)
    at Object.render (/Users/zoamel/Workspace/redux-ui/node_modules/react-dom/cjs/react-dom.development.js:26103:10)
    at Object.renderIntoDocument (/Users/zoamel/Workspace/redux-ui/node_modules/react-dom/cjs/react-dom-test-utils.development.js:1598:19)
    at render (/Users/zoamel/Workspace/redux-ui/test/utils/render.js:21:25)
    at Context.<anonymous> (/Users/zoamel/Workspace/redux-ui/test/ui/key.js:22:26)
    at callFn (/Users/zoamel/Workspace/redux-ui/node_modules/mocha/lib/runnable.js:326:21)
    at Test.Runnable.run (/Users/zoamel/Workspace/redux-ui/node_modules/mocha/lib/runnable.js:319:7)
    at Runner.runTest (/Users/zoamel/Workspace/redux-ui/node_modules/mocha/lib/runner.js:422:10)
    at /Users/zoamel/Workspace/redux-ui/node_modules/mocha/lib/runner.js:528:12
    at next (/Users/zoamel/Workspace/redux-ui/node_modules/mocha/lib/runner.js:342:14)
    at /Users/zoamel/Workspace/redux-ui/node_modules/mocha/lib/runner.js:352:7
    at next (/Users/zoamel/Workspace/redux-ui/node_modules/mocha/lib/runner.js:284:14)
    at Immediate._onImmediate (/Users/zoamel/Workspace/redux-ui/node_modules/mocha/lib/runner.js:320:5)
    at processImmediate (node:internal/timers:485:21) TypeError: this.props.ui.getIn is not a function
    at UI.UNSAFE_componentWillMount (/Users/zoamel/Workspace/redux-ui/src/ui.js:127:35)
    at callComponentWillMount (/Users/zoamel/Workspace/redux-ui/node_modules/react-dom/cjs/react-dom.development.js:12788:14)
    at mountClassInstance (/Users/zoamel/Workspace/redux-ui/node_modules/react-dom/cjs/react-dom.development.js:12878:5)
    at updateClassComponent (/Users/zoamel/Workspace/redux-ui/node_modules/react-dom/cjs/react-dom.development.js:17426:5)
    at beginWork (/Users/zoamel/Workspace/redux-ui/node_modules/react-dom/cjs/react-dom.development.js:19073:16)
    at HTMLUnknownElement.callCallback (/Users/zoamel/Workspace/redux-ui/node_modules/react-dom/cjs/react-dom.development.js:3945:14)
    at HTMLUnknownElement.callTheUserObjectsOperation (/Users/zoamel/Workspace/redux-ui/node_modules/jsdom/lib/jsdom/living/generated/EventListener.js:26:30)
    at innerInvokeEventListeners (/Users/zoamel/Workspace/redux-ui/node_modules/jsdom/lib/jsdom/living/events/EventTarget-impl.js:350:25)
    at invokeEventListeners (/Users/zoamel/Workspace/redux-ui/node_modules/jsdom/lib/jsdom/living/events/EventTarget-impl.js:286:3)
    at HTMLUnknownElementImpl._dispatch (/Users/zoamel/Workspace/redux-ui/node_modules/jsdom/lib/jsdom/living/events/EventTarget-impl.js:233:9)
    at HTMLUnknownElementImpl.dispatchEvent (/Users/zoamel/Workspace/redux-ui/node_modules/jsdom/lib/jsdom/living/events/EventTarget-impl.js:104:17)
    at HTMLUnknownElement.dispatchEvent (/Users/zoamel/Workspace/redux-ui/node_modules/jsdom/lib/jsdom/living/generated/EventTarget.js:241:34)
    at Object.invokeGuardedCallbackDev (/Users/zoamel/Workspace/redux-ui/node_modules/react-dom/cjs/react-dom.development.js:3994:16)
    at invokeGuardedCallback (/Users/zoamel/Workspace/redux-ui/node_modules/react-dom/cjs/react-dom.development.js:4056:31)
    at beginWork$1 (/Users/zoamel/Workspace/redux-ui/node_modules/react-dom/cjs/react-dom.development.js:23964:7)
    at performUnitOfWork (/Users/zoamel/Workspace/redux-ui/node_modules/react-dom/cjs/react-dom.development.js:22779:12)
    at workLoopSync (/Users/zoamel/Workspace/redux-ui/node_modules/react-dom/cjs/react-dom.development.js:22707:5)
    at renderRootSync (/Users/zoamel/Workspace/redux-ui/node_modules/react-dom/cjs/react-dom.development.js:22670:7)
    at performSyncWorkOnRoot (/Users/zoamel/Workspace/redux-ui/node_modules/react-dom/cjs/react-dom.development.js:22293:18)
    at scheduleUpdateOnFiber (/Users/zoamel/Workspace/redux-ui/node_modules/react-dom/cjs/react-dom.development.js:21881:7)
    at updateContainer (/Users/zoamel/Workspace/redux-ui/node_modules/react-dom/cjs/react-dom.development.js:25482:3)
    at /Users/zoamel/Workspace/redux-ui/node_modules/react-dom/cjs/react-dom.development.js:26021:7
    at unbatchedUpdates (/Users/zoamel/Workspace/redux-ui/node_modules/react-dom/cjs/react-dom.development.js:22431:12)
    at legacyRenderSubtreeIntoContainer (/Users/zoamel/Workspace/redux-ui/node_modules/react-dom/cjs/react-dom.development.js:26020:5)
    at Object.render (/Users/zoamel/Workspace/redux-ui/node_modules/react-dom/cjs/react-dom.development.js:26103:10)
    at Object.renderIntoDocument (/Users/zoamel/Workspace/redux-ui/node_modules/react-dom/cjs/react-dom-test-utils.development.js:1598:19)
    at render (/Users/zoamel/Workspace/redux-ui/test/utils/render.js:21:25)
    at Context.<anonymous> (/Users/zoamel/Workspace/redux-ui/test/ui/key.js:22:26)
    at callFn (/Users/zoamel/Workspace/redux-ui/node_modules/mocha/lib/runnable.js:326:21)
    at Test.Runnable.run (/Users/zoamel/Workspace/redux-ui/node_modules/mocha/lib/runnable.js:319:7)
    at Runner.runTest (/Users/zoamel/Workspace/redux-ui/node_modules/mocha/lib/runner.js:422:10)
    at /Users/zoamel/Workspace/redux-ui/node_modules/mocha/lib/runner.js:528:12
    at next (/Users/zoamel/Workspace/redux-ui/node_modules/mocha/lib/runner.js:342:14)
    at /Users/zoamel/Workspace/redux-ui/node_modules/mocha/lib/runner.js:352:7
    at next (/Users/zoamel/Workspace/redux-ui/node_modules/mocha/lib/runner.js:284:14)
    at Immediate._onImmediate (/Users/zoamel/Workspace/redux-ui/node_modules/mocha/lib/runner.js:320:5)
    at processImmediate (node:internal/timers:485:21)
The above error occurred in the <UI> component:

    at UI (/Users/zoamel/Workspace/redux-ui/src/ui.js:89:9)
    at ConnectFunction (/Users/zoamel/Workspace/redux-ui/node_modules/react-redux/lib/components/connectAdvanced.js:235:41)
    at div
    at Provider (/Users/zoamel/Workspace/redux-ui/node_modules/react-redux/lib/components/Provider.js:21:20)

Consider adding an error boundary to your tree to customize error handling behavior.
Visit https://reactjs.org/link/error-boundaries to learn more about error boundaries.
The above error occurred in the <UI> component:

    at UI (/Users/zoamel/Workspace/redux-ui/src/ui.js:89:9)
    at ConnectFunction (/Users/zoamel/Workspace/redux-ui/node_modules/react-redux/lib/components/connectAdvanced.js:235:41)
    at div
    at Provider (/Users/zoamel/Workspace/redux-ui/node_modules/react-redux/lib/components/Provider.js:21:20)

Consider adding an error boundary to your tree to customize error handling behavior.
Visit https://reactjs.org/link/error-boundaries to learn more about error boundaries.
The above error occurred in the <UI> component:

    at UI (/Users/zoamel/Workspace/redux-ui/src/ui.js:89:9)
    at ConnectFunction (/Users/zoamel/Workspace/redux-ui/node_modules/react-redux/lib/components/connectAdvanced.js:235:41)
    at div
    at Provider (/Users/zoamel/Workspace/redux-ui/node_modules/react-redux/lib/components/Provider.js:21:20)

Consider adding an error boundary to your tree to customize error handling behavior.
Visit https://reactjs.org/link/error-boundaries to learn more about error boundaries.
      16) assigns a random key to the component
    opts.key !== undefined
Error: Uncaught [TypeError: this.props.ui.getIn is not a function]
    at reportException (/Users/zoamel/Workspace/redux-ui/node_modules/jsdom/lib/jsdom/living/helpers/runtime-script-errors.js:66:24)
    at innerInvokeEventListeners (/Users/zoamel/Workspace/redux-ui/node_modules/jsdom/lib/jsdom/living/events/EventTarget-impl.js:353:9)
    at invokeEventListeners (/Users/zoamel/Workspace/redux-ui/node_modules/jsdom/lib/jsdom/living/events/EventTarget-impl.js:286:3)
    at HTMLUnknownElementImpl._dispatch (/Users/zoamel/Workspace/redux-ui/node_modules/jsdom/lib/jsdom/living/events/EventTarget-impl.js:233:9)
    at HTMLUnknownElementImpl.dispatchEvent (/Users/zoamel/Workspace/redux-ui/node_modules/jsdom/lib/jsdom/living/events/EventTarget-impl.js:104:17)
    at HTMLUnknownElement.dispatchEvent (/Users/zoamel/Workspace/redux-ui/node_modules/jsdom/lib/jsdom/living/generated/EventTarget.js:241:34)
    at Object.invokeGuardedCallbackDev (/Users/zoamel/Workspace/redux-ui/node_modules/react-dom/cjs/react-dom.development.js:3994:16)
    at invokeGuardedCallback (/Users/zoamel/Workspace/redux-ui/node_modules/react-dom/cjs/react-dom.development.js:4056:31)
    at beginWork$1 (/Users/zoamel/Workspace/redux-ui/node_modules/react-dom/cjs/react-dom.development.js:23964:7)
    at performUnitOfWork (/Users/zoamel/Workspace/redux-ui/node_modules/react-dom/cjs/react-dom.development.js:22779:12)
    at workLoopSync (/Users/zoamel/Workspace/redux-ui/node_modules/react-dom/cjs/react-dom.development.js:22707:5)
    at renderRootSync (/Users/zoamel/Workspace/redux-ui/node_modules/react-dom/cjs/react-dom.development.js:22670:7)
    at performSyncWorkOnRoot (/Users/zoamel/Workspace/redux-ui/node_modules/react-dom/cjs/react-dom.development.js:22293:18)
    at scheduleUpdateOnFiber (/Users/zoamel/Workspace/redux-ui/node_modules/react-dom/cjs/react-dom.development.js:21881:7)
    at updateContainer (/Users/zoamel/Workspace/redux-ui/node_modules/react-dom/cjs/react-dom.development.js:25482:3)
    at /Users/zoamel/Workspace/redux-ui/node_modules/react-dom/cjs/react-dom.development.js:26021:7
    at unbatchedUpdates (/Users/zoamel/Workspace/redux-ui/node_modules/react-dom/cjs/react-dom.development.js:22431:12)
    at legacyRenderSubtreeIntoContainer (/Users/zoamel/Workspace/redux-ui/node_modules/react-dom/cjs/react-dom.development.js:26020:5)
    at Object.render (/Users/zoamel/Workspace/redux-ui/node_modules/react-dom/cjs/react-dom.development.js:26103:10)
    at Object.renderIntoDocument (/Users/zoamel/Workspace/redux-ui/node_modules/react-dom/cjs/react-dom-test-utils.development.js:1598:19)
    at render (/Users/zoamel/Workspace/redux-ui/test/utils/render.js:21:25)
    at Context.<anonymous> (/Users/zoamel/Workspace/redux-ui/test/ui/key.js:47:26)
    at callFn (/Users/zoamel/Workspace/redux-ui/node_modules/mocha/lib/runnable.js:326:21)
    at Test.Runnable.run (/Users/zoamel/Workspace/redux-ui/node_modules/mocha/lib/runnable.js:319:7)
    at Runner.runTest (/Users/zoamel/Workspace/redux-ui/node_modules/mocha/lib/runner.js:422:10)
    at /Users/zoamel/Workspace/redux-ui/node_modules/mocha/lib/runner.js:528:12
    at next (/Users/zoamel/Workspace/redux-ui/node_modules/mocha/lib/runner.js:342:14)
    at /Users/zoamel/Workspace/redux-ui/node_modules/mocha/lib/runner.js:352:7
    at next (/Users/zoamel/Workspace/redux-ui/node_modules/mocha/lib/runner.js:284:14)
    at Immediate._onImmediate (/Users/zoamel/Workspace/redux-ui/node_modules/mocha/lib/runner.js:320:5)
    at processImmediate (node:internal/timers:485:21) TypeError: this.props.ui.getIn is not a function
    at UI.UNSAFE_componentWillMount (/Users/zoamel/Workspace/redux-ui/src/ui.js:127:35)
    at callComponentWillMount (/Users/zoamel/Workspace/redux-ui/node_modules/react-dom/cjs/react-dom.development.js:12788:14)
    at mountClassInstance (/Users/zoamel/Workspace/redux-ui/node_modules/react-dom/cjs/react-dom.development.js:12878:5)
    at updateClassComponent (/Users/zoamel/Workspace/redux-ui/node_modules/react-dom/cjs/react-dom.development.js:17426:5)
    at beginWork (/Users/zoamel/Workspace/redux-ui/node_modules/react-dom/cjs/react-dom.development.js:19073:16)
    at HTMLUnknownElement.callCallback (/Users/zoamel/Workspace/redux-ui/node_modules/react-dom/cjs/react-dom.development.js:3945:14)
    at HTMLUnknownElement.callTheUserObjectsOperation (/Users/zoamel/Workspace/redux-ui/node_modules/jsdom/lib/jsdom/living/generated/EventListener.js:26:30)
    at innerInvokeEventListeners (/Users/zoamel/Workspace/redux-ui/node_modules/jsdom/lib/jsdom/living/events/EventTarget-impl.js:350:25)
    at invokeEventListeners (/Users/zoamel/Workspace/redux-ui/node_modules/jsdom/lib/jsdom/living/events/EventTarget-impl.js:286:3)
    at HTMLUnknownElementImpl._dispatch (/Users/zoamel/Workspace/redux-ui/node_modules/jsdom/lib/jsdom/living/events/EventTarget-impl.js:233:9)
    at HTMLUnknownElementImpl.dispatchEvent (/Users/zoamel/Workspace/redux-ui/node_modules/jsdom/lib/jsdom/living/events/EventTarget-impl.js:104:17)
    at HTMLUnknownElement.dispatchEvent (/Users/zoamel/Workspace/redux-ui/node_modules/jsdom/lib/jsdom/living/generated/EventTarget.js:241:34)
    at Object.invokeGuardedCallbackDev (/Users/zoamel/Workspace/redux-ui/node_modules/react-dom/cjs/react-dom.development.js:3994:16)
    at invokeGuardedCallback (/Users/zoamel/Workspace/redux-ui/node_modules/react-dom/cjs/react-dom.development.js:4056:31)
    at beginWork$1 (/Users/zoamel/Workspace/redux-ui/node_modules/react-dom/cjs/react-dom.development.js:23964:7)
    at performUnitOfWork (/Users/zoamel/Workspace/redux-ui/node_modules/react-dom/cjs/react-dom.development.js:22779:12)
    at workLoopSync (/Users/zoamel/Workspace/redux-ui/node_modules/react-dom/cjs/react-dom.development.js:22707:5)
    at renderRootSync (/Users/zoamel/Workspace/redux-ui/node_modules/react-dom/cjs/react-dom.development.js:22670:7)
    at performSyncWorkOnRoot (/Users/zoamel/Workspace/redux-ui/node_modules/react-dom/cjs/react-dom.development.js:22293:18)
    at scheduleUpdateOnFiber (/Users/zoamel/Workspace/redux-ui/node_modules/react-dom/cjs/react-dom.development.js:21881:7)
    at updateContainer (/Users/zoamel/Workspace/redux-ui/node_modules/react-dom/cjs/react-dom.development.js:25482:3)
    at /Users/zoamel/Workspace/redux-ui/node_modules/react-dom/cjs/react-dom.development.js:26021:7
    at unbatchedUpdates (/Users/zoamel/Workspace/redux-ui/node_modules/react-dom/cjs/react-dom.development.js:22431:12)
    at legacyRenderSubtreeIntoContainer (/Users/zoamel/Workspace/redux-ui/node_modules/react-dom/cjs/react-dom.development.js:26020:5)
    at Object.render (/Users/zoamel/Workspace/redux-ui/node_modules/react-dom/cjs/react-dom.development.js:26103:10)
    at Object.renderIntoDocument (/Users/zoamel/Workspace/redux-ui/node_modules/react-dom/cjs/react-dom-test-utils.development.js:1598:19)
    at render (/Users/zoamel/Workspace/redux-ui/test/utils/render.js:21:25)
    at Context.<anonymous> (/Users/zoamel/Workspace/redux-ui/test/ui/key.js:47:26)
    at callFn (/Users/zoamel/Workspace/redux-ui/node_modules/mocha/lib/runnable.js:326:21)
    at Test.Runnable.run (/Users/zoamel/Workspace/redux-ui/node_modules/mocha/lib/runnable.js:319:7)
    at Runner.runTest (/Users/zoamel/Workspace/redux-ui/node_modules/mocha/lib/runner.js:422:10)
    at /Users/zoamel/Workspace/redux-ui/node_modules/mocha/lib/runner.js:528:12
    at next (/Users/zoamel/Workspace/redux-ui/node_modules/mocha/lib/runner.js:342:14)
    at /Users/zoamel/Workspace/redux-ui/node_modules/mocha/lib/runner.js:352:7
    at next (/Users/zoamel/Workspace/redux-ui/node_modules/mocha/lib/runner.js:284:14)
    at Immediate._onImmediate (/Users/zoamel/Workspace/redux-ui/node_modules/mocha/lib/runner.js:320:5)
    at processImmediate (node:internal/timers:485:21)
The above error occurred in the <UI> component:

    at UI (/Users/zoamel/Workspace/redux-ui/src/ui.js:89:9)
    at ConnectFunction (/Users/zoamel/Workspace/redux-ui/node_modules/react-redux/lib/components/connectAdvanced.js:235:41)
    at Provider (/Users/zoamel/Workspace/redux-ui/node_modules/react-redux/lib/components/Provider.js:21:20)

Consider adding an error boundary to your tree to customize error handling behavior.
Visit https://reactjs.org/link/error-boundaries to learn more about error boundaries.
      17) uses the specified key
    props.uiPath
Error: Uncaught [TypeError: this.props.ui.getIn is not a function]
    at reportException (/Users/zoamel/Workspace/redux-ui/node_modules/jsdom/lib/jsdom/living/helpers/runtime-script-errors.js:66:24)
    at innerInvokeEventListeners (/Users/zoamel/Workspace/redux-ui/node_modules/jsdom/lib/jsdom/living/events/EventTarget-impl.js:353:9)
    at invokeEventListeners (/Users/zoamel/Workspace/redux-ui/node_modules/jsdom/lib/jsdom/living/events/EventTarget-impl.js:286:3)
    at HTMLUnknownElementImpl._dispatch (/Users/zoamel/Workspace/redux-ui/node_modules/jsdom/lib/jsdom/living/events/EventTarget-impl.js:233:9)
    at HTMLUnknownElementImpl.dispatchEvent (/Users/zoamel/Workspace/redux-ui/node_modules/jsdom/lib/jsdom/living/events/EventTarget-impl.js:104:17)
    at HTMLUnknownElement.dispatchEvent (/Users/zoamel/Workspace/redux-ui/node_modules/jsdom/lib/jsdom/living/generated/EventTarget.js:241:34)
    at Object.invokeGuardedCallbackDev (/Users/zoamel/Workspace/redux-ui/node_modules/react-dom/cjs/react-dom.development.js:3994:16)
    at invokeGuardedCallback (/Users/zoamel/Workspace/redux-ui/node_modules/react-dom/cjs/react-dom.development.js:4056:31)
    at beginWork$1 (/Users/zoamel/Workspace/redux-ui/node_modules/react-dom/cjs/react-dom.development.js:23964:7)
    at performUnitOfWork (/Users/zoamel/Workspace/redux-ui/node_modules/react-dom/cjs/react-dom.development.js:22779:12)
    at workLoopSync (/Users/zoamel/Workspace/redux-ui/node_modules/react-dom/cjs/react-dom.development.js:22707:5)
    at renderRootSync (/Users/zoamel/Workspace/redux-ui/node_modules/react-dom/cjs/react-dom.development.js:22670:7)
    at performSyncWorkOnRoot (/Users/zoamel/Workspace/redux-ui/node_modules/react-dom/cjs/react-dom.development.js:22293:18)
    at scheduleUpdateOnFiber (/Users/zoamel/Workspace/redux-ui/node_modules/react-dom/cjs/react-dom.development.js:21881:7)
    at updateContainer (/Users/zoamel/Workspace/redux-ui/node_modules/react-dom/cjs/react-dom.development.js:25482:3)
    at /Users/zoamel/Workspace/redux-ui/node_modules/react-dom/cjs/react-dom.development.js:26021:7
    at unbatchedUpdates (/Users/zoamel/Workspace/redux-ui/node_modules/react-dom/cjs/react-dom.development.js:22431:12)
    at legacyRenderSubtreeIntoContainer (/Users/zoamel/Workspace/redux-ui/node_modules/react-dom/cjs/react-dom.development.js:26020:5)
    at Object.render (/Users/zoamel/Workspace/redux-ui/node_modules/react-dom/cjs/react-dom.development.js:26103:10)
    at Object.renderIntoDocument (/Users/zoamel/Workspace/redux-ui/node_modules/react-dom/cjs/react-dom-test-utils.development.js:1598:19)
    at render (/Users/zoamel/Workspace/redux-ui/test/utils/render.js:21:25)
    at renderAndFind (/Users/zoamel/Workspace/redux-ui/test/utils/render.js:31:16)
    at Context.<anonymous> (/Users/zoamel/Workspace/redux-ui/test/ui/key.js:58:30)
    at callFn (/Users/zoamel/Workspace/redux-ui/node_modules/mocha/lib/runnable.js:326:21)
    at Test.Runnable.run (/Users/zoamel/Workspace/redux-ui/node_modules/mocha/lib/runnable.js:319:7)
    at Runner.runTest (/Users/zoamel/Workspace/redux-ui/node_modules/mocha/lib/runner.js:422:10)
    at /Users/zoamel/Workspace/redux-ui/node_modules/mocha/lib/runner.js:528:12
    at next (/Users/zoamel/Workspace/redux-ui/node_modules/mocha/lib/runner.js:342:14)
    at /Users/zoamel/Workspace/redux-ui/node_modules/mocha/lib/runner.js:352:7
    at next (/Users/zoamel/Workspace/redux-ui/node_modules/mocha/lib/runner.js:284:14)
    at Immediate._onImmediate (/Users/zoamel/Workspace/redux-ui/node_modules/mocha/lib/runner.js:320:5)
    at processImmediate (node:internal/timers:485:21) TypeError: this.props.ui.getIn is not a function
    at UI.UNSAFE_componentWillMount (/Users/zoamel/Workspace/redux-ui/src/ui.js:127:35)
    at callComponentWillMount (/Users/zoamel/Workspace/redux-ui/node_modules/react-dom/cjs/react-dom.development.js:12788:14)
    at mountClassInstance (/Users/zoamel/Workspace/redux-ui/node_modules/react-dom/cjs/react-dom.development.js:12878:5)
    at updateClassComponent (/Users/zoamel/Workspace/redux-ui/node_modules/react-dom/cjs/react-dom.development.js:17426:5)
    at beginWork (/Users/zoamel/Workspace/redux-ui/node_modules/react-dom/cjs/react-dom.development.js:19073:16)
    at HTMLUnknownElement.callCallback (/Users/zoamel/Workspace/redux-ui/node_modules/react-dom/cjs/react-dom.development.js:3945:14)
    at HTMLUnknownElement.callTheUserObjectsOperation (/Users/zoamel/Workspace/redux-ui/node_modules/jsdom/lib/jsdom/living/generated/EventListener.js:26:30)
    at innerInvokeEventListeners (/Users/zoamel/Workspace/redux-ui/node_modules/jsdom/lib/jsdom/living/events/EventTarget-impl.js:350:25)
    at invokeEventListeners (/Users/zoamel/Workspace/redux-ui/node_modules/jsdom/lib/jsdom/living/events/EventTarget-impl.js:286:3)
    at HTMLUnknownElementImpl._dispatch (/Users/zoamel/Workspace/redux-ui/node_modules/jsdom/lib/jsdom/living/events/EventTarget-impl.js:233:9)
    at HTMLUnknownElementImpl.dispatchEvent (/Users/zoamel/Workspace/redux-ui/node_modules/jsdom/lib/jsdom/living/events/EventTarget-impl.js:104:17)
    at HTMLUnknownElement.dispatchEvent (/Users/zoamel/Workspace/redux-ui/node_modules/jsdom/lib/jsdom/living/generated/EventTarget.js:241:34)
    at Object.invokeGuardedCallbackDev (/Users/zoamel/Workspace/redux-ui/node_modules/react-dom/cjs/react-dom.development.js:3994:16)
    at invokeGuardedCallback (/Users/zoamel/Workspace/redux-ui/node_modules/react-dom/cjs/react-dom.development.js:4056:31)
    at beginWork$1 (/Users/zoamel/Workspace/redux-ui/node_modules/react-dom/cjs/react-dom.development.js:23964:7)
    at performUnitOfWork (/Users/zoamel/Workspace/redux-ui/node_modules/react-dom/cjs/react-dom.development.js:22779:12)
    at workLoopSync (/Users/zoamel/Workspace/redux-ui/node_modules/react-dom/cjs/react-dom.development.js:22707:5)
    at renderRootSync (/Users/zoamel/Workspace/redux-ui/node_modules/react-dom/cjs/react-dom.development.js:22670:7)
    at performSyncWorkOnRoot (/Users/zoamel/Workspace/redux-ui/node_modules/react-dom/cjs/react-dom.development.js:22293:18)
    at scheduleUpdateOnFiber (/Users/zoamel/Workspace/redux-ui/node_modules/react-dom/cjs/react-dom.development.js:21881:7)
    at updateContainer (/Users/zoamel/Workspace/redux-ui/node_modules/react-dom/cjs/react-dom.development.js:25482:3)
    at /Users/zoamel/Workspace/redux-ui/node_modules/react-dom/cjs/react-dom.development.js:26021:7
    at unbatchedUpdates (/Users/zoamel/Workspace/redux-ui/node_modules/react-dom/cjs/react-dom.development.js:22431:12)
    at legacyRenderSubtreeIntoContainer (/Users/zoamel/Workspace/redux-ui/node_modules/react-dom/cjs/react-dom.development.js:26020:5)
    at Object.render (/Users/zoamel/Workspace/redux-ui/node_modules/react-dom/cjs/react-dom.development.js:26103:10)
    at Object.renderIntoDocument (/Users/zoamel/Workspace/redux-ui/node_modules/react-dom/cjs/react-dom-test-utils.development.js:1598:19)
    at render (/Users/zoamel/Workspace/redux-ui/test/utils/render.js:21:25)
    at renderAndFind (/Users/zoamel/Workspace/redux-ui/test/utils/render.js:31:16)
    at Context.<anonymous> (/Users/zoamel/Workspace/redux-ui/test/ui/key.js:58:30)
    at callFn (/Users/zoamel/Workspace/redux-ui/node_modules/mocha/lib/runnable.js:326:21)
    at Test.Runnable.run (/Users/zoamel/Workspace/redux-ui/node_modules/mocha/lib/runnable.js:319:7)
    at Runner.runTest (/Users/zoamel/Workspace/redux-ui/node_modules/mocha/lib/runner.js:422:10)
    at /Users/zoamel/Workspace/redux-ui/node_modules/mocha/lib/runner.js:528:12
    at next (/Users/zoamel/Workspace/redux-ui/node_modules/mocha/lib/runner.js:342:14)
    at /Users/zoamel/Workspace/redux-ui/node_modules/mocha/lib/runner.js:352:7
    at next (/Users/zoamel/Workspace/redux-ui/node_modules/mocha/lib/runner.js:284:14)
    at Immediate._onImmediate (/Users/zoamel/Workspace/redux-ui/node_modules/mocha/lib/runner.js:320:5)
    at processImmediate (node:internal/timers:485:21)
The above error occurred in the <UI> component:

    at UI (/Users/zoamel/Workspace/redux-ui/src/ui.js:89:9)
    at ConnectFunction (/Users/zoamel/Workspace/redux-ui/node_modules/react-redux/lib/components/connectAdvanced.js:235:41)
    at Provider (/Users/zoamel/Workspace/redux-ui/node_modules/react-redux/lib/components/Provider.js:21:20)

Consider adding an error boundary to your tree to customize error handling behavior.
Visit https://reactjs.org/link/error-boundaries to learn more about error boundaries.
      18) exposes uiPath

  @connect options
Error: Uncaught [TypeError: this.props.ui.getIn is not a function]
    at reportException (/Users/zoamel/Workspace/redux-ui/node_modules/jsdom/lib/jsdom/living/helpers/runtime-script-errors.js:66:24)
    at innerInvokeEventListeners (/Users/zoamel/Workspace/redux-ui/node_modules/jsdom/lib/jsdom/living/events/EventTarget-impl.js:353:9)
    at invokeEventListeners (/Users/zoamel/Workspace/redux-ui/node_modules/jsdom/lib/jsdom/living/events/EventTarget-impl.js:286:3)
    at HTMLUnknownElementImpl._dispatch (/Users/zoamel/Workspace/redux-ui/node_modules/jsdom/lib/jsdom/living/events/EventTarget-impl.js:233:9)
    at HTMLUnknownElementImpl.dispatchEvent (/Users/zoamel/Workspace/redux-ui/node_modules/jsdom/lib/jsdom/living/events/EventTarget-impl.js:104:17)
    at HTMLUnknownElement.dispatchEvent (/Users/zoamel/Workspace/redux-ui/node_modules/jsdom/lib/jsdom/living/generated/EventTarget.js:241:34)
    at Object.invokeGuardedCallbackDev (/Users/zoamel/Workspace/redux-ui/node_modules/react-dom/cjs/react-dom.development.js:3994:16)
    at invokeGuardedCallback (/Users/zoamel/Workspace/redux-ui/node_modules/react-dom/cjs/react-dom.development.js:4056:31)
    at beginWork$1 (/Users/zoamel/Workspace/redux-ui/node_modules/react-dom/cjs/react-dom.development.js:23964:7)
    at performUnitOfWork (/Users/zoamel/Workspace/redux-ui/node_modules/react-dom/cjs/react-dom.development.js:22779:12)
    at workLoopSync (/Users/zoamel/Workspace/redux-ui/node_modules/react-dom/cjs/react-dom.development.js:22707:5)
    at renderRootSync (/Users/zoamel/Workspace/redux-ui/node_modules/react-dom/cjs/react-dom.development.js:22670:7)
    at performSyncWorkOnRoot (/Users/zoamel/Workspace/redux-ui/node_modules/react-dom/cjs/react-dom.development.js:22293:18)
    at scheduleUpdateOnFiber (/Users/zoamel/Workspace/redux-ui/node_modules/react-dom/cjs/react-dom.development.js:21881:7)
    at updateContainer (/Users/zoamel/Workspace/redux-ui/node_modules/react-dom/cjs/react-dom.development.js:25482:3)
    at /Users/zoamel/Workspace/redux-ui/node_modules/react-dom/cjs/react-dom.development.js:26021:7
    at unbatchedUpdates (/Users/zoamel/Workspace/redux-ui/node_modules/react-dom/cjs/react-dom.development.js:22431:12)
    at legacyRenderSubtreeIntoContainer (/Users/zoamel/Workspace/redux-ui/node_modules/react-dom/cjs/react-dom.development.js:26020:5)
    at Object.render (/Users/zoamel/Workspace/redux-ui/node_modules/react-dom/cjs/react-dom.development.js:26103:10)
    at Object.renderIntoDocument (/Users/zoamel/Workspace/redux-ui/node_modules/react-dom/cjs/react-dom-test-utils.development.js:1598:19)
    at render (/Users/zoamel/Workspace/redux-ui/test/utils/render.js:21:25)
    at renderAndFind (/Users/zoamel/Workspace/redux-ui/test/utils/render.js:31:16)
    at Context.<anonymous> (/Users/zoamel/Workspace/redux-ui/test/ui/opts.js:29:28)
    at callFn (/Users/zoamel/Workspace/redux-ui/node_modules/mocha/lib/runnable.js:326:21)
    at Test.Runnable.run (/Users/zoamel/Workspace/redux-ui/node_modules/mocha/lib/runnable.js:319:7)
    at Runner.runTest (/Users/zoamel/Workspace/redux-ui/node_modules/mocha/lib/runner.js:422:10)
    at /Users/zoamel/Workspace/redux-ui/node_modules/mocha/lib/runner.js:528:12
    at next (/Users/zoamel/Workspace/redux-ui/node_modules/mocha/lib/runner.js:342:14)
    at /Users/zoamel/Workspace/redux-ui/node_modules/mocha/lib/runner.js:352:7
    at next (/Users/zoamel/Workspace/redux-ui/node_modules/mocha/lib/runner.js:284:14)
    at Immediate._onImmediate (/Users/zoamel/Workspace/redux-ui/node_modules/mocha/lib/runner.js:320:5)
    at processImmediate (node:internal/timers:485:21) TypeError: this.props.ui.getIn is not a function
    at UI.UNSAFE_componentWillMount (/Users/zoamel/Workspace/redux-ui/src/ui.js:127:35)
    at callComponentWillMount (/Users/zoamel/Workspace/redux-ui/node_modules/react-dom/cjs/react-dom.development.js:12788:14)
    at mountClassInstance (/Users/zoamel/Workspace/redux-ui/node_modules/react-dom/cjs/react-dom.development.js:12878:5)
    at updateClassComponent (/Users/zoamel/Workspace/redux-ui/node_modules/react-dom/cjs/react-dom.development.js:17426:5)
    at beginWork (/Users/zoamel/Workspace/redux-ui/node_modules/react-dom/cjs/react-dom.development.js:19073:16)
    at HTMLUnknownElement.callCallback (/Users/zoamel/Workspace/redux-ui/node_modules/react-dom/cjs/react-dom.development.js:3945:14)
    at HTMLUnknownElement.callTheUserObjectsOperation (/Users/zoamel/Workspace/redux-ui/node_modules/jsdom/lib/jsdom/living/generated/EventListener.js:26:30)
    at innerInvokeEventListeners (/Users/zoamel/Workspace/redux-ui/node_modules/jsdom/lib/jsdom/living/events/EventTarget-impl.js:350:25)
    at invokeEventListeners (/Users/zoamel/Workspace/redux-ui/node_modules/jsdom/lib/jsdom/living/events/EventTarget-impl.js:286:3)
    at HTMLUnknownElementImpl._dispatch (/Users/zoamel/Workspace/redux-ui/node_modules/jsdom/lib/jsdom/living/events/EventTarget-impl.js:233:9)
    at HTMLUnknownElementImpl.dispatchEvent (/Users/zoamel/Workspace/redux-ui/node_modules/jsdom/lib/jsdom/living/events/EventTarget-impl.js:104:17)
    at HTMLUnknownElement.dispatchEvent (/Users/zoamel/Workspace/redux-ui/node_modules/jsdom/lib/jsdom/living/generated/EventTarget.js:241:34)
    at Object.invokeGuardedCallbackDev (/Users/zoamel/Workspace/redux-ui/node_modules/react-dom/cjs/react-dom.development.js:3994:16)
    at invokeGuardedCallback (/Users/zoamel/Workspace/redux-ui/node_modules/react-dom/cjs/react-dom.development.js:4056:31)
    at beginWork$1 (/Users/zoamel/Workspace/redux-ui/node_modules/react-dom/cjs/react-dom.development.js:23964:7)
    at performUnitOfWork (/Users/zoamel/Workspace/redux-ui/node_modules/react-dom/cjs/react-dom.development.js:22779:12)
    at workLoopSync (/Users/zoamel/Workspace/redux-ui/node_modules/react-dom/cjs/react-dom.development.js:22707:5)
    at renderRootSync (/Users/zoamel/Workspace/redux-ui/node_modules/react-dom/cjs/react-dom.development.js:22670:7)
    at performSyncWorkOnRoot (/Users/zoamel/Workspace/redux-ui/node_modules/react-dom/cjs/react-dom.development.js:22293:18)
    at scheduleUpdateOnFiber (/Users/zoamel/Workspace/redux-ui/node_modules/react-dom/cjs/react-dom.development.js:21881:7)
    at updateContainer (/Users/zoamel/Workspace/redux-ui/node_modules/react-dom/cjs/react-dom.development.js:25482:3)
    at /Users/zoamel/Workspace/redux-ui/node_modules/react-dom/cjs/react-dom.development.js:26021:7
    at unbatchedUpdates (/Users/zoamel/Workspace/redux-ui/node_modules/react-dom/cjs/react-dom.development.js:22431:12)
    at legacyRenderSubtreeIntoContainer (/Users/zoamel/Workspace/redux-ui/node_modules/react-dom/cjs/react-dom.development.js:26020:5)
    at Object.render (/Users/zoamel/Workspace/redux-ui/node_modules/react-dom/cjs/react-dom.development.js:26103:10)
    at Object.renderIntoDocument (/Users/zoamel/Workspace/redux-ui/node_modules/react-dom/cjs/react-dom-test-utils.development.js:1598:19)
    at render (/Users/zoamel/Workspace/redux-ui/test/utils/render.js:21:25)
    at renderAndFind (/Users/zoamel/Workspace/redux-ui/test/utils/render.js:31:16)
    at Context.<anonymous> (/Users/zoamel/Workspace/redux-ui/test/ui/opts.js:29:28)
    at callFn (/Users/zoamel/Workspace/redux-ui/node_modules/mocha/lib/runnable.js:326:21)
    at Test.Runnable.run (/Users/zoamel/Workspace/redux-ui/node_modules/mocha/lib/runnable.js:319:7)
    at Runner.runTest (/Users/zoamel/Workspace/redux-ui/node_modules/mocha/lib/runner.js:422:10)
    at /Users/zoamel/Workspace/redux-ui/node_modules/mocha/lib/runner.js:528:12
    at next (/Users/zoamel/Workspace/redux-ui/node_modules/mocha/lib/runner.js:342:14)
    at /Users/zoamel/Workspace/redux-ui/node_modules/mocha/lib/runner.js:352:7
    at next (/Users/zoamel/Workspace/redux-ui/node_modules/mocha/lib/runner.js:284:14)
    at Immediate._onImmediate (/Users/zoamel/Workspace/redux-ui/node_modules/mocha/lib/runner.js:320:5)
    at processImmediate (node:internal/timers:485:21)
The above error occurred in the <UI> component:

    at UI (/Users/zoamel/Workspace/redux-ui/src/ui.js:89:9)
    at ConnectFunction (/Users/zoamel/Workspace/redux-ui/node_modules/react-redux/lib/components/connectAdvanced.js:235:41)
    at Provider (/Users/zoamel/Workspace/redux-ui/node_modules/react-redux/lib/components/Provider.js:21:20)

Consider adding an error boundary to your tree to customize error handling behavior.
Visit https://reactjs.org/link/error-boundaries to learn more about error boundaries.
    19) allows you to pass mergeProps into connect
    20) allows you to pass options into connect

  with a custom reducer
Error: Uncaught [TypeError: this.props.ui.getIn is not a function]
    at reportException (/Users/zoamel/Workspace/redux-ui/node_modules/jsdom/lib/jsdom/living/helpers/runtime-script-errors.js:66:24)
    at innerInvokeEventListeners (/Users/zoamel/Workspace/redux-ui/node_modules/jsdom/lib/jsdom/living/events/EventTarget-impl.js:353:9)
    at invokeEventListeners (/Users/zoamel/Workspace/redux-ui/node_modules/jsdom/lib/jsdom/living/events/EventTarget-impl.js:286:3)
    at HTMLUnknownElementImpl._dispatch (/Users/zoamel/Workspace/redux-ui/node_modules/jsdom/lib/jsdom/living/events/EventTarget-impl.js:233:9)
    at HTMLUnknownElementImpl.dispatchEvent (/Users/zoamel/Workspace/redux-ui/node_modules/jsdom/lib/jsdom/living/events/EventTarget-impl.js:104:17)
    at HTMLUnknownElement.dispatchEvent (/Users/zoamel/Workspace/redux-ui/node_modules/jsdom/lib/jsdom/living/generated/EventTarget.js:241:34)
    at Object.invokeGuardedCallbackDev (/Users/zoamel/Workspace/redux-ui/node_modules/react-dom/cjs/react-dom.development.js:3994:16)
    at invokeGuardedCallback (/Users/zoamel/Workspace/redux-ui/node_modules/react-dom/cjs/react-dom.development.js:4056:31)
    at beginWork$1 (/Users/zoamel/Workspace/redux-ui/node_modules/react-dom/cjs/react-dom.development.js:23964:7)
    at performUnitOfWork (/Users/zoamel/Workspace/redux-ui/node_modules/react-dom/cjs/react-dom.development.js:22779:12)
    at workLoopSync (/Users/zoamel/Workspace/redux-ui/node_modules/react-dom/cjs/react-dom.development.js:22707:5)
    at renderRootSync (/Users/zoamel/Workspace/redux-ui/node_modules/react-dom/cjs/react-dom.development.js:22670:7)
    at performSyncWorkOnRoot (/Users/zoamel/Workspace/redux-ui/node_modules/react-dom/cjs/react-dom.development.js:22293:18)
    at scheduleUpdateOnFiber (/Users/zoamel/Workspace/redux-ui/node_modules/react-dom/cjs/react-dom.development.js:21881:7)
    at updateContainer (/Users/zoamel/Workspace/redux-ui/node_modules/react-dom/cjs/react-dom.development.js:25482:3)
    at /Users/zoamel/Workspace/redux-ui/node_modules/react-dom/cjs/react-dom.development.js:26021:7
    at unbatchedUpdates (/Users/zoamel/Workspace/redux-ui/node_modules/react-dom/cjs/react-dom.development.js:22431:12)
    at legacyRenderSubtreeIntoContainer (/Users/zoamel/Workspace/redux-ui/node_modules/react-dom/cjs/react-dom.development.js:26020:5)
    at Object.render (/Users/zoamel/Workspace/redux-ui/node_modules/react-dom/cjs/react-dom.development.js:26103:10)
    at Object.renderIntoDocument (/Users/zoamel/Workspace/redux-ui/node_modules/react-dom/cjs/react-dom-test-utils.development.js:1598:19)
    at render (/Users/zoamel/Workspace/redux-ui/test/utils/render.js:21:25)
    at renderAndFind (/Users/zoamel/Workspace/redux-ui/test/utils/render.js:31:16)
    at Context.<anonymous> (/Users/zoamel/Workspace/redux-ui/test/ui/reducer.js:37:28)
    at callFn (/Users/zoamel/Workspace/redux-ui/node_modules/mocha/lib/runnable.js:326:21)
    at Test.Runnable.run (/Users/zoamel/Workspace/redux-ui/node_modules/mocha/lib/runnable.js:319:7)
    at Runner.runTest (/Users/zoamel/Workspace/redux-ui/node_modules/mocha/lib/runner.js:422:10)
    at /Users/zoamel/Workspace/redux-ui/node_modules/mocha/lib/runner.js:528:12
    at next (/Users/zoamel/Workspace/redux-ui/node_modules/mocha/lib/runner.js:342:14)
    at /Users/zoamel/Workspace/redux-ui/node_modules/mocha/lib/runner.js:352:7
    at next (/Users/zoamel/Workspace/redux-ui/node_modules/mocha/lib/runner.js:284:14)
    at Immediate._onImmediate (/Users/zoamel/Workspace/redux-ui/node_modules/mocha/lib/runner.js:320:5)
    at processImmediate (node:internal/timers:485:21) TypeError: this.props.ui.getIn is not a function
    at UI.UNSAFE_componentWillMount (/Users/zoamel/Workspace/redux-ui/src/ui.js:127:35)
    at callComponentWillMount (/Users/zoamel/Workspace/redux-ui/node_modules/react-dom/cjs/react-dom.development.js:12788:14)
    at mountClassInstance (/Users/zoamel/Workspace/redux-ui/node_modules/react-dom/cjs/react-dom.development.js:12878:5)
    at updateClassComponent (/Users/zoamel/Workspace/redux-ui/node_modules/react-dom/cjs/react-dom.development.js:17426:5)
    at beginWork (/Users/zoamel/Workspace/redux-ui/node_modules/react-dom/cjs/react-dom.development.js:19073:16)
    at HTMLUnknownElement.callCallback (/Users/zoamel/Workspace/redux-ui/node_modules/react-dom/cjs/react-dom.development.js:3945:14)
    at HTMLUnknownElement.callTheUserObjectsOperation (/Users/zoamel/Workspace/redux-ui/node_modules/jsdom/lib/jsdom/living/generated/EventListener.js:26:30)
    at innerInvokeEventListeners (/Users/zoamel/Workspace/redux-ui/node_modules/jsdom/lib/jsdom/living/events/EventTarget-impl.js:350:25)
    at invokeEventListeners (/Users/zoamel/Workspace/redux-ui/node_modules/jsdom/lib/jsdom/living/events/EventTarget-impl.js:286:3)
    at HTMLUnknownElementImpl._dispatch (/Users/zoamel/Workspace/redux-ui/node_modules/jsdom/lib/jsdom/living/events/EventTarget-impl.js:233:9)
    at HTMLUnknownElementImpl.dispatchEvent (/Users/zoamel/Workspace/redux-ui/node_modules/jsdom/lib/jsdom/living/events/EventTarget-impl.js:104:17)
    at HTMLUnknownElement.dispatchEvent (/Users/zoamel/Workspace/redux-ui/node_modules/jsdom/lib/jsdom/living/generated/EventTarget.js:241:34)
    at Object.invokeGuardedCallbackDev (/Users/zoamel/Workspace/redux-ui/node_modules/react-dom/cjs/react-dom.development.js:3994:16)
    at invokeGuardedCallback (/Users/zoamel/Workspace/redux-ui/node_modules/react-dom/cjs/react-dom.development.js:4056:31)
    at beginWork$1 (/Users/zoamel/Workspace/redux-ui/node_modules/react-dom/cjs/react-dom.development.js:23964:7)
    at performUnitOfWork (/Users/zoamel/Workspace/redux-ui/node_modules/react-dom/cjs/react-dom.development.js:22779:12)
    at workLoopSync (/Users/zoamel/Workspace/redux-ui/node_modules/react-dom/cjs/react-dom.development.js:22707:5)
    at renderRootSync (/Users/zoamel/Workspace/redux-ui/node_modules/react-dom/cjs/react-dom.development.js:22670:7)
    at performSyncWorkOnRoot (/Users/zoamel/Workspace/redux-ui/node_modules/react-dom/cjs/react-dom.development.js:22293:18)
    at scheduleUpdateOnFiber (/Users/zoamel/Workspace/redux-ui/node_modules/react-dom/cjs/react-dom.development.js:21881:7)
    at updateContainer (/Users/zoamel/Workspace/redux-ui/node_modules/react-dom/cjs/react-dom.development.js:25482:3)
    at /Users/zoamel/Workspace/redux-ui/node_modules/react-dom/cjs/react-dom.development.js:26021:7
    at unbatchedUpdates (/Users/zoamel/Workspace/redux-ui/node_modules/react-dom/cjs/react-dom.development.js:22431:12)
    at legacyRenderSubtreeIntoContainer (/Users/zoamel/Workspace/redux-ui/node_modules/react-dom/cjs/react-dom.development.js:26020:5)
    at Object.render (/Users/zoamel/Workspace/redux-ui/node_modules/react-dom/cjs/react-dom.development.js:26103:10)
    at Object.renderIntoDocument (/Users/zoamel/Workspace/redux-ui/node_modules/react-dom/cjs/react-dom-test-utils.development.js:1598:19)
    at render (/Users/zoamel/Workspace/redux-ui/test/utils/render.js:21:25)
    at renderAndFind (/Users/zoamel/Workspace/redux-ui/test/utils/render.js:31:16)
    at Context.<anonymous> (/Users/zoamel/Workspace/redux-ui/test/ui/reducer.js:37:28)
    at callFn (/Users/zoamel/Workspace/redux-ui/node_modules/mocha/lib/runnable.js:326:21)
    at Test.Runnable.run (/Users/zoamel/Workspace/redux-ui/node_modules/mocha/lib/runnable.js:319:7)
    at Runner.runTest (/Users/zoamel/Workspace/redux-ui/node_modules/mocha/lib/runner.js:422:10)
    at /Users/zoamel/Workspace/redux-ui/node_modules/mocha/lib/runner.js:528:12
    at next (/Users/zoamel/Workspace/redux-ui/node_modules/mocha/lib/runner.js:342:14)
    at /Users/zoamel/Workspace/redux-ui/node_modules/mocha/lib/runner.js:352:7
    at next (/Users/zoamel/Workspace/redux-ui/node_modules/mocha/lib/runner.js:284:14)
    at Immediate._onImmediate (/Users/zoamel/Workspace/redux-ui/node_modules/mocha/lib/runner.js:320:5)
    at processImmediate (node:internal/timers:485:21)
The above error occurred in the <UI> component:

    at UI (/Users/zoamel/Workspace/redux-ui/src/ui.js:89:9)
    at ConnectFunction (/Users/zoamel/Workspace/redux-ui/node_modules/react-redux/lib/components/connectAdvanced.js:235:41)
    at Provider (/Users/zoamel/Workspace/redux-ui/node_modules/react-redux/lib/components/Provider.js:21:20)

Consider adding an error boundary to your tree to customize error handling behavior.
Visit https://reactjs.org/link/error-boundaries to learn more about error boundaries.
    21) adds a custom reducer on mount and removes at unmount
Error: Uncaught [TypeError: this.props.ui.getIn is not a function]
    at reportException (/Users/zoamel/Workspace/redux-ui/node_modules/jsdom/lib/jsdom/living/helpers/runtime-script-errors.js:66:24)
    at innerInvokeEventListeners (/Users/zoamel/Workspace/redux-ui/node_modules/jsdom/lib/jsdom/living/events/EventTarget-impl.js:353:9)
    at invokeEventListeners (/Users/zoamel/Workspace/redux-ui/node_modules/jsdom/lib/jsdom/living/events/EventTarget-impl.js:286:3)
    at HTMLUnknownElementImpl._dispatch (/Users/zoamel/Workspace/redux-ui/node_modules/jsdom/lib/jsdom/living/events/EventTarget-impl.js:233:9)
    at HTMLUnknownElementImpl.dispatchEvent (/Users/zoamel/Workspace/redux-ui/node_modules/jsdom/lib/jsdom/living/events/EventTarget-impl.js:104:17)
    at HTMLUnknownElement.dispatchEvent (/Users/zoamel/Workspace/redux-ui/node_modules/jsdom/lib/jsdom/living/generated/EventTarget.js:241:34)
    at Object.invokeGuardedCallbackDev (/Users/zoamel/Workspace/redux-ui/node_modules/react-dom/cjs/react-dom.development.js:3994:16)
    at invokeGuardedCallback (/Users/zoamel/Workspace/redux-ui/node_modules/react-dom/cjs/react-dom.development.js:4056:31)
    at beginWork$1 (/Users/zoamel/Workspace/redux-ui/node_modules/react-dom/cjs/react-dom.development.js:23964:7)
    at performUnitOfWork (/Users/zoamel/Workspace/redux-ui/node_modules/react-dom/cjs/react-dom.development.js:22779:12)
    at workLoopSync (/Users/zoamel/Workspace/redux-ui/node_modules/react-dom/cjs/react-dom.development.js:22707:5)
    at renderRootSync (/Users/zoamel/Workspace/redux-ui/node_modules/react-dom/cjs/react-dom.development.js:22670:7)
    at performSyncWorkOnRoot (/Users/zoamel/Workspace/redux-ui/node_modules/react-dom/cjs/react-dom.development.js:22293:18)
    at scheduleUpdateOnFiber (/Users/zoamel/Workspace/redux-ui/node_modules/react-dom/cjs/react-dom.development.js:21881:7)
    at updateContainer (/Users/zoamel/Workspace/redux-ui/node_modules/react-dom/cjs/react-dom.development.js:25482:3)
    at /Users/zoamel/Workspace/redux-ui/node_modules/react-dom/cjs/react-dom.development.js:26021:7
    at unbatchedUpdates (/Users/zoamel/Workspace/redux-ui/node_modules/react-dom/cjs/react-dom.development.js:22431:12)
    at legacyRenderSubtreeIntoContainer (/Users/zoamel/Workspace/redux-ui/node_modules/react-dom/cjs/react-dom.development.js:26020:5)
    at Object.render (/Users/zoamel/Workspace/redux-ui/node_modules/react-dom/cjs/react-dom.development.js:26103:10)
    at Object.renderIntoDocument (/Users/zoamel/Workspace/redux-ui/node_modules/react-dom/cjs/react-dom-test-utils.development.js:1598:19)
    at render (/Users/zoamel/Workspace/redux-ui/test/utils/render.js:21:25)
    at renderAndFind (/Users/zoamel/Workspace/redux-ui/test/utils/render.js:31:16)
    at Context.<anonymous> (/Users/zoamel/Workspace/redux-ui/test/ui/reducer.js:50:28)
    at callFn (/Users/zoamel/Workspace/redux-ui/node_modules/mocha/lib/runnable.js:326:21)
    at Test.Runnable.run (/Users/zoamel/Workspace/redux-ui/node_modules/mocha/lib/runnable.js:319:7)
    at Runner.runTest (/Users/zoamel/Workspace/redux-ui/node_modules/mocha/lib/runner.js:422:10)
    at /Users/zoamel/Workspace/redux-ui/node_modules/mocha/lib/runner.js:528:12
    at next (/Users/zoamel/Workspace/redux-ui/node_modules/mocha/lib/runner.js:342:14)
    at /Users/zoamel/Workspace/redux-ui/node_modules/mocha/lib/runner.js:352:7
    at next (/Users/zoamel/Workspace/redux-ui/node_modules/mocha/lib/runner.js:284:14)
    at Immediate._onImmediate (/Users/zoamel/Workspace/redux-ui/node_modules/mocha/lib/runner.js:320:5)
    at processImmediate (node:internal/timers:485:21) TypeError: this.props.ui.getIn is not a function
    at UI.UNSAFE_componentWillMount (/Users/zoamel/Workspace/redux-ui/src/ui.js:127:35)
    at callComponentWillMount (/Users/zoamel/Workspace/redux-ui/node_modules/react-dom/cjs/react-dom.development.js:12788:14)
    at mountClassInstance (/Users/zoamel/Workspace/redux-ui/node_modules/react-dom/cjs/react-dom.development.js:12878:5)
    at updateClassComponent (/Users/zoamel/Workspace/redux-ui/node_modules/react-dom/cjs/react-dom.development.js:17426:5)
    at beginWork (/Users/zoamel/Workspace/redux-ui/node_modules/react-dom/cjs/react-dom.development.js:19073:16)
    at HTMLUnknownElement.callCallback (/Users/zoamel/Workspace/redux-ui/node_modules/react-dom/cjs/react-dom.development.js:3945:14)
    at HTMLUnknownElement.callTheUserObjectsOperation (/Users/zoamel/Workspace/redux-ui/node_modules/jsdom/lib/jsdom/living/generated/EventListener.js:26:30)
    at innerInvokeEventListeners (/Users/zoamel/Workspace/redux-ui/node_modules/jsdom/lib/jsdom/living/events/EventTarget-impl.js:350:25)
    at invokeEventListeners (/Users/zoamel/Workspace/redux-ui/node_modules/jsdom/lib/jsdom/living/events/EventTarget-impl.js:286:3)
    at HTMLUnknownElementImpl._dispatch (/Users/zoamel/Workspace/redux-ui/node_modules/jsdom/lib/jsdom/living/events/EventTarget-impl.js:233:9)
    at HTMLUnknownElementImpl.dispatchEvent (/Users/zoamel/Workspace/redux-ui/node_modules/jsdom/lib/jsdom/living/events/EventTarget-impl.js:104:17)
    at HTMLUnknownElement.dispatchEvent (/Users/zoamel/Workspace/redux-ui/node_modules/jsdom/lib/jsdom/living/generated/EventTarget.js:241:34)
    at Object.invokeGuardedCallbackDev (/Users/zoamel/Workspace/redux-ui/node_modules/react-dom/cjs/react-dom.development.js:3994:16)
    at invokeGuardedCallback (/Users/zoamel/Workspace/redux-ui/node_modules/react-dom/cjs/react-dom.development.js:4056:31)
    at beginWork$1 (/Users/zoamel/Workspace/redux-ui/node_modules/react-dom/cjs/react-dom.development.js:23964:7)
    at performUnitOfWork (/Users/zoamel/Workspace/redux-ui/node_modules/react-dom/cjs/react-dom.development.js:22779:12)
    at workLoopSync (/Users/zoamel/Workspace/redux-ui/node_modules/react-dom/cjs/react-dom.development.js:22707:5)
    at renderRootSync (/Users/zoamel/Workspace/redux-ui/node_modules/react-dom/cjs/react-dom.development.js:22670:7)
    at performSyncWorkOnRoot (/Users/zoamel/Workspace/redux-ui/node_modules/react-dom/cjs/react-dom.development.js:22293:18)
    at scheduleUpdateOnFiber (/Users/zoamel/Workspace/redux-ui/node_modules/react-dom/cjs/react-dom.development.js:21881:7)
    at updateContainer (/Users/zoamel/Workspace/redux-ui/node_modules/react-dom/cjs/react-dom.development.js:25482:3)
    at /Users/zoamel/Workspace/redux-ui/node_modules/react-dom/cjs/react-dom.development.js:26021:7
    at unbatchedUpdates (/Users/zoamel/Workspace/redux-ui/node_modules/react-dom/cjs/react-dom.development.js:22431:12)
    at legacyRenderSubtreeIntoContainer (/Users/zoamel/Workspace/redux-ui/node_modules/react-dom/cjs/react-dom.development.js:26020:5)
    at Object.render (/Users/zoamel/Workspace/redux-ui/node_modules/react-dom/cjs/react-dom.development.js:26103:10)
    at Object.renderIntoDocument (/Users/zoamel/Workspace/redux-ui/node_modules/react-dom/cjs/react-dom-test-utils.development.js:1598:19)
    at render (/Users/zoamel/Workspace/redux-ui/test/utils/render.js:21:25)
    at renderAndFind (/Users/zoamel/Workspace/redux-ui/test/utils/render.js:31:16)
    at Context.<anonymous> (/Users/zoamel/Workspace/redux-ui/test/ui/reducer.js:50:28)
    at callFn (/Users/zoamel/Workspace/redux-ui/node_modules/mocha/lib/runnable.js:326:21)
    at Test.Runnable.run (/Users/zoamel/Workspace/redux-ui/node_modules/mocha/lib/runnable.js:319:7)
    at Runner.runTest (/Users/zoamel/Workspace/redux-ui/node_modules/mocha/lib/runner.js:422:10)
    at /Users/zoamel/Workspace/redux-ui/node_modules/mocha/lib/runner.js:528:12
    at next (/Users/zoamel/Workspace/redux-ui/node_modules/mocha/lib/runner.js:342:14)
    at /Users/zoamel/Workspace/redux-ui/node_modules/mocha/lib/runner.js:352:7
    at next (/Users/zoamel/Workspace/redux-ui/node_modules/mocha/lib/runner.js:284:14)
    at Immediate._onImmediate (/Users/zoamel/Workspace/redux-ui/node_modules/mocha/lib/runner.js:320:5)
    at processImmediate (node:internal/timers:485:21)
The above error occurred in the <UI> component:

    at UI (/Users/zoamel/Workspace/redux-ui/src/ui.js:89:9)
    at ConnectFunction (/Users/zoamel/Workspace/redux-ui/node_modules/react-redux/lib/components/connectAdvanced.js:235:41)
    at Provider (/Users/zoamel/Workspace/redux-ui/node_modules/react-redux/lib/components/Provider.js:21:20)

Consider adding an error boundary to your tree to customize error handling behavior.
Visit https://reactjs.org/link/error-boundaries to learn more about error boundaries.
    22) updates props as expected
Error: Uncaught [TypeError: this.props.ui.getIn is not a function]
    at reportException (/Users/zoamel/Workspace/redux-ui/node_modules/jsdom/lib/jsdom/living/helpers/runtime-script-errors.js:66:24)
    at innerInvokeEventListeners (/Users/zoamel/Workspace/redux-ui/node_modules/jsdom/lib/jsdom/living/events/EventTarget-impl.js:353:9)
    at invokeEventListeners (/Users/zoamel/Workspace/redux-ui/node_modules/jsdom/lib/jsdom/living/events/EventTarget-impl.js:286:3)
    at HTMLUnknownElementImpl._dispatch (/Users/zoamel/Workspace/redux-ui/node_modules/jsdom/lib/jsdom/living/events/EventTarget-impl.js:233:9)
    at HTMLUnknownElementImpl.dispatchEvent (/Users/zoamel/Workspace/redux-ui/node_modules/jsdom/lib/jsdom/living/events/EventTarget-impl.js:104:17)
    at HTMLUnknownElement.dispatchEvent (/Users/zoamel/Workspace/redux-ui/node_modules/jsdom/lib/jsdom/living/generated/EventTarget.js:241:34)
    at Object.invokeGuardedCallbackDev (/Users/zoamel/Workspace/redux-ui/node_modules/react-dom/cjs/react-dom.development.js:3994:16)
    at invokeGuardedCallback (/Users/zoamel/Workspace/redux-ui/node_modules/react-dom/cjs/react-dom.development.js:4056:31)
    at beginWork$1 (/Users/zoamel/Workspace/redux-ui/node_modules/react-dom/cjs/react-dom.development.js:23964:7)
    at performUnitOfWork (/Users/zoamel/Workspace/redux-ui/node_modules/react-dom/cjs/react-dom.development.js:22779:12)
    at workLoopSync (/Users/zoamel/Workspace/redux-ui/node_modules/react-dom/cjs/react-dom.development.js:22707:5)
    at renderRootSync (/Users/zoamel/Workspace/redux-ui/node_modules/react-dom/cjs/react-dom.development.js:22670:7)
    at performSyncWorkOnRoot (/Users/zoamel/Workspace/redux-ui/node_modules/react-dom/cjs/react-dom.development.js:22293:18)
    at scheduleUpdateOnFiber (/Users/zoamel/Workspace/redux-ui/node_modules/react-dom/cjs/react-dom.development.js:21881:7)
    at updateContainer (/Users/zoamel/Workspace/redux-ui/node_modules/react-dom/cjs/react-dom.development.js:25482:3)
    at /Users/zoamel/Workspace/redux-ui/node_modules/react-dom/cjs/react-dom.development.js:26021:7
    at unbatchedUpdates (/Users/zoamel/Workspace/redux-ui/node_modules/react-dom/cjs/react-dom.development.js:22431:12)
    at legacyRenderSubtreeIntoContainer (/Users/zoamel/Workspace/redux-ui/node_modules/react-dom/cjs/react-dom.development.js:26020:5)
    at Object.render (/Users/zoamel/Workspace/redux-ui/node_modules/react-dom/cjs/react-dom.development.js:26103:10)
    at Object.renderIntoDocument (/Users/zoamel/Workspace/redux-ui/node_modules/react-dom/cjs/react-dom-test-utils.development.js:1598:19)
    at render (/Users/zoamel/Workspace/redux-ui/test/utils/render.js:21:25)
    at renderAndFind (/Users/zoamel/Workspace/redux-ui/test/utils/render.js:31:16)
    at Context.<anonymous> (/Users/zoamel/Workspace/redux-ui/test/ui/reducer.js:59:28)
    at callFn (/Users/zoamel/Workspace/redux-ui/node_modules/mocha/lib/runnable.js:326:21)
    at Test.Runnable.run (/Users/zoamel/Workspace/redux-ui/node_modules/mocha/lib/runnable.js:319:7)
    at Runner.runTest (/Users/zoamel/Workspace/redux-ui/node_modules/mocha/lib/runner.js:422:10)
    at /Users/zoamel/Workspace/redux-ui/node_modules/mocha/lib/runner.js:528:12
    at next (/Users/zoamel/Workspace/redux-ui/node_modules/mocha/lib/runner.js:342:14)
    at /Users/zoamel/Workspace/redux-ui/node_modules/mocha/lib/runner.js:352:7
    at next (/Users/zoamel/Workspace/redux-ui/node_modules/mocha/lib/runner.js:284:14)
    at Immediate._onImmediate (/Users/zoamel/Workspace/redux-ui/node_modules/mocha/lib/runner.js:320:5)
    at processImmediate (node:internal/timers:485:21) TypeError: this.props.ui.getIn is not a function
    at UI.UNSAFE_componentWillMount (/Users/zoamel/Workspace/redux-ui/src/ui.js:127:35)
    at callComponentWillMount (/Users/zoamel/Workspace/redux-ui/node_modules/react-dom/cjs/react-dom.development.js:12788:14)
    at mountClassInstance (/Users/zoamel/Workspace/redux-ui/node_modules/react-dom/cjs/react-dom.development.js:12878:5)
    at updateClassComponent (/Users/zoamel/Workspace/redux-ui/node_modules/react-dom/cjs/react-dom.development.js:17426:5)
    at beginWork (/Users/zoamel/Workspace/redux-ui/node_modules/react-dom/cjs/react-dom.development.js:19073:16)
    at HTMLUnknownElement.callCallback (/Users/zoamel/Workspace/redux-ui/node_modules/react-dom/cjs/react-dom.development.js:3945:14)
    at HTMLUnknownElement.callTheUserObjectsOperation (/Users/zoamel/Workspace/redux-ui/node_modules/jsdom/lib/jsdom/living/generated/EventListener.js:26:30)
    at innerInvokeEventListeners (/Users/zoamel/Workspace/redux-ui/node_modules/jsdom/lib/jsdom/living/events/EventTarget-impl.js:350:25)
    at invokeEventListeners (/Users/zoamel/Workspace/redux-ui/node_modules/jsdom/lib/jsdom/living/events/EventTarget-impl.js:286:3)
    at HTMLUnknownElementImpl._dispatch (/Users/zoamel/Workspace/redux-ui/node_modules/jsdom/lib/jsdom/living/events/EventTarget-impl.js:233:9)
    at HTMLUnknownElementImpl.dispatchEvent (/Users/zoamel/Workspace/redux-ui/node_modules/jsdom/lib/jsdom/living/events/EventTarget-impl.js:104:17)
    at HTMLUnknownElement.dispatchEvent (/Users/zoamel/Workspace/redux-ui/node_modules/jsdom/lib/jsdom/living/generated/EventTarget.js:241:34)
    at Object.invokeGuardedCallbackDev (/Users/zoamel/Workspace/redux-ui/node_modules/react-dom/cjs/react-dom.development.js:3994:16)
    at invokeGuardedCallback (/Users/zoamel/Workspace/redux-ui/node_modules/react-dom/cjs/react-dom.development.js:4056:31)
    at beginWork$1 (/Users/zoamel/Workspace/redux-ui/node_modules/react-dom/cjs/react-dom.development.js:23964:7)
    at performUnitOfWork (/Users/zoamel/Workspace/redux-ui/node_modules/react-dom/cjs/react-dom.development.js:22779:12)
    at workLoopSync (/Users/zoamel/Workspace/redux-ui/node_modules/react-dom/cjs/react-dom.development.js:22707:5)
    at renderRootSync (/Users/zoamel/Workspace/redux-ui/node_modules/react-dom/cjs/react-dom.development.js:22670:7)
    at performSyncWorkOnRoot (/Users/zoamel/Workspace/redux-ui/node_modules/react-dom/cjs/react-dom.development.js:22293:18)
    at scheduleUpdateOnFiber (/Users/zoamel/Workspace/redux-ui/node_modules/react-dom/cjs/react-dom.development.js:21881:7)
    at updateContainer (/Users/zoamel/Workspace/redux-ui/node_modules/react-dom/cjs/react-dom.development.js:25482:3)
    at /Users/zoamel/Workspace/redux-ui/node_modules/react-dom/cjs/react-dom.development.js:26021:7
    at unbatchedUpdates (/Users/zoamel/Workspace/redux-ui/node_modules/react-dom/cjs/react-dom.development.js:22431:12)
    at legacyRenderSubtreeIntoContainer (/Users/zoamel/Workspace/redux-ui/node_modules/react-dom/cjs/react-dom.development.js:26020:5)
    at Object.render (/Users/zoamel/Workspace/redux-ui/node_modules/react-dom/cjs/react-dom.development.js:26103:10)
    at Object.renderIntoDocument (/Users/zoamel/Workspace/redux-ui/node_modules/react-dom/cjs/react-dom-test-utils.development.js:1598:19)
    at render (/Users/zoamel/Workspace/redux-ui/test/utils/render.js:21:25)
    at renderAndFind (/Users/zoamel/Workspace/redux-ui/test/utils/render.js:31:16)
    at Context.<anonymous> (/Users/zoamel/Workspace/redux-ui/test/ui/reducer.js:59:28)
    at callFn (/Users/zoamel/Workspace/redux-ui/node_modules/mocha/lib/runnable.js:326:21)
    at Test.Runnable.run (/Users/zoamel/Workspace/redux-ui/node_modules/mocha/lib/runnable.js:319:7)
    at Runner.runTest (/Users/zoamel/Workspace/redux-ui/node_modules/mocha/lib/runner.js:422:10)
    at /Users/zoamel/Workspace/redux-ui/node_modules/mocha/lib/runner.js:528:12
    at next (/Users/zoamel/Workspace/redux-ui/node_modules/mocha/lib/runner.js:342:14)
    at /Users/zoamel/Workspace/redux-ui/node_modules/mocha/lib/runner.js:352:7
    at next (/Users/zoamel/Workspace/redux-ui/node_modules/mocha/lib/runner.js:284:14)
    at Immediate._onImmediate (/Users/zoamel/Workspace/redux-ui/node_modules/mocha/lib/runner.js:320:5)
    at processImmediate (node:internal/timers:485:21)
The above error occurred in the <UI> component:

    at UI (/Users/zoamel/Workspace/redux-ui/src/ui.js:89:9)
    at ConnectFunction (/Users/zoamel/Workspace/redux-ui/node_modules/react-redux/lib/components/connectAdvanced.js:235:41)
    at Provider (/Users/zoamel/Workspace/redux-ui/node_modules/react-redux/lib/components/Provider.js:21:20)

Consider adding an error boundary to your tree to customize error handling behavior.
Visit https://reactjs.org/link/error-boundaries to learn more about error boundaries.
    23) responds to actions using a custom reducer
    with children
Error: Uncaught [TypeError: this.props.ui.getIn is not a function]
    at reportException (/Users/zoamel/Workspace/redux-ui/node_modules/jsdom/lib/jsdom/living/helpers/runtime-script-errors.js:66:24)
    at innerInvokeEventListeners (/Users/zoamel/Workspace/redux-ui/node_modules/jsdom/lib/jsdom/living/events/EventTarget-impl.js:353:9)
    at invokeEventListeners (/Users/zoamel/Workspace/redux-ui/node_modules/jsdom/lib/jsdom/living/events/EventTarget-impl.js:286:3)
    at HTMLUnknownElementImpl._dispatch (/Users/zoamel/Workspace/redux-ui/node_modules/jsdom/lib/jsdom/living/events/EventTarget-impl.js:233:9)
    at HTMLUnknownElementImpl.dispatchEvent (/Users/zoamel/Workspace/redux-ui/node_modules/jsdom/lib/jsdom/living/events/EventTarget-impl.js:104:17)
    at HTMLUnknownElement.dispatchEvent (/Users/zoamel/Workspace/redux-ui/node_modules/jsdom/lib/jsdom/living/generated/EventTarget.js:241:34)
    at Object.invokeGuardedCallbackDev (/Users/zoamel/Workspace/redux-ui/node_modules/react-dom/cjs/react-dom.development.js:3994:16)
    at invokeGuardedCallback (/Users/zoamel/Workspace/redux-ui/node_modules/react-dom/cjs/react-dom.development.js:4056:31)
    at beginWork$1 (/Users/zoamel/Workspace/redux-ui/node_modules/react-dom/cjs/react-dom.development.js:23964:7)
    at performUnitOfWork (/Users/zoamel/Workspace/redux-ui/node_modules/react-dom/cjs/react-dom.development.js:22779:12)
    at workLoopSync (/Users/zoamel/Workspace/redux-ui/node_modules/react-dom/cjs/react-dom.development.js:22707:5)
    at renderRootSync (/Users/zoamel/Workspace/redux-ui/node_modules/react-dom/cjs/react-dom.development.js:22670:7)
    at performSyncWorkOnRoot (/Users/zoamel/Workspace/redux-ui/node_modules/react-dom/cjs/react-dom.development.js:22293:18)
    at scheduleUpdateOnFiber (/Users/zoamel/Workspace/redux-ui/node_modules/react-dom/cjs/react-dom.development.js:21881:7)
    at updateContainer (/Users/zoamel/Workspace/redux-ui/node_modules/react-dom/cjs/react-dom.development.js:25482:3)
    at /Users/zoamel/Workspace/redux-ui/node_modules/react-dom/cjs/react-dom.development.js:26021:7
    at unbatchedUpdates (/Users/zoamel/Workspace/redux-ui/node_modules/react-dom/cjs/react-dom.development.js:22431:12)
    at legacyRenderSubtreeIntoContainer (/Users/zoamel/Workspace/redux-ui/node_modules/react-dom/cjs/react-dom.development.js:26020:5)
    at Object.render (/Users/zoamel/Workspace/redux-ui/node_modules/react-dom/cjs/react-dom.development.js:26103:10)
    at Object.renderIntoDocument (/Users/zoamel/Workspace/redux-ui/node_modules/react-dom/cjs/react-dom-test-utils.development.js:1598:19)
    at render (/Users/zoamel/Workspace/redux-ui/test/utils/render.js:21:25)
    at Context.<anonymous> (/Users/zoamel/Workspace/redux-ui/test/ui/reducer.js:92:26)
    at callFn (/Users/zoamel/Workspace/redux-ui/node_modules/mocha/lib/runnable.js:326:21)
    at Test.Runnable.run (/Users/zoamel/Workspace/redux-ui/node_modules/mocha/lib/runnable.js:319:7)
    at Runner.runTest (/Users/zoamel/Workspace/redux-ui/node_modules/mocha/lib/runner.js:422:10)
    at /Users/zoamel/Workspace/redux-ui/node_modules/mocha/lib/runner.js:528:12
    at next (/Users/zoamel/Workspace/redux-ui/node_modules/mocha/lib/runner.js:342:14)
    at /Users/zoamel/Workspace/redux-ui/node_modules/mocha/lib/runner.js:352:7
    at next (/Users/zoamel/Workspace/redux-ui/node_modules/mocha/lib/runner.js:284:14)
    at Immediate._onImmediate (/Users/zoamel/Workspace/redux-ui/node_modules/mocha/lib/runner.js:320:5)
    at processImmediate (node:internal/timers:485:21) TypeError: this.props.ui.getIn is not a function
    at UI.UNSAFE_componentWillMount (/Users/zoamel/Workspace/redux-ui/src/ui.js:127:35)
    at callComponentWillMount (/Users/zoamel/Workspace/redux-ui/node_modules/react-dom/cjs/react-dom.development.js:12788:14)
    at mountClassInstance (/Users/zoamel/Workspace/redux-ui/node_modules/react-dom/cjs/react-dom.development.js:12878:5)
    at updateClassComponent (/Users/zoamel/Workspace/redux-ui/node_modules/react-dom/cjs/react-dom.development.js:17426:5)
    at beginWork (/Users/zoamel/Workspace/redux-ui/node_modules/react-dom/cjs/react-dom.development.js:19073:16)
    at HTMLUnknownElement.callCallback (/Users/zoamel/Workspace/redux-ui/node_modules/react-dom/cjs/react-dom.development.js:3945:14)
    at HTMLUnknownElement.callTheUserObjectsOperation (/Users/zoamel/Workspace/redux-ui/node_modules/jsdom/lib/jsdom/living/generated/EventListener.js:26:30)
    at innerInvokeEventListeners (/Users/zoamel/Workspace/redux-ui/node_modules/jsdom/lib/jsdom/living/events/EventTarget-impl.js:350:25)
    at invokeEventListeners (/Users/zoamel/Workspace/redux-ui/node_modules/jsdom/lib/jsdom/living/events/EventTarget-impl.js:286:3)
    at HTMLUnknownElementImpl._dispatch (/Users/zoamel/Workspace/redux-ui/node_modules/jsdom/lib/jsdom/living/events/EventTarget-impl.js:233:9)
    at HTMLUnknownElementImpl.dispatchEvent (/Users/zoamel/Workspace/redux-ui/node_modules/jsdom/lib/jsdom/living/events/EventTarget-impl.js:104:17)
    at HTMLUnknownElement.dispatchEvent (/Users/zoamel/Workspace/redux-ui/node_modules/jsdom/lib/jsdom/living/generated/EventTarget.js:241:34)
    at Object.invokeGuardedCallbackDev (/Users/zoamel/Workspace/redux-ui/node_modules/react-dom/cjs/react-dom.development.js:3994:16)
    at invokeGuardedCallback (/Users/zoamel/Workspace/redux-ui/node_modules/react-dom/cjs/react-dom.development.js:4056:31)
    at beginWork$1 (/Users/zoamel/Workspace/redux-ui/node_modules/react-dom/cjs/react-dom.development.js:23964:7)
    at performUnitOfWork (/Users/zoamel/Workspace/redux-ui/node_modules/react-dom/cjs/react-dom.development.js:22779:12)
    at workLoopSync (/Users/zoamel/Workspace/redux-ui/node_modules/react-dom/cjs/react-dom.development.js:22707:5)
    at renderRootSync (/Users/zoamel/Workspace/redux-ui/node_modules/react-dom/cjs/react-dom.development.js:22670:7)
    at performSyncWorkOnRoot (/Users/zoamel/Workspace/redux-ui/node_modules/react-dom/cjs/react-dom.development.js:22293:18)
    at scheduleUpdateOnFiber (/Users/zoamel/Workspace/redux-ui/node_modules/react-dom/cjs/react-dom.development.js:21881:7)
    at updateContainer (/Users/zoamel/Workspace/redux-ui/node_modules/react-dom/cjs/react-dom.development.js:25482:3)
    at /Users/zoamel/Workspace/redux-ui/node_modules/react-dom/cjs/react-dom.development.js:26021:7
    at unbatchedUpdates (/Users/zoamel/Workspace/redux-ui/node_modules/react-dom/cjs/react-dom.development.js:22431:12)
    at legacyRenderSubtreeIntoContainer (/Users/zoamel/Workspace/redux-ui/node_modules/react-dom/cjs/react-dom.development.js:26020:5)
    at Object.render (/Users/zoamel/Workspace/redux-ui/node_modules/react-dom/cjs/react-dom.development.js:26103:10)
    at Object.renderIntoDocument (/Users/zoamel/Workspace/redux-ui/node_modules/react-dom/cjs/react-dom-test-utils.development.js:1598:19)
    at render (/Users/zoamel/Workspace/redux-ui/test/utils/render.js:21:25)
    at Context.<anonymous> (/Users/zoamel/Workspace/redux-ui/test/ui/reducer.js:92:26)
    at callFn (/Users/zoamel/Workspace/redux-ui/node_modules/mocha/lib/runnable.js:326:21)
    at Test.Runnable.run (/Users/zoamel/Workspace/redux-ui/node_modules/mocha/lib/runnable.js:319:7)
    at Runner.runTest (/Users/zoamel/Workspace/redux-ui/node_modules/mocha/lib/runner.js:422:10)
    at /Users/zoamel/Workspace/redux-ui/node_modules/mocha/lib/runner.js:528:12
    at next (/Users/zoamel/Workspace/redux-ui/node_modules/mocha/lib/runner.js:342:14)
    at /Users/zoamel/Workspace/redux-ui/node_modules/mocha/lib/runner.js:352:7
    at next (/Users/zoamel/Workspace/redux-ui/node_modules/mocha/lib/runner.js:284:14)
    at Immediate._onImmediate (/Users/zoamel/Workspace/redux-ui/node_modules/mocha/lib/runner.js:320:5)
    at processImmediate (node:internal/timers:485:21)
The above error occurred in the <UI> component:

    at UI (/Users/zoamel/Workspace/redux-ui/src/ui.js:89:9)
    at ConnectFunction (/Users/zoamel/Workspace/redux-ui/node_modules/react-redux/lib/components/connectAdvanced.js:235:41)
    at Provider (/Users/zoamel/Workspace/redux-ui/node_modules/react-redux/lib/components/Provider.js:21:20)

Consider adding an error boundary to your tree to customize error handling behavior.
Visit https://reactjs.org/link/error-boundaries to learn more about error boundaries.
      24) only gets given the UI state for the current component

  resetting UI state
Error: Uncaught [TypeError: this.props.ui.getIn is not a function]
    at reportException (/Users/zoamel/Workspace/redux-ui/node_modules/jsdom/lib/jsdom/living/helpers/runtime-script-errors.js:66:24)
    at innerInvokeEventListeners (/Users/zoamel/Workspace/redux-ui/node_modules/jsdom/lib/jsdom/living/events/EventTarget-impl.js:353:9)
    at invokeEventListeners (/Users/zoamel/Workspace/redux-ui/node_modules/jsdom/lib/jsdom/living/events/EventTarget-impl.js:286:3)
    at HTMLUnknownElementImpl._dispatch (/Users/zoamel/Workspace/redux-ui/node_modules/jsdom/lib/jsdom/living/events/EventTarget-impl.js:233:9)
    at HTMLUnknownElementImpl.dispatchEvent (/Users/zoamel/Workspace/redux-ui/node_modules/jsdom/lib/jsdom/living/events/EventTarget-impl.js:104:17)
    at HTMLUnknownElement.dispatchEvent (/Users/zoamel/Workspace/redux-ui/node_modules/jsdom/lib/jsdom/living/generated/EventTarget.js:241:34)
    at Object.invokeGuardedCallbackDev (/Users/zoamel/Workspace/redux-ui/node_modules/react-dom/cjs/react-dom.development.js:3994:16)
    at invokeGuardedCallback (/Users/zoamel/Workspace/redux-ui/node_modules/react-dom/cjs/react-dom.development.js:4056:31)
    at beginWork$1 (/Users/zoamel/Workspace/redux-ui/node_modules/react-dom/cjs/react-dom.development.js:23964:7)
    at performUnitOfWork (/Users/zoamel/Workspace/redux-ui/node_modules/react-dom/cjs/react-dom.development.js:22779:12)
    at workLoopSync (/Users/zoamel/Workspace/redux-ui/node_modules/react-dom/cjs/react-dom.development.js:22707:5)
    at renderRootSync (/Users/zoamel/Workspace/redux-ui/node_modules/react-dom/cjs/react-dom.development.js:22670:7)
    at performSyncWorkOnRoot (/Users/zoamel/Workspace/redux-ui/node_modules/react-dom/cjs/react-dom.development.js:22293:18)
    at scheduleUpdateOnFiber (/Users/zoamel/Workspace/redux-ui/node_modules/react-dom/cjs/react-dom.development.js:21881:7)
    at updateContainer (/Users/zoamel/Workspace/redux-ui/node_modules/react-dom/cjs/react-dom.development.js:25482:3)
    at /Users/zoamel/Workspace/redux-ui/node_modules/react-dom/cjs/react-dom.development.js:26021:7
    at unbatchedUpdates (/Users/zoamel/Workspace/redux-ui/node_modules/react-dom/cjs/react-dom.development.js:22431:12)
    at legacyRenderSubtreeIntoContainer (/Users/zoamel/Workspace/redux-ui/node_modules/react-dom/cjs/react-dom.development.js:26020:5)
    at Object.render (/Users/zoamel/Workspace/redux-ui/node_modules/react-dom/cjs/react-dom.development.js:26103:10)
    at Object.renderIntoDocument (/Users/zoamel/Workspace/redux-ui/node_modules/react-dom/cjs/react-dom-test-utils.development.js:1598:19)
    at render (/Users/zoamel/Workspace/redux-ui/test/utils/render.js:21:25)
    at renderAndFind (/Users/zoamel/Workspace/redux-ui/test/utils/render.js:31:16)
    at Context.<anonymous> (/Users/zoamel/Workspace/redux-ui/test/ui/reset.js:24:32)
    at callFn (/Users/zoamel/Workspace/redux-ui/node_modules/mocha/lib/runnable.js:326:21)
    at Test.Runnable.run (/Users/zoamel/Workspace/redux-ui/node_modules/mocha/lib/runnable.js:319:7)
    at Runner.runTest (/Users/zoamel/Workspace/redux-ui/node_modules/mocha/lib/runner.js:422:10)
    at /Users/zoamel/Workspace/redux-ui/node_modules/mocha/lib/runner.js:528:12
    at next (/Users/zoamel/Workspace/redux-ui/node_modules/mocha/lib/runner.js:342:14)
    at /Users/zoamel/Workspace/redux-ui/node_modules/mocha/lib/runner.js:352:7
    at next (/Users/zoamel/Workspace/redux-ui/node_modules/mocha/lib/runner.js:284:14)
    at Immediate._onImmediate (/Users/zoamel/Workspace/redux-ui/node_modules/mocha/lib/runner.js:320:5)
    at processImmediate (node:internal/timers:485:21) TypeError: this.props.ui.getIn is not a function
    at UI.UNSAFE_componentWillMount (/Users/zoamel/Workspace/redux-ui/src/ui.js:127:35)
    at callComponentWillMount (/Users/zoamel/Workspace/redux-ui/node_modules/react-dom/cjs/react-dom.development.js:12788:14)
    at mountClassInstance (/Users/zoamel/Workspace/redux-ui/node_modules/react-dom/cjs/react-dom.development.js:12878:5)
    at updateClassComponent (/Users/zoamel/Workspace/redux-ui/node_modules/react-dom/cjs/react-dom.development.js:17426:5)
    at beginWork (/Users/zoamel/Workspace/redux-ui/node_modules/react-dom/cjs/react-dom.development.js:19073:16)
    at HTMLUnknownElement.callCallback (/Users/zoamel/Workspace/redux-ui/node_modules/react-dom/cjs/react-dom.development.js:3945:14)
    at HTMLUnknownElement.callTheUserObjectsOperation (/Users/zoamel/Workspace/redux-ui/node_modules/jsdom/lib/jsdom/living/generated/EventListener.js:26:30)
    at innerInvokeEventListeners (/Users/zoamel/Workspace/redux-ui/node_modules/jsdom/lib/jsdom/living/events/EventTarget-impl.js:350:25)
    at invokeEventListeners (/Users/zoamel/Workspace/redux-ui/node_modules/jsdom/lib/jsdom/living/events/EventTarget-impl.js:286:3)
    at HTMLUnknownElementImpl._dispatch (/Users/zoamel/Workspace/redux-ui/node_modules/jsdom/lib/jsdom/living/events/EventTarget-impl.js:233:9)
    at HTMLUnknownElementImpl.dispatchEvent (/Users/zoamel/Workspace/redux-ui/node_modules/jsdom/lib/jsdom/living/events/EventTarget-impl.js:104:17)
    at HTMLUnknownElement.dispatchEvent (/Users/zoamel/Workspace/redux-ui/node_modules/jsdom/lib/jsdom/living/generated/EventTarget.js:241:34)
    at Object.invokeGuardedCallbackDev (/Users/zoamel/Workspace/redux-ui/node_modules/react-dom/cjs/react-dom.development.js:3994:16)
    at invokeGuardedCallback (/Users/zoamel/Workspace/redux-ui/node_modules/react-dom/cjs/react-dom.development.js:4056:31)
    at beginWork$1 (/Users/zoamel/Workspace/redux-ui/node_modules/react-dom/cjs/react-dom.development.js:23964:7)
    at performUnitOfWork (/Users/zoamel/Workspace/redux-ui/node_modules/react-dom/cjs/react-dom.development.js:22779:12)
    at workLoopSync (/Users/zoamel/Workspace/redux-ui/node_modules/react-dom/cjs/react-dom.development.js:22707:5)
    at renderRootSync (/Users/zoamel/Workspace/redux-ui/node_modules/react-dom/cjs/react-dom.development.js:22670:7)
    at performSyncWorkOnRoot (/Users/zoamel/Workspace/redux-ui/node_modules/react-dom/cjs/react-dom.development.js:22293:18)
    at scheduleUpdateOnFiber (/Users/zoamel/Workspace/redux-ui/node_modules/react-dom/cjs/react-dom.development.js:21881:7)
    at updateContainer (/Users/zoamel/Workspace/redux-ui/node_modules/react-dom/cjs/react-dom.development.js:25482:3)
    at /Users/zoamel/Workspace/redux-ui/node_modules/react-dom/cjs/react-dom.development.js:26021:7
    at unbatchedUpdates (/Users/zoamel/Workspace/redux-ui/node_modules/react-dom/cjs/react-dom.development.js:22431:12)
    at legacyRenderSubtreeIntoContainer (/Users/zoamel/Workspace/redux-ui/node_modules/react-dom/cjs/react-dom.development.js:26020:5)
    at Object.render (/Users/zoamel/Workspace/redux-ui/node_modules/react-dom/cjs/react-dom.development.js:26103:10)
    at Object.renderIntoDocument (/Users/zoamel/Workspace/redux-ui/node_modules/react-dom/cjs/react-dom-test-utils.development.js:1598:19)
    at render (/Users/zoamel/Workspace/redux-ui/test/utils/render.js:21:25)
    at renderAndFind (/Users/zoamel/Workspace/redux-ui/test/utils/render.js:31:16)
    at Context.<anonymous> (/Users/zoamel/Workspace/redux-ui/test/ui/reset.js:24:32)
    at callFn (/Users/zoamel/Workspace/redux-ui/node_modules/mocha/lib/runnable.js:326:21)
    at Test.Runnable.run (/Users/zoamel/Workspace/redux-ui/node_modules/mocha/lib/runnable.js:319:7)
    at Runner.runTest (/Users/zoamel/Workspace/redux-ui/node_modules/mocha/lib/runner.js:422:10)
    at /Users/zoamel/Workspace/redux-ui/node_modules/mocha/lib/runner.js:528:12
    at next (/Users/zoamel/Workspace/redux-ui/node_modules/mocha/lib/runner.js:342:14)
    at /Users/zoamel/Workspace/redux-ui/node_modules/mocha/lib/runner.js:352:7
    at next (/Users/zoamel/Workspace/redux-ui/node_modules/mocha/lib/runner.js:284:14)
    at Immediate._onImmediate (/Users/zoamel/Workspace/redux-ui/node_modules/mocha/lib/runner.js:320:5)
    at processImmediate (node:internal/timers:485:21)
The above error occurred in the <UI> component:

    at UI (/Users/zoamel/Workspace/redux-ui/src/ui.js:89:9)
    at ConnectFunction (/Users/zoamel/Workspace/redux-ui/node_modules/react-redux/lib/components/connectAdvanced.js:235:41)
    at Provider (/Users/zoamel/Workspace/redux-ui/node_modules/react-redux/lib/components/Provider.js:21:20)

Consider adding an error boundary to your tree to customize error handling behavior.
Visit https://reactjs.org/link/error-boundaries to learn more about error boundaries.
    25) resetting a UI component with no children resets its own UI state
Error: Uncaught [TypeError: this.props.ui.getIn is not a function]
    at reportException (/Users/zoamel/Workspace/redux-ui/node_modules/jsdom/lib/jsdom/living/helpers/runtime-script-errors.js:66:24)
    at innerInvokeEventListeners (/Users/zoamel/Workspace/redux-ui/node_modules/jsdom/lib/jsdom/living/events/EventTarget-impl.js:353:9)
    at invokeEventListeners (/Users/zoamel/Workspace/redux-ui/node_modules/jsdom/lib/jsdom/living/events/EventTarget-impl.js:286:3)
    at HTMLUnknownElementImpl._dispatch (/Users/zoamel/Workspace/redux-ui/node_modules/jsdom/lib/jsdom/living/events/EventTarget-impl.js:233:9)
    at HTMLUnknownElementImpl.dispatchEvent (/Users/zoamel/Workspace/redux-ui/node_modules/jsdom/lib/jsdom/living/events/EventTarget-impl.js:104:17)
    at HTMLUnknownElement.dispatchEvent (/Users/zoamel/Workspace/redux-ui/node_modules/jsdom/lib/jsdom/living/generated/EventTarget.js:241:34)
    at Object.invokeGuardedCallbackDev (/Users/zoamel/Workspace/redux-ui/node_modules/react-dom/cjs/react-dom.development.js:3994:16)
    at invokeGuardedCallback (/Users/zoamel/Workspace/redux-ui/node_modules/react-dom/cjs/react-dom.development.js:4056:31)
    at beginWork$1 (/Users/zoamel/Workspace/redux-ui/node_modules/react-dom/cjs/react-dom.development.js:23964:7)
    at performUnitOfWork (/Users/zoamel/Workspace/redux-ui/node_modules/react-dom/cjs/react-dom.development.js:22779:12)
    at workLoopSync (/Users/zoamel/Workspace/redux-ui/node_modules/react-dom/cjs/react-dom.development.js:22707:5)
    at renderRootSync (/Users/zoamel/Workspace/redux-ui/node_modules/react-dom/cjs/react-dom.development.js:22670:7)
    at performSyncWorkOnRoot (/Users/zoamel/Workspace/redux-ui/node_modules/react-dom/cjs/react-dom.development.js:22293:18)
    at scheduleUpdateOnFiber (/Users/zoamel/Workspace/redux-ui/node_modules/react-dom/cjs/react-dom.development.js:21881:7)
    at updateContainer (/Users/zoamel/Workspace/redux-ui/node_modules/react-dom/cjs/react-dom.development.js:25482:3)
    at /Users/zoamel/Workspace/redux-ui/node_modules/react-dom/cjs/react-dom.development.js:26021:7
    at unbatchedUpdates (/Users/zoamel/Workspace/redux-ui/node_modules/react-dom/cjs/react-dom.development.js:22431:12)
    at legacyRenderSubtreeIntoContainer (/Users/zoamel/Workspace/redux-ui/node_modules/react-dom/cjs/react-dom.development.js:26020:5)
    at Object.render (/Users/zoamel/Workspace/redux-ui/node_modules/react-dom/cjs/react-dom.development.js:26103:10)
    at Object.renderIntoDocument (/Users/zoamel/Workspace/redux-ui/node_modules/react-dom/cjs/react-dom-test-utils.development.js:1598:19)
    at render (/Users/zoamel/Workspace/redux-ui/test/utils/render.js:21:25)
    at Context.<anonymous> (/Users/zoamel/Workspace/redux-ui/test/ui/reset.js:33:26)
    at callFn (/Users/zoamel/Workspace/redux-ui/node_modules/mocha/lib/runnable.js:326:21)
    at Test.Runnable.run (/Users/zoamel/Workspace/redux-ui/node_modules/mocha/lib/runnable.js:319:7)
    at Runner.runTest (/Users/zoamel/Workspace/redux-ui/node_modules/mocha/lib/runner.js:422:10)
    at /Users/zoamel/Workspace/redux-ui/node_modules/mocha/lib/runner.js:528:12
    at next (/Users/zoamel/Workspace/redux-ui/node_modules/mocha/lib/runner.js:342:14)
    at /Users/zoamel/Workspace/redux-ui/node_modules/mocha/lib/runner.js:352:7
    at next (/Users/zoamel/Workspace/redux-ui/node_modules/mocha/lib/runner.js:284:14)
    at Immediate._onImmediate (/Users/zoamel/Workspace/redux-ui/node_modules/mocha/lib/runner.js:320:5)
    at processImmediate (node:internal/timers:485:21) TypeError: this.props.ui.getIn is not a function
    at UI.UNSAFE_componentWillMount (/Users/zoamel/Workspace/redux-ui/src/ui.js:127:35)
    at callComponentWillMount (/Users/zoamel/Workspace/redux-ui/node_modules/react-dom/cjs/react-dom.development.js:12788:14)
    at mountClassInstance (/Users/zoamel/Workspace/redux-ui/node_modules/react-dom/cjs/react-dom.development.js:12878:5)
    at updateClassComponent (/Users/zoamel/Workspace/redux-ui/node_modules/react-dom/cjs/react-dom.development.js:17426:5)
    at beginWork (/Users/zoamel/Workspace/redux-ui/node_modules/react-dom/cjs/react-dom.development.js:19073:16)
    at HTMLUnknownElement.callCallback (/Users/zoamel/Workspace/redux-ui/node_modules/react-dom/cjs/react-dom.development.js:3945:14)
    at HTMLUnknownElement.callTheUserObjectsOperation (/Users/zoamel/Workspace/redux-ui/node_modules/jsdom/lib/jsdom/living/generated/EventListener.js:26:30)
    at innerInvokeEventListeners (/Users/zoamel/Workspace/redux-ui/node_modules/jsdom/lib/jsdom/living/events/EventTarget-impl.js:350:25)
    at invokeEventListeners (/Users/zoamel/Workspace/redux-ui/node_modules/jsdom/lib/jsdom/living/events/EventTarget-impl.js:286:3)
    at HTMLUnknownElementImpl._dispatch (/Users/zoamel/Workspace/redux-ui/node_modules/jsdom/lib/jsdom/living/events/EventTarget-impl.js:233:9)
    at HTMLUnknownElementImpl.dispatchEvent (/Users/zoamel/Workspace/redux-ui/node_modules/jsdom/lib/jsdom/living/events/EventTarget-impl.js:104:17)
    at HTMLUnknownElement.dispatchEvent (/Users/zoamel/Workspace/redux-ui/node_modules/jsdom/lib/jsdom/living/generated/EventTarget.js:241:34)
    at Object.invokeGuardedCallbackDev (/Users/zoamel/Workspace/redux-ui/node_modules/react-dom/cjs/react-dom.development.js:3994:16)
    at invokeGuardedCallback (/Users/zoamel/Workspace/redux-ui/node_modules/react-dom/cjs/react-dom.development.js:4056:31)
    at beginWork$1 (/Users/zoamel/Workspace/redux-ui/node_modules/react-dom/cjs/react-dom.development.js:23964:7)
    at performUnitOfWork (/Users/zoamel/Workspace/redux-ui/node_modules/react-dom/cjs/react-dom.development.js:22779:12)
    at workLoopSync (/Users/zoamel/Workspace/redux-ui/node_modules/react-dom/cjs/react-dom.development.js:22707:5)
    at renderRootSync (/Users/zoamel/Workspace/redux-ui/node_modules/react-dom/cjs/react-dom.development.js:22670:7)
    at performSyncWorkOnRoot (/Users/zoamel/Workspace/redux-ui/node_modules/react-dom/cjs/react-dom.development.js:22293:18)
    at scheduleUpdateOnFiber (/Users/zoamel/Workspace/redux-ui/node_modules/react-dom/cjs/react-dom.development.js:21881:7)
    at updateContainer (/Users/zoamel/Workspace/redux-ui/node_modules/react-dom/cjs/react-dom.development.js:25482:3)
    at /Users/zoamel/Workspace/redux-ui/node_modules/react-dom/cjs/react-dom.development.js:26021:7
    at unbatchedUpdates (/Users/zoamel/Workspace/redux-ui/node_modules/react-dom/cjs/react-dom.development.js:22431:12)
    at legacyRenderSubtreeIntoContainer (/Users/zoamel/Workspace/redux-ui/node_modules/react-dom/cjs/react-dom.development.js:26020:5)
    at Object.render (/Users/zoamel/Workspace/redux-ui/node_modules/react-dom/cjs/react-dom.development.js:26103:10)
    at Object.renderIntoDocument (/Users/zoamel/Workspace/redux-ui/node_modules/react-dom/cjs/react-dom-test-utils.development.js:1598:19)
    at render (/Users/zoamel/Workspace/redux-ui/test/utils/render.js:21:25)
    at Context.<anonymous> (/Users/zoamel/Workspace/redux-ui/test/ui/reset.js:33:26)
    at callFn (/Users/zoamel/Workspace/redux-ui/node_modules/mocha/lib/runnable.js:326:21)
    at Test.Runnable.run (/Users/zoamel/Workspace/redux-ui/node_modules/mocha/lib/runnable.js:319:7)
    at Runner.runTest (/Users/zoamel/Workspace/redux-ui/node_modules/mocha/lib/runner.js:422:10)
    at /Users/zoamel/Workspace/redux-ui/node_modules/mocha/lib/runner.js:528:12
    at next (/Users/zoamel/Workspace/redux-ui/node_modules/mocha/lib/runner.js:342:14)
    at /Users/zoamel/Workspace/redux-ui/node_modules/mocha/lib/runner.js:352:7
    at next (/Users/zoamel/Workspace/redux-ui/node_modules/mocha/lib/runner.js:284:14)
    at Immediate._onImmediate (/Users/zoamel/Workspace/redux-ui/node_modules/mocha/lib/runner.js:320:5)
    at processImmediate (node:internal/timers:485:21)
The above error occurred in the <UI> component:

    at UI (/Users/zoamel/Workspace/redux-ui/src/ui.js:89:9)
    at ConnectFunction (/Users/zoamel/Workspace/redux-ui/node_modules/react-redux/lib/components/connectAdvanced.js:235:41)
    at Provider (/Users/zoamel/Workspace/redux-ui/node_modules/react-redux/lib/components/Provider.js:21:20)

Consider adding an error boundary to your tree to customize error handling behavior.
Visit https://reactjs.org/link/error-boundaries to learn more about error boundaries.
    26) resetting a parent UI resets its own AND child contexts
Error: Uncaught [TypeError: this.props.ui.getIn is not a function]
    at reportException (/Users/zoamel/Workspace/redux-ui/node_modules/jsdom/lib/jsdom/living/helpers/runtime-script-errors.js:66:24)
    at innerInvokeEventListeners (/Users/zoamel/Workspace/redux-ui/node_modules/jsdom/lib/jsdom/living/events/EventTarget-impl.js:353:9)
    at invokeEventListeners (/Users/zoamel/Workspace/redux-ui/node_modules/jsdom/lib/jsdom/living/events/EventTarget-impl.js:286:3)
    at HTMLUnknownElementImpl._dispatch (/Users/zoamel/Workspace/redux-ui/node_modules/jsdom/lib/jsdom/living/events/EventTarget-impl.js:233:9)
    at HTMLUnknownElementImpl.dispatchEvent (/Users/zoamel/Workspace/redux-ui/node_modules/jsdom/lib/jsdom/living/events/EventTarget-impl.js:104:17)
    at HTMLUnknownElement.dispatchEvent (/Users/zoamel/Workspace/redux-ui/node_modules/jsdom/lib/jsdom/living/generated/EventTarget.js:241:34)
    at Object.invokeGuardedCallbackDev (/Users/zoamel/Workspace/redux-ui/node_modules/react-dom/cjs/react-dom.development.js:3994:16)
    at invokeGuardedCallback (/Users/zoamel/Workspace/redux-ui/node_modules/react-dom/cjs/react-dom.development.js:4056:31)
    at beginWork$1 (/Users/zoamel/Workspace/redux-ui/node_modules/react-dom/cjs/react-dom.development.js:23964:7)
    at performUnitOfWork (/Users/zoamel/Workspace/redux-ui/node_modules/react-dom/cjs/react-dom.development.js:22779:12)
    at workLoopSync (/Users/zoamel/Workspace/redux-ui/node_modules/react-dom/cjs/react-dom.development.js:22707:5)
    at renderRootSync (/Users/zoamel/Workspace/redux-ui/node_modules/react-dom/cjs/react-dom.development.js:22670:7)
    at performSyncWorkOnRoot (/Users/zoamel/Workspace/redux-ui/node_modules/react-dom/cjs/react-dom.development.js:22293:18)
    at scheduleUpdateOnFiber (/Users/zoamel/Workspace/redux-ui/node_modules/react-dom/cjs/react-dom.development.js:21881:7)
    at updateContainer (/Users/zoamel/Workspace/redux-ui/node_modules/react-dom/cjs/react-dom.development.js:25482:3)
    at /Users/zoamel/Workspace/redux-ui/node_modules/react-dom/cjs/react-dom.development.js:26021:7
    at unbatchedUpdates (/Users/zoamel/Workspace/redux-ui/node_modules/react-dom/cjs/react-dom.development.js:22431:12)
    at legacyRenderSubtreeIntoContainer (/Users/zoamel/Workspace/redux-ui/node_modules/react-dom/cjs/react-dom.development.js:26020:5)
    at Object.render (/Users/zoamel/Workspace/redux-ui/node_modules/react-dom/cjs/react-dom.development.js:26103:10)
    at Object.renderIntoDocument (/Users/zoamel/Workspace/redux-ui/node_modules/react-dom/cjs/react-dom-test-utils.development.js:1598:19)
    at render (/Users/zoamel/Workspace/redux-ui/test/utils/render.js:21:25)
    at Context.<anonymous> (/Users/zoamel/Workspace/redux-ui/test/ui/reset.js:48:26)
    at callFn (/Users/zoamel/Workspace/redux-ui/node_modules/mocha/lib/runnable.js:326:21)
    at Test.Runnable.run (/Users/zoamel/Workspace/redux-ui/node_modules/mocha/lib/runnable.js:319:7)
    at Runner.runTest (/Users/zoamel/Workspace/redux-ui/node_modules/mocha/lib/runner.js:422:10)
    at /Users/zoamel/Workspace/redux-ui/node_modules/mocha/lib/runner.js:528:12
    at next (/Users/zoamel/Workspace/redux-ui/node_modules/mocha/lib/runner.js:342:14)
    at /Users/zoamel/Workspace/redux-ui/node_modules/mocha/lib/runner.js:352:7
    at next (/Users/zoamel/Workspace/redux-ui/node_modules/mocha/lib/runner.js:284:14)
    at Immediate._onImmediate (/Users/zoamel/Workspace/redux-ui/node_modules/mocha/lib/runner.js:320:5)
    at processImmediate (node:internal/timers:485:21) TypeError: this.props.ui.getIn is not a function
    at UI.UNSAFE_componentWillMount (/Users/zoamel/Workspace/redux-ui/src/ui.js:127:35)
    at callComponentWillMount (/Users/zoamel/Workspace/redux-ui/node_modules/react-dom/cjs/react-dom.development.js:12788:14)
    at mountClassInstance (/Users/zoamel/Workspace/redux-ui/node_modules/react-dom/cjs/react-dom.development.js:12878:5)
    at updateClassComponent (/Users/zoamel/Workspace/redux-ui/node_modules/react-dom/cjs/react-dom.development.js:17426:5)
    at beginWork (/Users/zoamel/Workspace/redux-ui/node_modules/react-dom/cjs/react-dom.development.js:19073:16)
    at HTMLUnknownElement.callCallback (/Users/zoamel/Workspace/redux-ui/node_modules/react-dom/cjs/react-dom.development.js:3945:14)
    at HTMLUnknownElement.callTheUserObjectsOperation (/Users/zoamel/Workspace/redux-ui/node_modules/jsdom/lib/jsdom/living/generated/EventListener.js:26:30)
    at innerInvokeEventListeners (/Users/zoamel/Workspace/redux-ui/node_modules/jsdom/lib/jsdom/living/events/EventTarget-impl.js:350:25)
    at invokeEventListeners (/Users/zoamel/Workspace/redux-ui/node_modules/jsdom/lib/jsdom/living/events/EventTarget-impl.js:286:3)
    at HTMLUnknownElementImpl._dispatch (/Users/zoamel/Workspace/redux-ui/node_modules/jsdom/lib/jsdom/living/events/EventTarget-impl.js:233:9)
    at HTMLUnknownElementImpl.dispatchEvent (/Users/zoamel/Workspace/redux-ui/node_modules/jsdom/lib/jsdom/living/events/EventTarget-impl.js:104:17)
    at HTMLUnknownElement.dispatchEvent (/Users/zoamel/Workspace/redux-ui/node_modules/jsdom/lib/jsdom/living/generated/EventTarget.js:241:34)
    at Object.invokeGuardedCallbackDev (/Users/zoamel/Workspace/redux-ui/node_modules/react-dom/cjs/react-dom.development.js:3994:16)
    at invokeGuardedCallback (/Users/zoamel/Workspace/redux-ui/node_modules/react-dom/cjs/react-dom.development.js:4056:31)
    at beginWork$1 (/Users/zoamel/Workspace/redux-ui/node_modules/react-dom/cjs/react-dom.development.js:23964:7)
    at performUnitOfWork (/Users/zoamel/Workspace/redux-ui/node_modules/react-dom/cjs/react-dom.development.js:22779:12)
    at workLoopSync (/Users/zoamel/Workspace/redux-ui/node_modules/react-dom/cjs/react-dom.development.js:22707:5)
    at renderRootSync (/Users/zoamel/Workspace/redux-ui/node_modules/react-dom/cjs/react-dom.development.js:22670:7)
    at performSyncWorkOnRoot (/Users/zoamel/Workspace/redux-ui/node_modules/react-dom/cjs/react-dom.development.js:22293:18)
    at scheduleUpdateOnFiber (/Users/zoamel/Workspace/redux-ui/node_modules/react-dom/cjs/react-dom.development.js:21881:7)
    at updateContainer (/Users/zoamel/Workspace/redux-ui/node_modules/react-dom/cjs/react-dom.development.js:25482:3)
    at /Users/zoamel/Workspace/redux-ui/node_modules/react-dom/cjs/react-dom.development.js:26021:7
    at unbatchedUpdates (/Users/zoamel/Workspace/redux-ui/node_modules/react-dom/cjs/react-dom.development.js:22431:12)
    at legacyRenderSubtreeIntoContainer (/Users/zoamel/Workspace/redux-ui/node_modules/react-dom/cjs/react-dom.development.js:26020:5)
    at Object.render (/Users/zoamel/Workspace/redux-ui/node_modules/react-dom/cjs/react-dom.development.js:26103:10)
    at Object.renderIntoDocument (/Users/zoamel/Workspace/redux-ui/node_modules/react-dom/cjs/react-dom-test-utils.development.js:1598:19)
    at render (/Users/zoamel/Workspace/redux-ui/test/utils/render.js:21:25)
    at Context.<anonymous> (/Users/zoamel/Workspace/redux-ui/test/ui/reset.js:48:26)
    at callFn (/Users/zoamel/Workspace/redux-ui/node_modules/mocha/lib/runnable.js:326:21)
    at Test.Runnable.run (/Users/zoamel/Workspace/redux-ui/node_modules/mocha/lib/runnable.js:319:7)
    at Runner.runTest (/Users/zoamel/Workspace/redux-ui/node_modules/mocha/lib/runner.js:422:10)
    at /Users/zoamel/Workspace/redux-ui/node_modules/mocha/lib/runner.js:528:12
    at next (/Users/zoamel/Workspace/redux-ui/node_modules/mocha/lib/runner.js:342:14)
    at /Users/zoamel/Workspace/redux-ui/node_modules/mocha/lib/runner.js:352:7
    at next (/Users/zoamel/Workspace/redux-ui/node_modules/mocha/lib/runner.js:284:14)
    at Immediate._onImmediate (/Users/zoamel/Workspace/redux-ui/node_modules/mocha/lib/runner.js:320:5)
    at processImmediate (node:internal/timers:485:21)
The above error occurred in the <UI> component:

    at UI (/Users/zoamel/Workspace/redux-ui/src/ui.js:89:9)
    at ConnectFunction (/Users/zoamel/Workspace/redux-ui/node_modules/react-redux/lib/components/connectAdvanced.js:235:41)
    at Provider (/Users/zoamel/Workspace/redux-ui/node_modules/react-redux/lib/components/Provider.js:21:20)

Consider adding an error boundary to your tree to customize error handling behavior.
Visit https://reactjs.org/link/error-boundaries to learn more about error boundaries.
    27) resetting a child UI resets only its own context
Error: Uncaught [TypeError: this.props.ui.getIn is not a function]
    at reportException (/Users/zoamel/Workspace/redux-ui/node_modules/jsdom/lib/jsdom/living/helpers/runtime-script-errors.js:66:24)
    at innerInvokeEventListeners (/Users/zoamel/Workspace/redux-ui/node_modules/jsdom/lib/jsdom/living/events/EventTarget-impl.js:353:9)
    at invokeEventListeners (/Users/zoamel/Workspace/redux-ui/node_modules/jsdom/lib/jsdom/living/events/EventTarget-impl.js:286:3)
    at HTMLUnknownElementImpl._dispatch (/Users/zoamel/Workspace/redux-ui/node_modules/jsdom/lib/jsdom/living/events/EventTarget-impl.js:233:9)
    at HTMLUnknownElementImpl.dispatchEvent (/Users/zoamel/Workspace/redux-ui/node_modules/jsdom/lib/jsdom/living/events/EventTarget-impl.js:104:17)
    at HTMLUnknownElement.dispatchEvent (/Users/zoamel/Workspace/redux-ui/node_modules/jsdom/lib/jsdom/living/generated/EventTarget.js:241:34)
    at Object.invokeGuardedCallbackDev (/Users/zoamel/Workspace/redux-ui/node_modules/react-dom/cjs/react-dom.development.js:3994:16)
    at invokeGuardedCallback (/Users/zoamel/Workspace/redux-ui/node_modules/react-dom/cjs/react-dom.development.js:4056:31)
    at beginWork$1 (/Users/zoamel/Workspace/redux-ui/node_modules/react-dom/cjs/react-dom.development.js:23964:7)
    at performUnitOfWork (/Users/zoamel/Workspace/redux-ui/node_modules/react-dom/cjs/react-dom.development.js:22779:12)
    at workLoopSync (/Users/zoamel/Workspace/redux-ui/node_modules/react-dom/cjs/react-dom.development.js:22707:5)
    at renderRootSync (/Users/zoamel/Workspace/redux-ui/node_modules/react-dom/cjs/react-dom.development.js:22670:7)
    at performSyncWorkOnRoot (/Users/zoamel/Workspace/redux-ui/node_modules/react-dom/cjs/react-dom.development.js:22293:18)
    at scheduleUpdateOnFiber (/Users/zoamel/Workspace/redux-ui/node_modules/react-dom/cjs/react-dom.development.js:21881:7)
    at updateContainer (/Users/zoamel/Workspace/redux-ui/node_modules/react-dom/cjs/react-dom.development.js:25482:3)
    at /Users/zoamel/Workspace/redux-ui/node_modules/react-dom/cjs/react-dom.development.js:26021:7
    at unbatchedUpdates (/Users/zoamel/Workspace/redux-ui/node_modules/react-dom/cjs/react-dom.development.js:22431:12)
    at legacyRenderSubtreeIntoContainer (/Users/zoamel/Workspace/redux-ui/node_modules/react-dom/cjs/react-dom.development.js:26020:5)
    at Object.render (/Users/zoamel/Workspace/redux-ui/node_modules/react-dom/cjs/react-dom.development.js:26103:10)
    at Object.renderIntoDocument (/Users/zoamel/Workspace/redux-ui/node_modules/react-dom/cjs/react-dom-test-utils.development.js:1598:19)
    at render (/Users/zoamel/Workspace/redux-ui/test/utils/render.js:21:25)
    at renderAndFind (/Users/zoamel/Workspace/redux-ui/test/utils/render.js:31:16)
    at Context.<anonymous> (/Users/zoamel/Workspace/redux-ui/test/ui/reset.js:69:32)
    at callFn (/Users/zoamel/Workspace/redux-ui/node_modules/mocha/lib/runnable.js:326:21)
    at Test.Runnable.run (/Users/zoamel/Workspace/redux-ui/node_modules/mocha/lib/runnable.js:319:7)
    at Runner.runTest (/Users/zoamel/Workspace/redux-ui/node_modules/mocha/lib/runner.js:422:10)
    at /Users/zoamel/Workspace/redux-ui/node_modules/mocha/lib/runner.js:528:12
    at next (/Users/zoamel/Workspace/redux-ui/node_modules/mocha/lib/runner.js:342:14)
    at /Users/zoamel/Workspace/redux-ui/node_modules/mocha/lib/runner.js:352:7
    at next (/Users/zoamel/Workspace/redux-ui/node_modules/mocha/lib/runner.js:284:14)
    at Immediate._onImmediate (/Users/zoamel/Workspace/redux-ui/node_modules/mocha/lib/runner.js:320:5)
    at processImmediate (node:internal/timers:485:21) TypeError: this.props.ui.getIn is not a function
    at UI.UNSAFE_componentWillMount (/Users/zoamel/Workspace/redux-ui/src/ui.js:127:35)
    at callComponentWillMount (/Users/zoamel/Workspace/redux-ui/node_modules/react-dom/cjs/react-dom.development.js:12788:14)
    at mountClassInstance (/Users/zoamel/Workspace/redux-ui/node_modules/react-dom/cjs/react-dom.development.js:12878:5)
    at updateClassComponent (/Users/zoamel/Workspace/redux-ui/node_modules/react-dom/cjs/react-dom.development.js:17426:5)
    at beginWork (/Users/zoamel/Workspace/redux-ui/node_modules/react-dom/cjs/react-dom.development.js:19073:16)
    at HTMLUnknownElement.callCallback (/Users/zoamel/Workspace/redux-ui/node_modules/react-dom/cjs/react-dom.development.js:3945:14)
    at HTMLUnknownElement.callTheUserObjectsOperation (/Users/zoamel/Workspace/redux-ui/node_modules/jsdom/lib/jsdom/living/generated/EventListener.js:26:30)
    at innerInvokeEventListeners (/Users/zoamel/Workspace/redux-ui/node_modules/jsdom/lib/jsdom/living/events/EventTarget-impl.js:350:25)
    at invokeEventListeners (/Users/zoamel/Workspace/redux-ui/node_modules/jsdom/lib/jsdom/living/events/EventTarget-impl.js:286:3)
    at HTMLUnknownElementImpl._dispatch (/Users/zoamel/Workspace/redux-ui/node_modules/jsdom/lib/jsdom/living/events/EventTarget-impl.js:233:9)
    at HTMLUnknownElementImpl.dispatchEvent (/Users/zoamel/Workspace/redux-ui/node_modules/jsdom/lib/jsdom/living/events/EventTarget-impl.js:104:17)
    at HTMLUnknownElement.dispatchEvent (/Users/zoamel/Workspace/redux-ui/node_modules/jsdom/lib/jsdom/living/generated/EventTarget.js:241:34)
    at Object.invokeGuardedCallbackDev (/Users/zoamel/Workspace/redux-ui/node_modules/react-dom/cjs/react-dom.development.js:3994:16)
    at invokeGuardedCallback (/Users/zoamel/Workspace/redux-ui/node_modules/react-dom/cjs/react-dom.development.js:4056:31)
    at beginWork$1 (/Users/zoamel/Workspace/redux-ui/node_modules/react-dom/cjs/react-dom.development.js:23964:7)
    at performUnitOfWork (/Users/zoamel/Workspace/redux-ui/node_modules/react-dom/cjs/react-dom.development.js:22779:12)
    at workLoopSync (/Users/zoamel/Workspace/redux-ui/node_modules/react-dom/cjs/react-dom.development.js:22707:5)
    at renderRootSync (/Users/zoamel/Workspace/redux-ui/node_modules/react-dom/cjs/react-dom.development.js:22670:7)
    at performSyncWorkOnRoot (/Users/zoamel/Workspace/redux-ui/node_modules/react-dom/cjs/react-dom.development.js:22293:18)
    at scheduleUpdateOnFiber (/Users/zoamel/Workspace/redux-ui/node_modules/react-dom/cjs/react-dom.development.js:21881:7)
    at updateContainer (/Users/zoamel/Workspace/redux-ui/node_modules/react-dom/cjs/react-dom.development.js:25482:3)
    at /Users/zoamel/Workspace/redux-ui/node_modules/react-dom/cjs/react-dom.development.js:26021:7
    at unbatchedUpdates (/Users/zoamel/Workspace/redux-ui/node_modules/react-dom/cjs/react-dom.development.js:22431:12)
    at legacyRenderSubtreeIntoContainer (/Users/zoamel/Workspace/redux-ui/node_modules/react-dom/cjs/react-dom.development.js:26020:5)
    at Object.render (/Users/zoamel/Workspace/redux-ui/node_modules/react-dom/cjs/react-dom.development.js:26103:10)
    at Object.renderIntoDocument (/Users/zoamel/Workspace/redux-ui/node_modules/react-dom/cjs/react-dom-test-utils.development.js:1598:19)
    at render (/Users/zoamel/Workspace/redux-ui/test/utils/render.js:21:25)
    at renderAndFind (/Users/zoamel/Workspace/redux-ui/test/utils/render.js:31:16)
    at Context.<anonymous> (/Users/zoamel/Workspace/redux-ui/test/ui/reset.js:69:32)
    at callFn (/Users/zoamel/Workspace/redux-ui/node_modules/mocha/lib/runnable.js:326:21)
    at Test.Runnable.run (/Users/zoamel/Workspace/redux-ui/node_modules/mocha/lib/runnable.js:319:7)
    at Runner.runTest (/Users/zoamel/Workspace/redux-ui/node_modules/mocha/lib/runner.js:422:10)
    at /Users/zoamel/Workspace/redux-ui/node_modules/mocha/lib/runner.js:528:12
    at next (/Users/zoamel/Workspace/redux-ui/node_modules/mocha/lib/runner.js:342:14)
    at /Users/zoamel/Workspace/redux-ui/node_modules/mocha/lib/runner.js:352:7
    at next (/Users/zoamel/Workspace/redux-ui/node_modules/mocha/lib/runner.js:284:14)
    at Immediate._onImmediate (/Users/zoamel/Workspace/redux-ui/node_modules/mocha/lib/runner.js:320:5)
    at processImmediate (node:internal/timers:485:21)
The above error occurred in the <UI> component:

    at UI (/Users/zoamel/Workspace/redux-ui/src/ui.js:89:9)
    at ConnectFunction (/Users/zoamel/Workspace/redux-ui/node_modules/react-redux/lib/components/connectAdvanced.js:235:41)
    at Provider (/Users/zoamel/Workspace/redux-ui/node_modules/react-redux/lib/components/Provider.js:21:20)

Consider adding an error boundary to your tree to customize error handling behavior.
Visit https://reactjs.org/link/error-boundaries to learn more about error boundaries.
    28) evaluates functions within default state correctly
Error: Uncaught [TypeError: this.props.ui.getIn is not a function]
    at reportException (/Users/zoamel/Workspace/redux-ui/node_modules/jsdom/lib/jsdom/living/helpers/runtime-script-errors.js:66:24)
    at innerInvokeEventListeners (/Users/zoamel/Workspace/redux-ui/node_modules/jsdom/lib/jsdom/living/events/EventTarget-impl.js:353:9)
    at invokeEventListeners (/Users/zoamel/Workspace/redux-ui/node_modules/jsdom/lib/jsdom/living/events/EventTarget-impl.js:286:3)
    at HTMLUnknownElementImpl._dispatch (/Users/zoamel/Workspace/redux-ui/node_modules/jsdom/lib/jsdom/living/events/EventTarget-impl.js:233:9)
    at HTMLUnknownElementImpl.dispatchEvent (/Users/zoamel/Workspace/redux-ui/node_modules/jsdom/lib/jsdom/living/events/EventTarget-impl.js:104:17)
    at HTMLUnknownElement.dispatchEvent (/Users/zoamel/Workspace/redux-ui/node_modules/jsdom/lib/jsdom/living/generated/EventTarget.js:241:34)
    at Object.invokeGuardedCallbackDev (/Users/zoamel/Workspace/redux-ui/node_modules/react-dom/cjs/react-dom.development.js:3994:16)
    at invokeGuardedCallback (/Users/zoamel/Workspace/redux-ui/node_modules/react-dom/cjs/react-dom.development.js:4056:31)
    at beginWork$1 (/Users/zoamel/Workspace/redux-ui/node_modules/react-dom/cjs/react-dom.development.js:23964:7)
    at performUnitOfWork (/Users/zoamel/Workspace/redux-ui/node_modules/react-dom/cjs/react-dom.development.js:22779:12)
    at workLoopSync (/Users/zoamel/Workspace/redux-ui/node_modules/react-dom/cjs/react-dom.development.js:22707:5)
    at renderRootSync (/Users/zoamel/Workspace/redux-ui/node_modules/react-dom/cjs/react-dom.development.js:22670:7)
    at performSyncWorkOnRoot (/Users/zoamel/Workspace/redux-ui/node_modules/react-dom/cjs/react-dom.development.js:22293:18)
    at scheduleUpdateOnFiber (/Users/zoamel/Workspace/redux-ui/node_modules/react-dom/cjs/react-dom.development.js:21881:7)
    at updateContainer (/Users/zoamel/Workspace/redux-ui/node_modules/react-dom/cjs/react-dom.development.js:25482:3)
    at /Users/zoamel/Workspace/redux-ui/node_modules/react-dom/cjs/react-dom.development.js:26021:7
    at unbatchedUpdates (/Users/zoamel/Workspace/redux-ui/node_modules/react-dom/cjs/react-dom.development.js:22431:12)
    at legacyRenderSubtreeIntoContainer (/Users/zoamel/Workspace/redux-ui/node_modules/react-dom/cjs/react-dom.development.js:26020:5)
    at Object.render (/Users/zoamel/Workspace/redux-ui/node_modules/react-dom/cjs/react-dom.development.js:26103:10)
    at Object.renderIntoDocument (/Users/zoamel/Workspace/redux-ui/node_modules/react-dom/cjs/react-dom-test-utils.development.js:1598:19)
    at render (/Users/zoamel/Workspace/redux-ui/test/utils/render.js:21:25)
    at Context.<anonymous> (/Users/zoamel/Workspace/redux-ui/test/ui/reset.js:84:24)
    at callFn (/Users/zoamel/Workspace/redux-ui/node_modules/mocha/lib/runnable.js:326:21)
    at Test.Runnable.run (/Users/zoamel/Workspace/redux-ui/node_modules/mocha/lib/runnable.js:319:7)
    at Runner.runTest (/Users/zoamel/Workspace/redux-ui/node_modules/mocha/lib/runner.js:422:10)
    at /Users/zoamel/Workspace/redux-ui/node_modules/mocha/lib/runner.js:528:12
    at next (/Users/zoamel/Workspace/redux-ui/node_modules/mocha/lib/runner.js:342:14)
    at /Users/zoamel/Workspace/redux-ui/node_modules/mocha/lib/runner.js:352:7
    at next (/Users/zoamel/Workspace/redux-ui/node_modules/mocha/lib/runner.js:284:14)
    at Immediate._onImmediate (/Users/zoamel/Workspace/redux-ui/node_modules/mocha/lib/runner.js:320:5)
    at processImmediate (node:internal/timers:485:21) TypeError: this.props.ui.getIn is not a function
    at UI.UNSAFE_componentWillMount (/Users/zoamel/Workspace/redux-ui/src/ui.js:127:35)
    at callComponentWillMount (/Users/zoamel/Workspace/redux-ui/node_modules/react-dom/cjs/react-dom.development.js:12788:14)
    at mountClassInstance (/Users/zoamel/Workspace/redux-ui/node_modules/react-dom/cjs/react-dom.development.js:12878:5)
    at updateClassComponent (/Users/zoamel/Workspace/redux-ui/node_modules/react-dom/cjs/react-dom.development.js:17426:5)
    at beginWork (/Users/zoamel/Workspace/redux-ui/node_modules/react-dom/cjs/react-dom.development.js:19073:16)
    at HTMLUnknownElement.callCallback (/Users/zoamel/Workspace/redux-ui/node_modules/react-dom/cjs/react-dom.development.js:3945:14)
    at HTMLUnknownElement.callTheUserObjectsOperation (/Users/zoamel/Workspace/redux-ui/node_modules/jsdom/lib/jsdom/living/generated/EventListener.js:26:30)
    at innerInvokeEventListeners (/Users/zoamel/Workspace/redux-ui/node_modules/jsdom/lib/jsdom/living/events/EventTarget-impl.js:350:25)
    at invokeEventListeners (/Users/zoamel/Workspace/redux-ui/node_modules/jsdom/lib/jsdom/living/events/EventTarget-impl.js:286:3)
    at HTMLUnknownElementImpl._dispatch (/Users/zoamel/Workspace/redux-ui/node_modules/jsdom/lib/jsdom/living/events/EventTarget-impl.js:233:9)
    at HTMLUnknownElementImpl.dispatchEvent (/Users/zoamel/Workspace/redux-ui/node_modules/jsdom/lib/jsdom/living/events/EventTarget-impl.js:104:17)
    at HTMLUnknownElement.dispatchEvent (/Users/zoamel/Workspace/redux-ui/node_modules/jsdom/lib/jsdom/living/generated/EventTarget.js:241:34)
    at Object.invokeGuardedCallbackDev (/Users/zoamel/Workspace/redux-ui/node_modules/react-dom/cjs/react-dom.development.js:3994:16)
    at invokeGuardedCallback (/Users/zoamel/Workspace/redux-ui/node_modules/react-dom/cjs/react-dom.development.js:4056:31)
    at beginWork$1 (/Users/zoamel/Workspace/redux-ui/node_modules/react-dom/cjs/react-dom.development.js:23964:7)
    at performUnitOfWork (/Users/zoamel/Workspace/redux-ui/node_modules/react-dom/cjs/react-dom.development.js:22779:12)
    at workLoopSync (/Users/zoamel/Workspace/redux-ui/node_modules/react-dom/cjs/react-dom.development.js:22707:5)
    at renderRootSync (/Users/zoamel/Workspace/redux-ui/node_modules/react-dom/cjs/react-dom.development.js:22670:7)
    at performSyncWorkOnRoot (/Users/zoamel/Workspace/redux-ui/node_modules/react-dom/cjs/react-dom.development.js:22293:18)
    at scheduleUpdateOnFiber (/Users/zoamel/Workspace/redux-ui/node_modules/react-dom/cjs/react-dom.development.js:21881:7)
    at updateContainer (/Users/zoamel/Workspace/redux-ui/node_modules/react-dom/cjs/react-dom.development.js:25482:3)
    at /Users/zoamel/Workspace/redux-ui/node_modules/react-dom/cjs/react-dom.development.js:26021:7
    at unbatchedUpdates (/Users/zoamel/Workspace/redux-ui/node_modules/react-dom/cjs/react-dom.development.js:22431:12)
    at legacyRenderSubtreeIntoContainer (/Users/zoamel/Workspace/redux-ui/node_modules/react-dom/cjs/react-dom.development.js:26020:5)
    at Object.render (/Users/zoamel/Workspace/redux-ui/node_modules/react-dom/cjs/react-dom.development.js:26103:10)
    at Object.renderIntoDocument (/Users/zoamel/Workspace/redux-ui/node_modules/react-dom/cjs/react-dom-test-utils.development.js:1598:19)
    at render (/Users/zoamel/Workspace/redux-ui/test/utils/render.js:21:25)
    at Context.<anonymous> (/Users/zoamel/Workspace/redux-ui/test/ui/reset.js:84:24)
    at callFn (/Users/zoamel/Workspace/redux-ui/node_modules/mocha/lib/runnable.js:326:21)
    at Test.Runnable.run (/Users/zoamel/Workspace/redux-ui/node_modules/mocha/lib/runnable.js:319:7)
    at Runner.runTest (/Users/zoamel/Workspace/redux-ui/node_modules/mocha/lib/runner.js:422:10)
    at /Users/zoamel/Workspace/redux-ui/node_modules/mocha/lib/runner.js:528:12
    at next (/Users/zoamel/Workspace/redux-ui/node_modules/mocha/lib/runner.js:342:14)
    at /Users/zoamel/Workspace/redux-ui/node_modules/mocha/lib/runner.js:352:7
    at next (/Users/zoamel/Workspace/redux-ui/node_modules/mocha/lib/runner.js:284:14)
    at Immediate._onImmediate (/Users/zoamel/Workspace/redux-ui/node_modules/mocha/lib/runner.js:320:5)
    at processImmediate (node:internal/timers:485:21)
The above error occurred in the <UI> component:

    at UI (/Users/zoamel/Workspace/redux-ui/src/ui.js:89:9)
    at ConnectFunction (/Users/zoamel/Workspace/redux-ui/node_modules/react-redux/lib/components/connectAdvanced.js:235:41)
    at Provider (/Users/zoamel/Workspace/redux-ui/node_modules/react-redux/lib/components/Provider.js:21:20)

Consider adding an error boundary to your tree to customize error handling behavior.
Visit https://reactjs.org/link/error-boundaries to learn more about error boundaries.
    29) calling resetUI from a parent component with a child that has evaluated state works

  Prop validation
Error: Uncaught [TypeError: this.props.ui.getIn is not a function]
    at reportException (/Users/zoamel/Workspace/redux-ui/node_modules/jsdom/lib/jsdom/living/helpers/runtime-script-errors.js:66:24)
    at innerInvokeEventListeners (/Users/zoamel/Workspace/redux-ui/node_modules/jsdom/lib/jsdom/living/events/EventTarget-impl.js:353:9)
    at invokeEventListeners (/Users/zoamel/Workspace/redux-ui/node_modules/jsdom/lib/jsdom/living/events/EventTarget-impl.js:286:3)
    at HTMLUnknownElementImpl._dispatch (/Users/zoamel/Workspace/redux-ui/node_modules/jsdom/lib/jsdom/living/events/EventTarget-impl.js:233:9)
    at HTMLUnknownElementImpl.dispatchEvent (/Users/zoamel/Workspace/redux-ui/node_modules/jsdom/lib/jsdom/living/events/EventTarget-impl.js:104:17)
    at HTMLUnknownElement.dispatchEvent (/Users/zoamel/Workspace/redux-ui/node_modules/jsdom/lib/jsdom/living/generated/EventTarget.js:241:34)
    at Object.invokeGuardedCallbackDev (/Users/zoamel/Workspace/redux-ui/node_modules/react-dom/cjs/react-dom.development.js:3994:16)
    at invokeGuardedCallback (/Users/zoamel/Workspace/redux-ui/node_modules/react-dom/cjs/react-dom.development.js:4056:31)
    at beginWork$1 (/Users/zoamel/Workspace/redux-ui/node_modules/react-dom/cjs/react-dom.development.js:23964:7)
    at performUnitOfWork (/Users/zoamel/Workspace/redux-ui/node_modules/react-dom/cjs/react-dom.development.js:22779:12)
    at workLoopSync (/Users/zoamel/Workspace/redux-ui/node_modules/react-dom/cjs/react-dom.development.js:22707:5)
    at renderRootSync (/Users/zoamel/Workspace/redux-ui/node_modules/react-dom/cjs/react-dom.development.js:22670:7)
    at performSyncWorkOnRoot (/Users/zoamel/Workspace/redux-ui/node_modules/react-dom/cjs/react-dom.development.js:22293:18)
    at scheduleUpdateOnFiber (/Users/zoamel/Workspace/redux-ui/node_modules/react-dom/cjs/react-dom.development.js:21881:7)
    at updateContainer (/Users/zoamel/Workspace/redux-ui/node_modules/react-dom/cjs/react-dom.development.js:25482:3)
    at /Users/zoamel/Workspace/redux-ui/node_modules/react-dom/cjs/react-dom.development.js:26021:7
    at unbatchedUpdates (/Users/zoamel/Workspace/redux-ui/node_modules/react-dom/cjs/react-dom.development.js:22431:12)
    at legacyRenderSubtreeIntoContainer (/Users/zoamel/Workspace/redux-ui/node_modules/react-dom/cjs/react-dom.development.js:26020:5)
    at Object.render (/Users/zoamel/Workspace/redux-ui/node_modules/react-dom/cjs/react-dom.development.js:26103:10)
    at Object.renderIntoDocument (/Users/zoamel/Workspace/redux-ui/node_modules/react-dom/cjs/react-dom-test-utils.development.js:1598:19)
    at render (/Users/zoamel/Workspace/redux-ui/test/utils/render.js:21:25)
    at renderAndFind (/Users/zoamel/Workspace/redux-ui/test/utils/render.js:31:16)
    at Context.<anonymous> (/Users/zoamel/Workspace/redux-ui/test/ui/validation.js:18:32)
    at callFn (/Users/zoamel/Workspace/redux-ui/node_modules/mocha/lib/runnable.js:326:21)
    at Test.Runnable.run (/Users/zoamel/Workspace/redux-ui/node_modules/mocha/lib/runnable.js:319:7)
    at Runner.runTest (/Users/zoamel/Workspace/redux-ui/node_modules/mocha/lib/runner.js:422:10)
    at /Users/zoamel/Workspace/redux-ui/node_modules/mocha/lib/runner.js:528:12
    at next (/Users/zoamel/Workspace/redux-ui/node_modules/mocha/lib/runner.js:342:14)
    at /Users/zoamel/Workspace/redux-ui/node_modules/mocha/lib/runner.js:352:7
    at next (/Users/zoamel/Workspace/redux-ui/node_modules/mocha/lib/runner.js:284:14)
    at Immediate._onImmediate (/Users/zoamel/Workspace/redux-ui/node_modules/mocha/lib/runner.js:320:5)
    at processImmediate (node:internal/timers:485:21) TypeError: this.props.ui.getIn is not a function
    at UI.UNSAFE_componentWillMount (/Users/zoamel/Workspace/redux-ui/src/ui.js:127:35)
    at callComponentWillMount (/Users/zoamel/Workspace/redux-ui/node_modules/react-dom/cjs/react-dom.development.js:12788:14)
    at mountClassInstance (/Users/zoamel/Workspace/redux-ui/node_modules/react-dom/cjs/react-dom.development.js:12878:5)
    at updateClassComponent (/Users/zoamel/Workspace/redux-ui/node_modules/react-dom/cjs/react-dom.development.js:17426:5)
    at beginWork (/Users/zoamel/Workspace/redux-ui/node_modules/react-dom/cjs/react-dom.development.js:19073:16)
    at HTMLUnknownElement.callCallback (/Users/zoamel/Workspace/redux-ui/node_modules/react-dom/cjs/react-dom.development.js:3945:14)
    at HTMLUnknownElement.callTheUserObjectsOperation (/Users/zoamel/Workspace/redux-ui/node_modules/jsdom/lib/jsdom/living/generated/EventListener.js:26:30)
    at innerInvokeEventListeners (/Users/zoamel/Workspace/redux-ui/node_modules/jsdom/lib/jsdom/living/events/EventTarget-impl.js:350:25)
    at invokeEventListeners (/Users/zoamel/Workspace/redux-ui/node_modules/jsdom/lib/jsdom/living/events/EventTarget-impl.js:286:3)
    at HTMLUnknownElementImpl._dispatch (/Users/zoamel/Workspace/redux-ui/node_modules/jsdom/lib/jsdom/living/events/EventTarget-impl.js:233:9)
    at HTMLUnknownElementImpl.dispatchEvent (/Users/zoamel/Workspace/redux-ui/node_modules/jsdom/lib/jsdom/living/events/EventTarget-impl.js:104:17)
    at HTMLUnknownElement.dispatchEvent (/Users/zoamel/Workspace/redux-ui/node_modules/jsdom/lib/jsdom/living/generated/EventTarget.js:241:34)
    at Object.invokeGuardedCallbackDev (/Users/zoamel/Workspace/redux-ui/node_modules/react-dom/cjs/react-dom.development.js:3994:16)
    at invokeGuardedCallback (/Users/zoamel/Workspace/redux-ui/node_modules/react-dom/cjs/react-dom.development.js:4056:31)
    at beginWork$1 (/Users/zoamel/Workspace/redux-ui/node_modules/react-dom/cjs/react-dom.development.js:23964:7)
    at performUnitOfWork (/Users/zoamel/Workspace/redux-ui/node_modules/react-dom/cjs/react-dom.development.js:22779:12)
    at workLoopSync (/Users/zoamel/Workspace/redux-ui/node_modules/react-dom/cjs/react-dom.development.js:22707:5)
    at renderRootSync (/Users/zoamel/Workspace/redux-ui/node_modules/react-dom/cjs/react-dom.development.js:22670:7)
    at performSyncWorkOnRoot (/Users/zoamel/Workspace/redux-ui/node_modules/react-dom/cjs/react-dom.development.js:22293:18)
    at scheduleUpdateOnFiber (/Users/zoamel/Workspace/redux-ui/node_modules/react-dom/cjs/react-dom.development.js:21881:7)
    at updateContainer (/Users/zoamel/Workspace/redux-ui/node_modules/react-dom/cjs/react-dom.development.js:25482:3)
    at /Users/zoamel/Workspace/redux-ui/node_modules/react-dom/cjs/react-dom.development.js:26021:7
    at unbatchedUpdates (/Users/zoamel/Workspace/redux-ui/node_modules/react-dom/cjs/react-dom.development.js:22431:12)
    at legacyRenderSubtreeIntoContainer (/Users/zoamel/Workspace/redux-ui/node_modules/react-dom/cjs/react-dom.development.js:26020:5)
    at Object.render (/Users/zoamel/Workspace/redux-ui/node_modules/react-dom/cjs/react-dom.development.js:26103:10)
    at Object.renderIntoDocument (/Users/zoamel/Workspace/redux-ui/node_modules/react-dom/cjs/react-dom-test-utils.development.js:1598:19)
    at render (/Users/zoamel/Workspace/redux-ui/test/utils/render.js:21:25)
    at renderAndFind (/Users/zoamel/Workspace/redux-ui/test/utils/render.js:31:16)
    at Context.<anonymous> (/Users/zoamel/Workspace/redux-ui/test/ui/validation.js:18:32)
    at callFn (/Users/zoamel/Workspace/redux-ui/node_modules/mocha/lib/runnable.js:326:21)
    at Test.Runnable.run (/Users/zoamel/Workspace/redux-ui/node_modules/mocha/lib/runnable.js:319:7)
    at Runner.runTest (/Users/zoamel/Workspace/redux-ui/node_modules/mocha/lib/runner.js:422:10)
    at /Users/zoamel/Workspace/redux-ui/node_modules/mocha/lib/runner.js:528:12
    at next (/Users/zoamel/Workspace/redux-ui/node_modules/mocha/lib/runner.js:342:14)
    at /Users/zoamel/Workspace/redux-ui/node_modules/mocha/lib/runner.js:352:7
    at next (/Users/zoamel/Workspace/redux-ui/node_modules/mocha/lib/runner.js:284:14)
    at Immediate._onImmediate (/Users/zoamel/Workspace/redux-ui/node_modules/mocha/lib/runner.js:320:5)
    at processImmediate (node:internal/timers:485:21)
The above error occurred in the <UI> component:

    at UI (/Users/zoamel/Workspace/redux-ui/src/ui.js:89:9)
    at ConnectFunction (/Users/zoamel/Workspace/redux-ui/node_modules/react-redux/lib/components/connectAdvanced.js:235:41)
    at Provider (/Users/zoamel/Workspace/redux-ui/node_modules/react-redux/lib/components/Provider.js:21:20)

Consider adding an error boundary to your tree to customize error handling behavior.
Visit https://reactjs.org/link/error-boundaries to learn more about error boundaries.
    30) only allows you to set defined variables in a single-level tree


  3 passing (75ms)
  30 failing

  1) UI state context single component tree component gets given expected props:
     TypeError: this.props.ui.getIn is not a function
      at UI.UNSAFE_componentWillMount (src/ui.js:127:35)
      at callComponentWillMount (node_modules/react-dom/cjs/react-dom.development.js:12788:14)
      at mountClassInstance (node_modules/react-dom/cjs/react-dom.development.js:12878:5)
      at updateClassComponent (node_modules/react-dom/cjs/react-dom.development.js:17426:5)
      at beginWork (node_modules/react-dom/cjs/react-dom.development.js:19073:16)
      at HTMLUnknownElement.callCallback (node_modules/react-dom/cjs/react-dom.development.js:3945:14)
      at HTMLUnknownElement.callTheUserObjectsOperation (node_modules/jsdom/lib/jsdom/living/generated/EventListener.js:26:30)
      at innerInvokeEventListeners (node_modules/jsdom/lib/jsdom/living/events/EventTarget-impl.js:350:25)
      at invokeEventListeners (node_modules/jsdom/lib/jsdom/living/events/EventTarget-impl.js:286:3)
      at HTMLUnknownElementImpl._dispatch (node_modules/jsdom/lib/jsdom/living/events/EventTarget-impl.js:233:9)
      at HTMLUnknownElementImpl.dispatchEvent (node_modules/jsdom/lib/jsdom/living/events/EventTarget-impl.js:104:17)
      at HTMLUnknownElement.dispatchEvent (node_modules/jsdom/lib/jsdom/living/generated/EventTarget.js:241:34)
      at Object.invokeGuardedCallbackDev (node_modules/react-dom/cjs/react-dom.development.js:3994:16)
      at invokeGuardedCallback (node_modules/react-dom/cjs/react-dom.development.js:4056:31)
      at beginWork$1 (node_modules/react-dom/cjs/react-dom.development.js:23964:7)
      at performUnitOfWork (node_modules/react-dom/cjs/react-dom.development.js:22779:12)
      at workLoopSync (node_modules/react-dom/cjs/react-dom.development.js:22707:5)
      at renderRootSync (node_modules/react-dom/cjs/react-dom.development.js:22670:7)
      at performSyncWorkOnRoot (node_modules/react-dom/cjs/react-dom.development.js:22293:18)
      at scheduleUpdateOnFiber (node_modules/react-dom/cjs/react-dom.development.js:21881:7)
      at updateContainer (node_modules/react-dom/cjs/react-dom.development.js:25482:3)
      at node_modules/react-dom/cjs/react-dom.development.js:26021:7
      at unbatchedUpdates (node_modules/react-dom/cjs/react-dom.development.js:22431:12)
      at legacyRenderSubtreeIntoContainer (node_modules/react-dom/cjs/react-dom.development.js:26020:5)
      at Object.render (node_modules/react-dom/cjs/react-dom.development.js:26103:10)
      at Object.renderIntoDocument (node_modules/react-dom/cjs/react-dom-test-utils.development.js:1598:19)
      at render (test/utils/render.js:21:25)
      at renderAndFind (test/utils/render.js:31:16)
      at Context.<anonymous> (test/ui/context.js:31:30)
      at processImmediate (node:internal/timers:485:21)

  2) UI state context single component tree updates props using the single-update syntax:
     TypeError: this.props.ui.getIn is not a function
      at UI.UNSAFE_componentWillMount (src/ui.js:127:35)
      at callComponentWillMount (node_modules/react-dom/cjs/react-dom.development.js:12788:14)
      at mountClassInstance (node_modules/react-dom/cjs/react-dom.development.js:12878:5)
      at updateClassComponent (node_modules/react-dom/cjs/react-dom.development.js:17426:5)
      at beginWork (node_modules/react-dom/cjs/react-dom.development.js:19073:16)
      at HTMLUnknownElement.callCallback (node_modules/react-dom/cjs/react-dom.development.js:3945:14)
      at HTMLUnknownElement.callTheUserObjectsOperation (node_modules/jsdom/lib/jsdom/living/generated/EventListener.js:26:30)
      at innerInvokeEventListeners (node_modules/jsdom/lib/jsdom/living/events/EventTarget-impl.js:350:25)
      at invokeEventListeners (node_modules/jsdom/lib/jsdom/living/events/EventTarget-impl.js:286:3)
      at HTMLUnknownElementImpl._dispatch (node_modules/jsdom/lib/jsdom/living/events/EventTarget-impl.js:233:9)
      at HTMLUnknownElementImpl.dispatchEvent (node_modules/jsdom/lib/jsdom/living/events/EventTarget-impl.js:104:17)
      at HTMLUnknownElement.dispatchEvent (node_modules/jsdom/lib/jsdom/living/generated/EventTarget.js:241:34)
      at Object.invokeGuardedCallbackDev (node_modules/react-dom/cjs/react-dom.development.js:3994:16)
      at invokeGuardedCallback (node_modules/react-dom/cjs/react-dom.development.js:4056:31)
      at beginWork$1 (node_modules/react-dom/cjs/react-dom.development.js:23964:7)
      at performUnitOfWork (node_modules/react-dom/cjs/react-dom.development.js:22779:12)
      at workLoopSync (node_modules/react-dom/cjs/react-dom.development.js:22707:5)
      at renderRootSync (node_modules/react-dom/cjs/react-dom.development.js:22670:7)
      at performSyncWorkOnRoot (node_modules/react-dom/cjs/react-dom.development.js:22293:18)
      at scheduleUpdateOnFiber (node_modules/react-dom/cjs/react-dom.development.js:21881:7)
      at updateContainer (node_modules/react-dom/cjs/react-dom.development.js:25482:3)
      at node_modules/react-dom/cjs/react-dom.development.js:26021:7
      at unbatchedUpdates (node_modules/react-dom/cjs/react-dom.development.js:22431:12)
      at legacyRenderSubtreeIntoContainer (node_modules/react-dom/cjs/react-dom.development.js:26020:5)
      at Object.render (node_modules/react-dom/cjs/react-dom.development.js:26103:10)
      at Object.renderIntoDocument (node_modules/react-dom/cjs/react-dom-test-utils.development.js:1598:19)
      at render (test/utils/render.js:21:25)
      at renderAndFind (test/utils/render.js:31:16)
      at Context.<anonymous> (test/ui/context.js:39:30)
      at processImmediate (node:internal/timers:485:21)

  3) UI state context single component tree updates props using the mass-update syntax:
     TypeError: this.props.ui.getIn is not a function
      at UI.UNSAFE_componentWillMount (src/ui.js:127:35)
      at callComponentWillMount (node_modules/react-dom/cjs/react-dom.development.js:12788:14)
      at mountClassInstance (node_modules/react-dom/cjs/react-dom.development.js:12878:5)
      at updateClassComponent (node_modules/react-dom/cjs/react-dom.development.js:17426:5)
      at beginWork (node_modules/react-dom/cjs/react-dom.development.js:19073:16)
      at HTMLUnknownElement.callCallback (node_modules/react-dom/cjs/react-dom.development.js:3945:14)
      at HTMLUnknownElement.callTheUserObjectsOperation (node_modules/jsdom/lib/jsdom/living/generated/EventListener.js:26:30)
      at innerInvokeEventListeners (node_modules/jsdom/lib/jsdom/living/events/EventTarget-impl.js:350:25)
      at invokeEventListeners (node_modules/jsdom/lib/jsdom/living/events/EventTarget-impl.js:286:3)
      at HTMLUnknownElementImpl._dispatch (node_modules/jsdom/lib/jsdom/living/events/EventTarget-impl.js:233:9)
      at HTMLUnknownElementImpl.dispatchEvent (node_modules/jsdom/lib/jsdom/living/events/EventTarget-impl.js:104:17)
      at HTMLUnknownElement.dispatchEvent (node_modules/jsdom/lib/jsdom/living/generated/EventTarget.js:241:34)
      at Object.invokeGuardedCallbackDev (node_modules/react-dom/cjs/react-dom.development.js:3994:16)
      at invokeGuardedCallback (node_modules/react-dom/cjs/react-dom.development.js:4056:31)
      at beginWork$1 (node_modules/react-dom/cjs/react-dom.development.js:23964:7)
      at performUnitOfWork (node_modules/react-dom/cjs/react-dom.development.js:22779:12)
      at workLoopSync (node_modules/react-dom/cjs/react-dom.development.js:22707:5)
      at renderRootSync (node_modules/react-dom/cjs/react-dom.development.js:22670:7)
      at performSyncWorkOnRoot (node_modules/react-dom/cjs/react-dom.development.js:22293:18)
      at scheduleUpdateOnFiber (node_modules/react-dom/cjs/react-dom.development.js:21881:7)
      at updateContainer (node_modules/react-dom/cjs/react-dom.development.js:25482:3)
      at node_modules/react-dom/cjs/react-dom.development.js:26021:7
      at unbatchedUpdates (node_modules/react-dom/cjs/react-dom.development.js:22431:12)
      at legacyRenderSubtreeIntoContainer (node_modules/react-dom/cjs/react-dom.development.js:26020:5)
      at Object.render (node_modules/react-dom/cjs/react-dom.development.js:26103:10)
      at Object.renderIntoDocument (node_modules/react-dom/cjs/react-dom-test-utils.development.js:1598:19)
      at render (test/utils/render.js:21:25)
      at renderAndFind (test/utils/render.js:31:16)
      at Context.<anonymous> (test/ui/context.js:46:30)
      at processImmediate (node:internal/timers:485:21)

  4) UI state context single-level nested ui component tree child component inherits parent context:
     TypeError: this.props.ui.getIn is not a function
      at UI.UNSAFE_componentWillMount (src/ui.js:127:35)
      at callComponentWillMount (node_modules/react-dom/cjs/react-dom.development.js:12788:14)
      at mountClassInstance (node_modules/react-dom/cjs/react-dom.development.js:12878:5)
      at updateClassComponent (node_modules/react-dom/cjs/react-dom.development.js:17426:5)
      at beginWork (node_modules/react-dom/cjs/react-dom.development.js:19073:16)
      at HTMLUnknownElement.callCallback (node_modules/react-dom/cjs/react-dom.development.js:3945:14)
      at HTMLUnknownElement.callTheUserObjectsOperation (node_modules/jsdom/lib/jsdom/living/generated/EventListener.js:26:30)
      at innerInvokeEventListeners (node_modules/jsdom/lib/jsdom/living/events/EventTarget-impl.js:350:25)
      at invokeEventListeners (node_modules/jsdom/lib/jsdom/living/events/EventTarget-impl.js:286:3)
      at HTMLUnknownElementImpl._dispatch (node_modules/jsdom/lib/jsdom/living/events/EventTarget-impl.js:233:9)
      at HTMLUnknownElementImpl.dispatchEvent (node_modules/jsdom/lib/jsdom/living/events/EventTarget-impl.js:104:17)
      at HTMLUnknownElement.dispatchEvent (node_modules/jsdom/lib/jsdom/living/generated/EventTarget.js:241:34)
      at Object.invokeGuardedCallbackDev (node_modules/react-dom/cjs/react-dom.development.js:3994:16)
      at invokeGuardedCallback (node_modules/react-dom/cjs/react-dom.development.js:4056:31)
      at beginWork$1 (node_modules/react-dom/cjs/react-dom.development.js:23964:7)
      at performUnitOfWork (node_modules/react-dom/cjs/react-dom.development.js:22779:12)
      at workLoopSync (node_modules/react-dom/cjs/react-dom.development.js:22707:5)
      at renderRootSync (node_modules/react-dom/cjs/react-dom.development.js:22670:7)
      at performSyncWorkOnRoot (node_modules/react-dom/cjs/react-dom.development.js:22293:18)
      at scheduleUpdateOnFiber (node_modules/react-dom/cjs/react-dom.development.js:21881:7)
      at updateContainer (node_modules/react-dom/cjs/react-dom.development.js:25482:3)
      at node_modules/react-dom/cjs/react-dom.development.js:26021:7
      at unbatchedUpdates (node_modules/react-dom/cjs/react-dom.development.js:22431:12)
      at legacyRenderSubtreeIntoContainer (node_modules/react-dom/cjs/react-dom.development.js:26020:5)
      at Object.render (node_modules/react-dom/cjs/react-dom.development.js:26103:10)
      at Object.renderIntoDocument (node_modules/react-dom/cjs/react-dom-test-utils.development.js:1598:19)
      at render (test/utils/render.js:21:25)
      at renderAndFind (test/utils/render.js:31:16)
      at Context.<anonymous> (test/ui/context.js:79:30)
      at processImmediate (node:internal/timers:485:21)

  5) UI state context single-level nested ui component tree parent component only gets its own context:
     TypeError: this.props.ui.getIn is not a function
      at UI.UNSAFE_componentWillMount (src/ui.js:127:35)
      at callComponentWillMount (node_modules/react-dom/cjs/react-dom.development.js:12788:14)
      at mountClassInstance (node_modules/react-dom/cjs/react-dom.development.js:12878:5)
      at updateClassComponent (node_modules/react-dom/cjs/react-dom.development.js:17426:5)
      at beginWork (node_modules/react-dom/cjs/react-dom.development.js:19073:16)
      at HTMLUnknownElement.callCallback (node_modules/react-dom/cjs/react-dom.development.js:3945:14)
      at HTMLUnknownElement.callTheUserObjectsOperation (node_modules/jsdom/lib/jsdom/living/generated/EventListener.js:26:30)
      at innerInvokeEventListeners (node_modules/jsdom/lib/jsdom/living/events/EventTarget-impl.js:350:25)
      at invokeEventListeners (node_modules/jsdom/lib/jsdom/living/events/EventTarget-impl.js:286:3)
      at HTMLUnknownElementImpl._dispatch (node_modules/jsdom/lib/jsdom/living/events/EventTarget-impl.js:233:9)
      at HTMLUnknownElementImpl.dispatchEvent (node_modules/jsdom/lib/jsdom/living/events/EventTarget-impl.js:104:17)
      at HTMLUnknownElement.dispatchEvent (node_modules/jsdom/lib/jsdom/living/generated/EventTarget.js:241:34)
      at Object.invokeGuardedCallbackDev (node_modules/react-dom/cjs/react-dom.development.js:3994:16)
      at invokeGuardedCallback (node_modules/react-dom/cjs/react-dom.development.js:4056:31)
      at beginWork$1 (node_modules/react-dom/cjs/react-dom.development.js:23964:7)
      at performUnitOfWork (node_modules/react-dom/cjs/react-dom.development.js:22779:12)
      at workLoopSync (node_modules/react-dom/cjs/react-dom.development.js:22707:5)
      at renderRootSync (node_modules/react-dom/cjs/react-dom.development.js:22670:7)
      at performSyncWorkOnRoot (node_modules/react-dom/cjs/react-dom.development.js:22293:18)
      at scheduleUpdateOnFiber (node_modules/react-dom/cjs/react-dom.development.js:21881:7)
      at updateContainer (node_modules/react-dom/cjs/react-dom.development.js:25482:3)
      at node_modules/react-dom/cjs/react-dom.development.js:26021:7
      at unbatchedUpdates (node_modules/react-dom/cjs/react-dom.development.js:22431:12)
      at legacyRenderSubtreeIntoContainer (node_modules/react-dom/cjs/react-dom.development.js:26020:5)
      at Object.render (node_modules/react-dom/cjs/react-dom.development.js:26103:10)
      at Object.renderIntoDocument (node_modules/react-dom/cjs/react-dom-test-utils.development.js:1598:19)
      at render (test/utils/render.js:21:25)
      at renderAndFind (test/utils/render.js:31:16)
      at Context.<anonymous> (test/ui/context.js:84:30)
      at processImmediate (node:internal/timers:485:21)

  6) UI state context single-level nested ui component tree child component updates parent variables:
     TypeError: this.props.ui.getIn is not a function
      at UI.UNSAFE_componentWillMount (src/ui.js:127:35)
      at callComponentWillMount (node_modules/react-dom/cjs/react-dom.development.js:12788:14)
      at mountClassInstance (node_modules/react-dom/cjs/react-dom.development.js:12878:5)
      at updateClassComponent (node_modules/react-dom/cjs/react-dom.development.js:17426:5)
      at beginWork (node_modules/react-dom/cjs/react-dom.development.js:19073:16)
      at HTMLUnknownElement.callCallback (node_modules/react-dom/cjs/react-dom.development.js:3945:14)
      at HTMLUnknownElement.callTheUserObjectsOperation (node_modules/jsdom/lib/jsdom/living/generated/EventListener.js:26:30)
      at innerInvokeEventListeners (node_modules/jsdom/lib/jsdom/living/events/EventTarget-impl.js:350:25)
      at invokeEventListeners (node_modules/jsdom/lib/jsdom/living/events/EventTarget-impl.js:286:3)
      at HTMLUnknownElementImpl._dispatch (node_modules/jsdom/lib/jsdom/living/events/EventTarget-impl.js:233:9)
      at HTMLUnknownElementImpl.dispatchEvent (node_modules/jsdom/lib/jsdom/living/events/EventTarget-impl.js:104:17)
      at HTMLUnknownElement.dispatchEvent (node_modules/jsdom/lib/jsdom/living/generated/EventTarget.js:241:34)
      at Object.invokeGuardedCallbackDev (node_modules/react-dom/cjs/react-dom.development.js:3994:16)
      at invokeGuardedCallback (node_modules/react-dom/cjs/react-dom.development.js:4056:31)
      at beginWork$1 (node_modules/react-dom/cjs/react-dom.development.js:23964:7)
      at performUnitOfWork (node_modules/react-dom/cjs/react-dom.development.js:22779:12)
      at workLoopSync (node_modules/react-dom/cjs/react-dom.development.js:22707:5)
      at renderRootSync (node_modules/react-dom/cjs/react-dom.development.js:22670:7)
      at performSyncWorkOnRoot (node_modules/react-dom/cjs/react-dom.development.js:22293:18)
      at scheduleUpdateOnFiber (node_modules/react-dom/cjs/react-dom.development.js:21881:7)
      at updateContainer (node_modules/react-dom/cjs/react-dom.development.js:25482:3)
      at node_modules/react-dom/cjs/react-dom.development.js:26021:7
      at unbatchedUpdates (node_modules/react-dom/cjs/react-dom.development.js:22431:12)
      at legacyRenderSubtreeIntoContainer (node_modules/react-dom/cjs/react-dom.development.js:26020:5)
      at Object.render (node_modules/react-dom/cjs/react-dom.development.js:26103:10)
      at Object.renderIntoDocument (node_modules/react-dom/cjs/react-dom-test-utils.development.js:1598:19)
      at render (test/utils/render.js:21:25)
      at Context.<anonymous> (test/ui/context.js:89:26)
      at processImmediate (node:internal/timers:485:21)

  7) UI state context single-level nested ui component tree child merges parent UI context with its own UI context:
     TypeError: this.props.ui.getIn is not a function
      at UI.UNSAFE_componentWillMount (src/ui.js:127:35)
      at callComponentWillMount (node_modules/react-dom/cjs/react-dom.development.js:12788:14)
      at mountClassInstance (node_modules/react-dom/cjs/react-dom.development.js:12878:5)
      at updateClassComponent (node_modules/react-dom/cjs/react-dom.development.js:17426:5)
      at beginWork (node_modules/react-dom/cjs/react-dom.development.js:19073:16)
      at HTMLUnknownElement.callCallback (node_modules/react-dom/cjs/react-dom.development.js:3945:14)
      at HTMLUnknownElement.callTheUserObjectsOperation (node_modules/jsdom/lib/jsdom/living/generated/EventListener.js:26:30)
      at innerInvokeEventListeners (node_modules/jsdom/lib/jsdom/living/events/EventTarget-impl.js:350:25)
      at invokeEventListeners (node_modules/jsdom/lib/jsdom/living/events/EventTarget-impl.js:286:3)
      at HTMLUnknownElementImpl._dispatch (node_modules/jsdom/lib/jsdom/living/events/EventTarget-impl.js:233:9)
      at HTMLUnknownElementImpl.dispatchEvent (node_modules/jsdom/lib/jsdom/living/events/EventTarget-impl.js:104:17)
      at HTMLUnknownElement.dispatchEvent (node_modules/jsdom/lib/jsdom/living/generated/EventTarget.js:241:34)
      at Object.invokeGuardedCallbackDev (node_modules/react-dom/cjs/react-dom.development.js:3994:16)
      at invokeGuardedCallback (node_modules/react-dom/cjs/react-dom.development.js:4056:31)
      at beginWork$1 (node_modules/react-dom/cjs/react-dom.development.js:23964:7)
      at performUnitOfWork (node_modules/react-dom/cjs/react-dom.development.js:22779:12)
      at workLoopSync (node_modules/react-dom/cjs/react-dom.development.js:22707:5)
      at renderRootSync (node_modules/react-dom/cjs/react-dom.development.js:22670:7)
      at performSyncWorkOnRoot (node_modules/react-dom/cjs/react-dom.development.js:22293:18)
      at scheduleUpdateOnFiber (node_modules/react-dom/cjs/react-dom.development.js:21881:7)
      at updateContainer (node_modules/react-dom/cjs/react-dom.development.js:25482:3)
      at node_modules/react-dom/cjs/react-dom.development.js:26021:7
      at unbatchedUpdates (node_modules/react-dom/cjs/react-dom.development.js:22431:12)
      at legacyRenderSubtreeIntoContainer (node_modules/react-dom/cjs/react-dom.development.js:26020:5)
      at Object.render (node_modules/react-dom/cjs/react-dom.development.js:26103:10)
      at Object.renderIntoDocument (node_modules/react-dom/cjs/react-dom-test-utils.development.js:1598:19)
      at render (test/utils/render.js:21:25)
      at renderAndFind (test/utils/render.js:31:16)
      at Context.<anonymous> (test/ui/context.js:101:34)
      at processImmediate (node:internal/timers:485:21)

  8) UI state context single-level nested ui component tree child updates own context separately from parent:
     TypeError: this.props.ui.getIn is not a function
      at UI.UNSAFE_componentWillMount (src/ui.js:127:35)
      at callComponentWillMount (node_modules/react-dom/cjs/react-dom.development.js:12788:14)
      at mountClassInstance (node_modules/react-dom/cjs/react-dom.development.js:12878:5)
      at updateClassComponent (node_modules/react-dom/cjs/react-dom.development.js:17426:5)
      at beginWork (node_modules/react-dom/cjs/react-dom.development.js:19073:16)
      at HTMLUnknownElement.callCallback (node_modules/react-dom/cjs/react-dom.development.js:3945:14)
      at HTMLUnknownElement.callTheUserObjectsOperation (node_modules/jsdom/lib/jsdom/living/generated/EventListener.js:26:30)
      at innerInvokeEventListeners (node_modules/jsdom/lib/jsdom/living/events/EventTarget-impl.js:350:25)
      at invokeEventListeners (node_modules/jsdom/lib/jsdom/living/events/EventTarget-impl.js:286:3)
      at HTMLUnknownElementImpl._dispatch (node_modules/jsdom/lib/jsdom/living/events/EventTarget-impl.js:233:9)
      at HTMLUnknownElementImpl.dispatchEvent (node_modules/jsdom/lib/jsdom/living/events/EventTarget-impl.js:104:17)
      at HTMLUnknownElement.dispatchEvent (node_modules/jsdom/lib/jsdom/living/generated/EventTarget.js:241:34)
      at Object.invokeGuardedCallbackDev (node_modules/react-dom/cjs/react-dom.development.js:3994:16)
      at invokeGuardedCallback (node_modules/react-dom/cjs/react-dom.development.js:4056:31)
      at beginWork$1 (node_modules/react-dom/cjs/react-dom.development.js:23964:7)
      at performUnitOfWork (node_modules/react-dom/cjs/react-dom.development.js:22779:12)
      at workLoopSync (node_modules/react-dom/cjs/react-dom.development.js:22707:5)
      at renderRootSync (node_modules/react-dom/cjs/react-dom.development.js:22670:7)
      at performSyncWorkOnRoot (node_modules/react-dom/cjs/react-dom.development.js:22293:18)
      at scheduleUpdateOnFiber (node_modules/react-dom/cjs/react-dom.development.js:21881:7)
      at updateContainer (node_modules/react-dom/cjs/react-dom.development.js:25482:3)
      at node_modules/react-dom/cjs/react-dom.development.js:26021:7
      at unbatchedUpdates (node_modules/react-dom/cjs/react-dom.development.js:22431:12)
      at legacyRenderSubtreeIntoContainer (node_modules/react-dom/cjs/react-dom.development.js:26020:5)
      at Object.render (node_modules/react-dom/cjs/react-dom.development.js:26103:10)
      at Object.renderIntoDocument (node_modules/react-dom/cjs/react-dom-test-utils.development.js:1598:19)
      at render (test/utils/render.js:21:25)
      at Context.<anonymous> (test/ui/context.js:110:26)
      at processImmediate (node:internal/timers:485:21)

  9) UI state context single-level nested ui component tree child updates parent context:
     TypeError: this.props.ui.getIn is not a function
      at UI.UNSAFE_componentWillMount (src/ui.js:127:35)
      at callComponentWillMount (node_modules/react-dom/cjs/react-dom.development.js:12788:14)
      at mountClassInstance (node_modules/react-dom/cjs/react-dom.development.js:12878:5)
      at updateClassComponent (node_modules/react-dom/cjs/react-dom.development.js:17426:5)
      at beginWork (node_modules/react-dom/cjs/react-dom.development.js:19073:16)
      at HTMLUnknownElement.callCallback (node_modules/react-dom/cjs/react-dom.development.js:3945:14)
      at HTMLUnknownElement.callTheUserObjectsOperation (node_modules/jsdom/lib/jsdom/living/generated/EventListener.js:26:30)
      at innerInvokeEventListeners (node_modules/jsdom/lib/jsdom/living/events/EventTarget-impl.js:350:25)
      at invokeEventListeners (node_modules/jsdom/lib/jsdom/living/events/EventTarget-impl.js:286:3)
      at HTMLUnknownElementImpl._dispatch (node_modules/jsdom/lib/jsdom/living/events/EventTarget-impl.js:233:9)
      at HTMLUnknownElementImpl.dispatchEvent (node_modules/jsdom/lib/jsdom/living/events/EventTarget-impl.js:104:17)
      at HTMLUnknownElement.dispatchEvent (node_modules/jsdom/lib/jsdom/living/generated/EventTarget.js:241:34)
      at Object.invokeGuardedCallbackDev (node_modules/react-dom/cjs/react-dom.development.js:3994:16)
      at invokeGuardedCallback (node_modules/react-dom/cjs/react-dom.development.js:4056:31)
      at beginWork$1 (node_modules/react-dom/cjs/react-dom.development.js:23964:7)
      at performUnitOfWork (node_modules/react-dom/cjs/react-dom.development.js:22779:12)
      at workLoopSync (node_modules/react-dom/cjs/react-dom.development.js:22707:5)
      at renderRootSync (node_modules/react-dom/cjs/react-dom.development.js:22670:7)
      at performSyncWorkOnRoot (node_modules/react-dom/cjs/react-dom.development.js:22293:18)
      at scheduleUpdateOnFiber (node_modules/react-dom/cjs/react-dom.development.js:21881:7)
      at updateContainer (node_modules/react-dom/cjs/react-dom.development.js:25482:3)
      at node_modules/react-dom/cjs/react-dom.development.js:26021:7
      at unbatchedUpdates (node_modules/react-dom/cjs/react-dom.development.js:22431:12)
      at legacyRenderSubtreeIntoContainer (node_modules/react-dom/cjs/react-dom.development.js:26020:5)
      at Object.render (node_modules/react-dom/cjs/react-dom.development.js:26103:10)
      at Object.renderIntoDocument (node_modules/react-dom/cjs/react-dom-test-utils.development.js:1598:19)
      at render (test/utils/render.js:21:25)
      at Context.<anonymous> (test/ui/context.js:119:26)
      at processImmediate (node:internal/timers:485:21)

  10) UI state context single-level nested ui component tree parent updating context sends child new context and child receives updates:
     TypeError: this.props.ui.getIn is not a function
      at UI.UNSAFE_componentWillMount (src/ui.js:127:35)
      at callComponentWillMount (node_modules/react-dom/cjs/react-dom.development.js:12788:14)
      at mountClassInstance (node_modules/react-dom/cjs/react-dom.development.js:12878:5)
      at updateClassComponent (node_modules/react-dom/cjs/react-dom.development.js:17426:5)
      at beginWork (node_modules/react-dom/cjs/react-dom.development.js:19073:16)
      at HTMLUnknownElement.callCallback (node_modules/react-dom/cjs/react-dom.development.js:3945:14)
      at HTMLUnknownElement.callTheUserObjectsOperation (node_modules/jsdom/lib/jsdom/living/generated/EventListener.js:26:30)
      at innerInvokeEventListeners (node_modules/jsdom/lib/jsdom/living/events/EventTarget-impl.js:350:25)
      at invokeEventListeners (node_modules/jsdom/lib/jsdom/living/events/EventTarget-impl.js:286:3)
      at HTMLUnknownElementImpl._dispatch (node_modules/jsdom/lib/jsdom/living/events/EventTarget-impl.js:233:9)
      at HTMLUnknownElementImpl.dispatchEvent (node_modules/jsdom/lib/jsdom/living/events/EventTarget-impl.js:104:17)
      at HTMLUnknownElement.dispatchEvent (node_modules/jsdom/lib/jsdom/living/generated/EventTarget.js:241:34)
      at Object.invokeGuardedCallbackDev (node_modules/react-dom/cjs/react-dom.development.js:3994:16)
      at invokeGuardedCallback (node_modules/react-dom/cjs/react-dom.development.js:4056:31)
      at beginWork$1 (node_modules/react-dom/cjs/react-dom.development.js:23964:7)
      at performUnitOfWork (node_modules/react-dom/cjs/react-dom.development.js:22779:12)
      at workLoopSync (node_modules/react-dom/cjs/react-dom.development.js:22707:5)
      at renderRootSync (node_modules/react-dom/cjs/react-dom.development.js:22670:7)
      at performSyncWorkOnRoot (node_modules/react-dom/cjs/react-dom.development.js:22293:18)
      at scheduleUpdateOnFiber (node_modules/react-dom/cjs/react-dom.development.js:21881:7)
      at updateContainer (node_modules/react-dom/cjs/react-dom.development.js:25482:3)
      at node_modules/react-dom/cjs/react-dom.development.js:26021:7
      at unbatchedUpdates (node_modules/react-dom/cjs/react-dom.development.js:22431:12)
      at legacyRenderSubtreeIntoContainer (node_modules/react-dom/cjs/react-dom.development.js:26020:5)
      at Object.render (node_modules/react-dom/cjs/react-dom.development.js:26103:10)
      at Object.renderIntoDocument (node_modules/react-dom/cjs/react-dom-test-utils.development.js:1598:19)
      at render (test/utils/render.js:21:25)
      at Context.<anonymous> (test/ui/context.js:129:26)
      at processImmediate (node:internal/timers:485:21)

  11) UI state context single-level nested ui component tree duplicating UI variable names across parent/child contexts parent and child store state separately:
     TypeError: this.props.ui.getIn is not a function
      at UI.UNSAFE_componentWillMount (src/ui.js:127:35)
      at callComponentWillMount (node_modules/react-dom/cjs/react-dom.development.js:12788:14)
      at mountClassInstance (node_modules/react-dom/cjs/react-dom.development.js:12878:5)
      at updateClassComponent (node_modules/react-dom/cjs/react-dom.development.js:17426:5)
      at beginWork (node_modules/react-dom/cjs/react-dom.development.js:19073:16)
      at HTMLUnknownElement.callCallback (node_modules/react-dom/cjs/react-dom.development.js:3945:14)
      at HTMLUnknownElement.callTheUserObjectsOperation (node_modules/jsdom/lib/jsdom/living/generated/EventListener.js:26:30)
      at innerInvokeEventListeners (node_modules/jsdom/lib/jsdom/living/events/EventTarget-impl.js:350:25)
      at invokeEventListeners (node_modules/jsdom/lib/jsdom/living/events/EventTarget-impl.js:286:3)
      at HTMLUnknownElementImpl._dispatch (node_modules/jsdom/lib/jsdom/living/events/EventTarget-impl.js:233:9)
      at HTMLUnknownElementImpl.dispatchEvent (node_modules/jsdom/lib/jsdom/living/events/EventTarget-impl.js:104:17)
      at HTMLUnknownElement.dispatchEvent (node_modules/jsdom/lib/jsdom/living/generated/EventTarget.js:241:34)
      at Object.invokeGuardedCallbackDev (node_modules/react-dom/cjs/react-dom.development.js:3994:16)
      at invokeGuardedCallback (node_modules/react-dom/cjs/react-dom.development.js:4056:31)
      at beginWork$1 (node_modules/react-dom/cjs/react-dom.development.js:23964:7)
      at performUnitOfWork (node_modules/react-dom/cjs/react-dom.development.js:22779:12)
      at workLoopSync (node_modules/react-dom/cjs/react-dom.development.js:22707:5)
      at renderRootSync (node_modules/react-dom/cjs/react-dom.development.js:22670:7)
      at performSyncWorkOnRoot (node_modules/react-dom/cjs/react-dom.development.js:22293:18)
      at scheduleUpdateOnFiber (node_modules/react-dom/cjs/react-dom.development.js:21881:7)
      at updateContainer (node_modules/react-dom/cjs/react-dom.development.js:25482:3)
      at node_modules/react-dom/cjs/react-dom.development.js:26021:7
      at unbatchedUpdates (node_modules/react-dom/cjs/react-dom.development.js:22431:12)
      at legacyRenderSubtreeIntoContainer (node_modules/react-dom/cjs/react-dom.development.js:26020:5)
      at Object.render (node_modules/react-dom/cjs/react-dom.development.js:26103:10)
      at Object.renderIntoDocument (node_modules/react-dom/cjs/react-dom-test-utils.development.js:1598:19)
      at render (test/utils/render.js:21:25)
      at Context.<anonymous> (test/ui/context.js:147:28)
      at processImmediate (node:internal/timers:485:21)

  12) UI state context single-level nested ui component tree duplicating UI variable names across parent/child contexts parent updates context separately from parent:
     TypeError: this.props.ui.getIn is not a function
      at UI.UNSAFE_componentWillMount (src/ui.js:127:35)
      at callComponentWillMount (node_modules/react-dom/cjs/react-dom.development.js:12788:14)
      at mountClassInstance (node_modules/react-dom/cjs/react-dom.development.js:12878:5)
      at updateClassComponent (node_modules/react-dom/cjs/react-dom.development.js:17426:5)
      at beginWork (node_modules/react-dom/cjs/react-dom.development.js:19073:16)
      at HTMLUnknownElement.callCallback (node_modules/react-dom/cjs/react-dom.development.js:3945:14)
      at HTMLUnknownElement.callTheUserObjectsOperation (node_modules/jsdom/lib/jsdom/living/generated/EventListener.js:26:30)
      at innerInvokeEventListeners (node_modules/jsdom/lib/jsdom/living/events/EventTarget-impl.js:350:25)
      at invokeEventListeners (node_modules/jsdom/lib/jsdom/living/events/EventTarget-impl.js:286:3)
      at HTMLUnknownElementImpl._dispatch (node_modules/jsdom/lib/jsdom/living/events/EventTarget-impl.js:233:9)
      at HTMLUnknownElementImpl.dispatchEvent (node_modules/jsdom/lib/jsdom/living/events/EventTarget-impl.js:104:17)
      at HTMLUnknownElement.dispatchEvent (node_modules/jsdom/lib/jsdom/living/generated/EventTarget.js:241:34)
      at Object.invokeGuardedCallbackDev (node_modules/react-dom/cjs/react-dom.development.js:3994:16)
      at invokeGuardedCallback (node_modules/react-dom/cjs/react-dom.development.js:4056:31)
      at beginWork$1 (node_modules/react-dom/cjs/react-dom.development.js:23964:7)
      at performUnitOfWork (node_modules/react-dom/cjs/react-dom.development.js:22779:12)
      at workLoopSync (node_modules/react-dom/cjs/react-dom.development.js:22707:5)
      at renderRootSync (node_modules/react-dom/cjs/react-dom.development.js:22670:7)
      at performSyncWorkOnRoot (node_modules/react-dom/cjs/react-dom.development.js:22293:18)
      at scheduleUpdateOnFiber (node_modules/react-dom/cjs/react-dom.development.js:21881:7)
      at updateContainer (node_modules/react-dom/cjs/react-dom.development.js:25482:3)
      at node_modules/react-dom/cjs/react-dom.development.js:26021:7
      at unbatchedUpdates (node_modules/react-dom/cjs/react-dom.development.js:22431:12)
      at legacyRenderSubtreeIntoContainer (node_modules/react-dom/cjs/react-dom.development.js:26020:5)
      at Object.render (node_modules/react-dom/cjs/react-dom.development.js:26103:10)
      at Object.renderIntoDocument (node_modules/react-dom/cjs/react-dom-test-utils.development.js:1598:19)
      at render (test/utils/render.js:21:25)
      at Context.<anonymous> (test/ui/context.js:156:28)
      at processImmediate (node:internal/timers:485:21)

  13) UI state context single-level nested ui component tree duplicating UI variable names across parent/child contexts child updates context separately from parent:
     TypeError: this.props.ui.getIn is not a function
      at UI.UNSAFE_componentWillMount (src/ui.js:127:35)
      at callComponentWillMount (node_modules/react-dom/cjs/react-dom.development.js:12788:14)
      at mountClassInstance (node_modules/react-dom/cjs/react-dom.development.js:12878:5)
      at updateClassComponent (node_modules/react-dom/cjs/react-dom.development.js:17426:5)
      at beginWork (node_modules/react-dom/cjs/react-dom.development.js:19073:16)
      at HTMLUnknownElement.callCallback (node_modules/react-dom/cjs/react-dom.development.js:3945:14)
      at HTMLUnknownElement.callTheUserObjectsOperation (node_modules/jsdom/lib/jsdom/living/generated/EventListener.js:26:30)
      at innerInvokeEventListeners (node_modules/jsdom/lib/jsdom/living/events/EventTarget-impl.js:350:25)
      at invokeEventListeners (node_modules/jsdom/lib/jsdom/living/events/EventTarget-impl.js:286:3)
      at HTMLUnknownElementImpl._dispatch (node_modules/jsdom/lib/jsdom/living/events/EventTarget-impl.js:233:9)
      at HTMLUnknownElementImpl.dispatchEvent (node_modules/jsdom/lib/jsdom/living/events/EventTarget-impl.js:104:17)
      at HTMLUnknownElement.dispatchEvent (node_modules/jsdom/lib/jsdom/living/generated/EventTarget.js:241:34)
      at Object.invokeGuardedCallbackDev (node_modules/react-dom/cjs/react-dom.development.js:3994:16)
      at invokeGuardedCallback (node_modules/react-dom/cjs/react-dom.development.js:4056:31)
      at beginWork$1 (node_modules/react-dom/cjs/react-dom.development.js:23964:7)
      at performUnitOfWork (node_modules/react-dom/cjs/react-dom.development.js:22779:12)
      at workLoopSync (node_modules/react-dom/cjs/react-dom.development.js:22707:5)
      at renderRootSync (node_modules/react-dom/cjs/react-dom.development.js:22670:7)
      at performSyncWorkOnRoot (node_modules/react-dom/cjs/react-dom.development.js:22293:18)
      at scheduleUpdateOnFiber (node_modules/react-dom/cjs/react-dom.development.js:21881:7)
      at updateContainer (node_modules/react-dom/cjs/react-dom.development.js:25482:3)
      at node_modules/react-dom/cjs/react-dom.development.js:26021:7
      at unbatchedUpdates (node_modules/react-dom/cjs/react-dom.development.js:22431:12)
      at legacyRenderSubtreeIntoContainer (node_modules/react-dom/cjs/react-dom.development.js:26020:5)
      at Object.render (node_modules/react-dom/cjs/react-dom.development.js:26103:10)
      at Object.renderIntoDocument (node_modules/react-dom/cjs/react-dom-test-utils.development.js:1598:19)
      at render (test/utils/render.js:21:25)
      at Context.<anonymous> (test/ui/context.js:167:28)
      at processImmediate (node:internal/timers:485:21)

  14) UI state context shared contexts components with the same key and nesting share the same context:
     TypeError: this.props.ui.getIn is not a function
      at UI.UNSAFE_componentWillMount (src/ui.js:127:35)
      at callComponentWillMount (node_modules/react-dom/cjs/react-dom.development.js:12788:14)
      at mountClassInstance (node_modules/react-dom/cjs/react-dom.development.js:12878:5)
      at updateClassComponent (node_modules/react-dom/cjs/react-dom.development.js:17426:5)
      at beginWork (node_modules/react-dom/cjs/react-dom.development.js:19073:16)
      at HTMLUnknownElement.callCallback (node_modules/react-dom/cjs/react-dom.development.js:3945:14)
      at HTMLUnknownElement.callTheUserObjectsOperation (node_modules/jsdom/lib/jsdom/living/generated/EventListener.js:26:30)
      at innerInvokeEventListeners (node_modules/jsdom/lib/jsdom/living/events/EventTarget-impl.js:350:25)
      at invokeEventListeners (node_modules/jsdom/lib/jsdom/living/events/EventTarget-impl.js:286:3)
      at HTMLUnknownElementImpl._dispatch (node_modules/jsdom/lib/jsdom/living/events/EventTarget-impl.js:233:9)
      at HTMLUnknownElementImpl.dispatchEvent (node_modules/jsdom/lib/jsdom/living/events/EventTarget-impl.js:104:17)
      at HTMLUnknownElement.dispatchEvent (node_modules/jsdom/lib/jsdom/living/generated/EventTarget.js:241:34)
      at Object.invokeGuardedCallbackDev (node_modules/react-dom/cjs/react-dom.development.js:3994:16)
      at invokeGuardedCallback (node_modules/react-dom/cjs/react-dom.development.js:4056:31)
      at beginWork$1 (node_modules/react-dom/cjs/react-dom.development.js:23964:7)
      at performUnitOfWork (node_modules/react-dom/cjs/react-dom.development.js:22779:12)
      at workLoopSync (node_modules/react-dom/cjs/react-dom.development.js:22707:5)
      at renderRootSync (node_modules/react-dom/cjs/react-dom.development.js:22670:7)
      at performSyncWorkOnRoot (node_modules/react-dom/cjs/react-dom.development.js:22293:18)
      at scheduleUpdateOnFiber (node_modules/react-dom/cjs/react-dom.development.js:21881:7)
      at updateContainer (node_modules/react-dom/cjs/react-dom.development.js:25482:3)
      at node_modules/react-dom/cjs/react-dom.development.js:26021:7
      at unbatchedUpdates (node_modules/react-dom/cjs/react-dom.development.js:22431:12)
      at legacyRenderSubtreeIntoContainer (node_modules/react-dom/cjs/react-dom.development.js:26020:5)
      at Object.render (node_modules/react-dom/cjs/react-dom.development.js:26103:10)
      at Object.renderIntoDocument (node_modules/react-dom/cjs/react-dom-test-utils.development.js:1598:19)
      at render (test/utils/render.js:21:25)
      at Context.<anonymous> (test/ui/context.js:193:28)
      at processImmediate (node:internal/timers:485:21)

  15) Default UI state variables HOC is passed props and state to calculate defaults component gets given expected props:
     TypeError: this.props.ui.getIn is not a function
      at UI.UNSAFE_componentWillMount (src/ui.js:127:35)
      at callComponentWillMount (node_modules/react-dom/cjs/react-dom.development.js:12788:14)
      at mountClassInstance (node_modules/react-dom/cjs/react-dom.development.js:12878:5)
      at updateClassComponent (node_modules/react-dom/cjs/react-dom.development.js:17426:5)
      at beginWork (node_modules/react-dom/cjs/react-dom.development.js:19073:16)
      at HTMLUnknownElement.callCallback (node_modules/react-dom/cjs/react-dom.development.js:3945:14)
      at HTMLUnknownElement.callTheUserObjectsOperation (node_modules/jsdom/lib/jsdom/living/generated/EventListener.js:26:30)
      at innerInvokeEventListeners (node_modules/jsdom/lib/jsdom/living/events/EventTarget-impl.js:350:25)
      at invokeEventListeners (node_modules/jsdom/lib/jsdom/living/events/EventTarget-impl.js:286:3)
      at HTMLUnknownElementImpl._dispatch (node_modules/jsdom/lib/jsdom/living/events/EventTarget-impl.js:233:9)
      at HTMLUnknownElementImpl.dispatchEvent (node_modules/jsdom/lib/jsdom/living/events/EventTarget-impl.js:104:17)
      at HTMLUnknownElement.dispatchEvent (node_modules/jsdom/lib/jsdom/living/generated/EventTarget.js:241:34)
      at Object.invokeGuardedCallbackDev (node_modules/react-dom/cjs/react-dom.development.js:3994:16)
      at invokeGuardedCallback (node_modules/react-dom/cjs/react-dom.development.js:4056:31)
      at beginWork$1 (node_modules/react-dom/cjs/react-dom.development.js:23964:7)
      at performUnitOfWork (node_modules/react-dom/cjs/react-dom.development.js:22779:12)
      at workLoopSync (node_modules/react-dom/cjs/react-dom.development.js:22707:5)
      at renderRootSync (node_modules/react-dom/cjs/react-dom.development.js:22670:7)
      at performSyncWorkOnRoot (node_modules/react-dom/cjs/react-dom.development.js:22293:18)
      at scheduleUpdateOnFiber (node_modules/react-dom/cjs/react-dom.development.js:21881:7)
      at updateContainer (node_modules/react-dom/cjs/react-dom.development.js:25482:3)
      at node_modules/react-dom/cjs/react-dom.development.js:26021:7
      at unbatchedUpdates (node_modules/react-dom/cjs/react-dom.development.js:22431:12)
      at legacyRenderSubtreeIntoContainer (node_modules/react-dom/cjs/react-dom.development.js:26020:5)
      at Object.render (node_modules/react-dom/cjs/react-dom.development.js:26103:10)
      at Object.renderIntoDocument (node_modules/react-dom/cjs/react-dom-test-utils.development.js:1598:19)
      at render (test/utils/render.js:21:25)
      at renderAndFind (test/utils/render.js:31:16)
      at Context.<anonymous> (test/ui/defaults.js:32:30)
      at processImmediate (node:internal/timers:485:21)

  16) key generation opts.key === undefined assigns a random key to the component:
     TypeError: this.props.ui.getIn is not a function
      at UI.UNSAFE_componentWillMount (src/ui.js:127:35)
      at callComponentWillMount (node_modules/react-dom/cjs/react-dom.development.js:12788:14)
      at mountClassInstance (node_modules/react-dom/cjs/react-dom.development.js:12878:5)
      at updateClassComponent (node_modules/react-dom/cjs/react-dom.development.js:17426:5)
      at beginWork (node_modules/react-dom/cjs/react-dom.development.js:19073:16)
      at HTMLUnknownElement.callCallback (node_modules/react-dom/cjs/react-dom.development.js:3945:14)
      at HTMLUnknownElement.callTheUserObjectsOperation (node_modules/jsdom/lib/jsdom/living/generated/EventListener.js:26:30)
      at innerInvokeEventListeners (node_modules/jsdom/lib/jsdom/living/events/EventTarget-impl.js:350:25)
      at invokeEventListeners (node_modules/jsdom/lib/jsdom/living/events/EventTarget-impl.js:286:3)
      at HTMLUnknownElementImpl._dispatch (node_modules/jsdom/lib/jsdom/living/events/EventTarget-impl.js:233:9)
      at HTMLUnknownElementImpl.dispatchEvent (node_modules/jsdom/lib/jsdom/living/events/EventTarget-impl.js:104:17)
      at HTMLUnknownElement.dispatchEvent (node_modules/jsdom/lib/jsdom/living/generated/EventTarget.js:241:34)
      at Object.invokeGuardedCallbackDev (node_modules/react-dom/cjs/react-dom.development.js:3994:16)
      at invokeGuardedCallback (node_modules/react-dom/cjs/react-dom.development.js:4056:31)
      at beginWork$1 (node_modules/react-dom/cjs/react-dom.development.js:23964:7)
      at performUnitOfWork (node_modules/react-dom/cjs/react-dom.development.js:22779:12)
      at workLoopSync (node_modules/react-dom/cjs/react-dom.development.js:22707:5)
      at renderRootSync (node_modules/react-dom/cjs/react-dom.development.js:22670:7)
      at performSyncWorkOnRoot (node_modules/react-dom/cjs/react-dom.development.js:22293:18)
      at scheduleUpdateOnFiber (node_modules/react-dom/cjs/react-dom.development.js:21881:7)
      at updateContainer (node_modules/react-dom/cjs/react-dom.development.js:25482:3)
      at node_modules/react-dom/cjs/react-dom.development.js:26021:7
      at unbatchedUpdates (node_modules/react-dom/cjs/react-dom.development.js:22431:12)
      at legacyRenderSubtreeIntoContainer (node_modules/react-dom/cjs/react-dom.development.js:26020:5)
      at Object.render (node_modules/react-dom/cjs/react-dom.development.js:26103:10)
      at Object.renderIntoDocument (node_modules/react-dom/cjs/react-dom-test-utils.development.js:1598:19)
      at render (test/utils/render.js:21:25)
      at Context.<anonymous> (test/ui/key.js:22:26)
      at processImmediate (node:internal/timers:485:21)

  17) key generation opts.key !== undefined uses the specified key:
     TypeError: this.props.ui.getIn is not a function
      at UI.UNSAFE_componentWillMount (src/ui.js:127:35)
      at callComponentWillMount (node_modules/react-dom/cjs/react-dom.development.js:12788:14)
      at mountClassInstance (node_modules/react-dom/cjs/react-dom.development.js:12878:5)
      at updateClassComponent (node_modules/react-dom/cjs/react-dom.development.js:17426:5)
      at beginWork (node_modules/react-dom/cjs/react-dom.development.js:19073:16)
      at HTMLUnknownElement.callCallback (node_modules/react-dom/cjs/react-dom.development.js:3945:14)
      at HTMLUnknownElement.callTheUserObjectsOperation (node_modules/jsdom/lib/jsdom/living/generated/EventListener.js:26:30)
      at innerInvokeEventListeners (node_modules/jsdom/lib/jsdom/living/events/EventTarget-impl.js:350:25)
      at invokeEventListeners (node_modules/jsdom/lib/jsdom/living/events/EventTarget-impl.js:286:3)
      at HTMLUnknownElementImpl._dispatch (node_modules/jsdom/lib/jsdom/living/events/EventTarget-impl.js:233:9)
      at HTMLUnknownElementImpl.dispatchEvent (node_modules/jsdom/lib/jsdom/living/events/EventTarget-impl.js:104:17)
      at HTMLUnknownElement.dispatchEvent (node_modules/jsdom/lib/jsdom/living/generated/EventTarget.js:241:34)
      at Object.invokeGuardedCallbackDev (node_modules/react-dom/cjs/react-dom.development.js:3994:16)
      at invokeGuardedCallback (node_modules/react-dom/cjs/react-dom.development.js:4056:31)
      at beginWork$1 (node_modules/react-dom/cjs/react-dom.development.js:23964:7)
      at performUnitOfWork (node_modules/react-dom/cjs/react-dom.development.js:22779:12)
      at workLoopSync (node_modules/react-dom/cjs/react-dom.development.js:22707:5)
      at renderRootSync (node_modules/react-dom/cjs/react-dom.development.js:22670:7)
      at performSyncWorkOnRoot (node_modules/react-dom/cjs/react-dom.development.js:22293:18)
      at scheduleUpdateOnFiber (node_modules/react-dom/cjs/react-dom.development.js:21881:7)
      at updateContainer (node_modules/react-dom/cjs/react-dom.development.js:25482:3)
      at node_modules/react-dom/cjs/react-dom.development.js:26021:7
      at unbatchedUpdates (node_modules/react-dom/cjs/react-dom.development.js:22431:12)
      at legacyRenderSubtreeIntoContainer (node_modules/react-dom/cjs/react-dom.development.js:26020:5)
      at Object.render (node_modules/react-dom/cjs/react-dom.development.js:26103:10)
      at Object.renderIntoDocument (node_modules/react-dom/cjs/react-dom-test-utils.development.js:1598:19)
      at render (test/utils/render.js:21:25)
      at Context.<anonymous> (test/ui/key.js:47:26)
      at processImmediate (node:internal/timers:485:21)

  18) key generation props.uiPath exposes uiPath:
     TypeError: this.props.ui.getIn is not a function
      at UI.UNSAFE_componentWillMount (src/ui.js:127:35)
      at callComponentWillMount (node_modules/react-dom/cjs/react-dom.development.js:12788:14)
      at mountClassInstance (node_modules/react-dom/cjs/react-dom.development.js:12878:5)
      at updateClassComponent (node_modules/react-dom/cjs/react-dom.development.js:17426:5)
      at beginWork (node_modules/react-dom/cjs/react-dom.development.js:19073:16)
      at HTMLUnknownElement.callCallback (node_modules/react-dom/cjs/react-dom.development.js:3945:14)
      at HTMLUnknownElement.callTheUserObjectsOperation (node_modules/jsdom/lib/jsdom/living/generated/EventListener.js:26:30)
      at innerInvokeEventListeners (node_modules/jsdom/lib/jsdom/living/events/EventTarget-impl.js:350:25)
      at invokeEventListeners (node_modules/jsdom/lib/jsdom/living/events/EventTarget-impl.js:286:3)
      at HTMLUnknownElementImpl._dispatch (node_modules/jsdom/lib/jsdom/living/events/EventTarget-impl.js:233:9)
      at HTMLUnknownElementImpl.dispatchEvent (node_modules/jsdom/lib/jsdom/living/events/EventTarget-impl.js:104:17)
      at HTMLUnknownElement.dispatchEvent (node_modules/jsdom/lib/jsdom/living/generated/EventTarget.js:241:34)
      at Object.invokeGuardedCallbackDev (node_modules/react-dom/cjs/react-dom.development.js:3994:16)
      at invokeGuardedCallback (node_modules/react-dom/cjs/react-dom.development.js:4056:31)
      at beginWork$1 (node_modules/react-dom/cjs/react-dom.development.js:23964:7)
      at performUnitOfWork (node_modules/react-dom/cjs/react-dom.development.js:22779:12)
      at workLoopSync (node_modules/react-dom/cjs/react-dom.development.js:22707:5)
      at renderRootSync (node_modules/react-dom/cjs/react-dom.development.js:22670:7)
      at performSyncWorkOnRoot (node_modules/react-dom/cjs/react-dom.development.js:22293:18)
      at scheduleUpdateOnFiber (node_modules/react-dom/cjs/react-dom.development.js:21881:7)
      at updateContainer (node_modules/react-dom/cjs/react-dom.development.js:25482:3)
      at node_modules/react-dom/cjs/react-dom.development.js:26021:7
      at unbatchedUpdates (node_modules/react-dom/cjs/react-dom.development.js:22431:12)
      at legacyRenderSubtreeIntoContainer (node_modules/react-dom/cjs/react-dom.development.js:26020:5)
      at Object.render (node_modules/react-dom/cjs/react-dom.development.js:26103:10)
      at Object.renderIntoDocument (node_modules/react-dom/cjs/react-dom-test-utils.development.js:1598:19)
      at render (test/utils/render.js:21:25)
      at renderAndFind (test/utils/render.js:31:16)
      at Context.<anonymous> (test/ui/key.js:58:30)
      at processImmediate (node:internal/timers:485:21)

  19) @connect options allows you to pass mergeProps into connect:
     TypeError: this.props.ui.getIn is not a function
      at UI.UNSAFE_componentWillMount (src/ui.js:127:35)
      at callComponentWillMount (node_modules/react-dom/cjs/react-dom.development.js:12788:14)
      at mountClassInstance (node_modules/react-dom/cjs/react-dom.development.js:12878:5)
      at updateClassComponent (node_modules/react-dom/cjs/react-dom.development.js:17426:5)
      at beginWork (node_modules/react-dom/cjs/react-dom.development.js:19073:16)
      at HTMLUnknownElement.callCallback (node_modules/react-dom/cjs/react-dom.development.js:3945:14)
      at HTMLUnknownElement.callTheUserObjectsOperation (node_modules/jsdom/lib/jsdom/living/generated/EventListener.js:26:30)
      at innerInvokeEventListeners (node_modules/jsdom/lib/jsdom/living/events/EventTarget-impl.js:350:25)
      at invokeEventListeners (node_modules/jsdom/lib/jsdom/living/events/EventTarget-impl.js:286:3)
      at HTMLUnknownElementImpl._dispatch (node_modules/jsdom/lib/jsdom/living/events/EventTarget-impl.js:233:9)
      at HTMLUnknownElementImpl.dispatchEvent (node_modules/jsdom/lib/jsdom/living/events/EventTarget-impl.js:104:17)
      at HTMLUnknownElement.dispatchEvent (node_modules/jsdom/lib/jsdom/living/generated/EventTarget.js:241:34)
      at Object.invokeGuardedCallbackDev (node_modules/react-dom/cjs/react-dom.development.js:3994:16)
      at invokeGuardedCallback (node_modules/react-dom/cjs/react-dom.development.js:4056:31)
      at beginWork$1 (node_modules/react-dom/cjs/react-dom.development.js:23964:7)
      at performUnitOfWork (node_modules/react-dom/cjs/react-dom.development.js:22779:12)
      at workLoopSync (node_modules/react-dom/cjs/react-dom.development.js:22707:5)
      at renderRootSync (node_modules/react-dom/cjs/react-dom.development.js:22670:7)
      at performSyncWorkOnRoot (node_modules/react-dom/cjs/react-dom.development.js:22293:18)
      at scheduleUpdateOnFiber (node_modules/react-dom/cjs/react-dom.development.js:21881:7)
      at updateContainer (node_modules/react-dom/cjs/react-dom.development.js:25482:3)
      at node_modules/react-dom/cjs/react-dom.development.js:26021:7
      at unbatchedUpdates (node_modules/react-dom/cjs/react-dom.development.js:22431:12)
      at legacyRenderSubtreeIntoContainer (node_modules/react-dom/cjs/react-dom.development.js:26020:5)
      at Object.render (node_modules/react-dom/cjs/react-dom.development.js:26103:10)
      at Object.renderIntoDocument (node_modules/react-dom/cjs/react-dom-test-utils.development.js:1598:19)
      at render (test/utils/render.js:21:25)
      at renderAndFind (test/utils/render.js:31:16)
      at Context.<anonymous> (test/ui/opts.js:29:28)
      at processImmediate (node:internal/timers:485:21)

  20) @connect options allows you to pass options into connect:
     Error: withRef is removed. To access the wrapped instance, use a ref on the connected component
      at connectAdvanced (node_modules/react-redux/lib/components/connectAdvanced.js:193:13)
      at connect (node_modules/react-redux/lib/connect/connect.js:93:12)
      at ui (src/ui.js:20:30)
      at Context.<anonymous> (test/ui/opts.js:35:23)
      at processImmediate (node:internal/timers:485:21)

  21) with a custom reducer adds a custom reducer on mount and removes at unmount:
     TypeError: this.props.ui.getIn is not a function
      at UI.UNSAFE_componentWillMount (src/ui.js:127:35)
      at callComponentWillMount (node_modules/react-dom/cjs/react-dom.development.js:12788:14)
      at mountClassInstance (node_modules/react-dom/cjs/react-dom.development.js:12878:5)
      at updateClassComponent (node_modules/react-dom/cjs/react-dom.development.js:17426:5)
      at beginWork (node_modules/react-dom/cjs/react-dom.development.js:19073:16)
      at HTMLUnknownElement.callCallback (node_modules/react-dom/cjs/react-dom.development.js:3945:14)
      at HTMLUnknownElement.callTheUserObjectsOperation (node_modules/jsdom/lib/jsdom/living/generated/EventListener.js:26:30)
      at innerInvokeEventListeners (node_modules/jsdom/lib/jsdom/living/events/EventTarget-impl.js:350:25)
      at invokeEventListeners (node_modules/jsdom/lib/jsdom/living/events/EventTarget-impl.js:286:3)
      at HTMLUnknownElementImpl._dispatch (node_modules/jsdom/lib/jsdom/living/events/EventTarget-impl.js:233:9)
      at HTMLUnknownElementImpl.dispatchEvent (node_modules/jsdom/lib/jsdom/living/events/EventTarget-impl.js:104:17)
      at HTMLUnknownElement.dispatchEvent (node_modules/jsdom/lib/jsdom/living/generated/EventTarget.js:241:34)
      at Object.invokeGuardedCallbackDev (node_modules/react-dom/cjs/react-dom.development.js:3994:16)
      at invokeGuardedCallback (node_modules/react-dom/cjs/react-dom.development.js:4056:31)
      at beginWork$1 (node_modules/react-dom/cjs/react-dom.development.js:23964:7)
      at performUnitOfWork (node_modules/react-dom/cjs/react-dom.development.js:22779:12)
      at workLoopSync (node_modules/react-dom/cjs/react-dom.development.js:22707:5)
      at renderRootSync (node_modules/react-dom/cjs/react-dom.development.js:22670:7)
      at performSyncWorkOnRoot (node_modules/react-dom/cjs/react-dom.development.js:22293:18)
      at scheduleUpdateOnFiber (node_modules/react-dom/cjs/react-dom.development.js:21881:7)
      at updateContainer (node_modules/react-dom/cjs/react-dom.development.js:25482:3)
      at node_modules/react-dom/cjs/react-dom.development.js:26021:7
      at unbatchedUpdates (node_modules/react-dom/cjs/react-dom.development.js:22431:12)
      at legacyRenderSubtreeIntoContainer (node_modules/react-dom/cjs/react-dom.development.js:26020:5)
      at Object.render (node_modules/react-dom/cjs/react-dom.development.js:26103:10)
      at Object.renderIntoDocument (node_modules/react-dom/cjs/react-dom-test-utils.development.js:1598:19)
      at render (test/utils/render.js:21:25)
      at renderAndFind (test/utils/render.js:31:16)
      at Context.<anonymous> (test/ui/reducer.js:37:28)
      at processImmediate (node:internal/timers:485:21)

  22) with a custom reducer updates props as expected:
     TypeError: this.props.ui.getIn is not a function
      at UI.UNSAFE_componentWillMount (src/ui.js:127:35)
      at callComponentWillMount (node_modules/react-dom/cjs/react-dom.development.js:12788:14)
      at mountClassInstance (node_modules/react-dom/cjs/react-dom.development.js:12878:5)
      at updateClassComponent (node_modules/react-dom/cjs/react-dom.development.js:17426:5)
      at beginWork (node_modules/react-dom/cjs/react-dom.development.js:19073:16)
      at HTMLUnknownElement.callCallback (node_modules/react-dom/cjs/react-dom.development.js:3945:14)
      at HTMLUnknownElement.callTheUserObjectsOperation (node_modules/jsdom/lib/jsdom/living/generated/EventListener.js:26:30)
      at innerInvokeEventListeners (node_modules/jsdom/lib/jsdom/living/events/EventTarget-impl.js:350:25)
      at invokeEventListeners (node_modules/jsdom/lib/jsdom/living/events/EventTarget-impl.js:286:3)
      at HTMLUnknownElementImpl._dispatch (node_modules/jsdom/lib/jsdom/living/events/EventTarget-impl.js:233:9)
      at HTMLUnknownElementImpl.dispatchEvent (node_modules/jsdom/lib/jsdom/living/events/EventTarget-impl.js:104:17)
      at HTMLUnknownElement.dispatchEvent (node_modules/jsdom/lib/jsdom/living/generated/EventTarget.js:241:34)
      at Object.invokeGuardedCallbackDev (node_modules/react-dom/cjs/react-dom.development.js:3994:16)
      at invokeGuardedCallback (node_modules/react-dom/cjs/react-dom.development.js:4056:31)
      at beginWork$1 (node_modules/react-dom/cjs/react-dom.development.js:23964:7)
      at performUnitOfWork (node_modules/react-dom/cjs/react-dom.development.js:22779:12)
      at workLoopSync (node_modules/react-dom/cjs/react-dom.development.js:22707:5)
      at renderRootSync (node_modules/react-dom/cjs/react-dom.development.js:22670:7)
      at performSyncWorkOnRoot (node_modules/react-dom/cjs/react-dom.development.js:22293:18)
      at scheduleUpdateOnFiber (node_modules/react-dom/cjs/react-dom.development.js:21881:7)
      at updateContainer (node_modules/react-dom/cjs/react-dom.development.js:25482:3)
      at node_modules/react-dom/cjs/react-dom.development.js:26021:7
      at unbatchedUpdates (node_modules/react-dom/cjs/react-dom.development.js:22431:12)
      at legacyRenderSubtreeIntoContainer (node_modules/react-dom/cjs/react-dom.development.js:26020:5)
      at Object.render (node_modules/react-dom/cjs/react-dom.development.js:26103:10)
      at Object.renderIntoDocument (node_modules/react-dom/cjs/react-dom-test-utils.development.js:1598:19)
      at render (test/utils/render.js:21:25)
      at renderAndFind (test/utils/render.js:31:16)
      at Context.<anonymous> (test/ui/reducer.js:50:28)
      at processImmediate (node:internal/timers:485:21)

  23) with a custom reducer responds to actions using a custom reducer:
     TypeError: this.props.ui.getIn is not a function
      at UI.UNSAFE_componentWillMount (src/ui.js:127:35)
      at callComponentWillMount (node_modules/react-dom/cjs/react-dom.development.js:12788:14)
      at mountClassInstance (node_modules/react-dom/cjs/react-dom.development.js:12878:5)
      at updateClassComponent (node_modules/react-dom/cjs/react-dom.development.js:17426:5)
      at beginWork (node_modules/react-dom/cjs/react-dom.development.js:19073:16)
      at HTMLUnknownElement.callCallback (node_modules/react-dom/cjs/react-dom.development.js:3945:14)
      at HTMLUnknownElement.callTheUserObjectsOperation (node_modules/jsdom/lib/jsdom/living/generated/EventListener.js:26:30)
      at innerInvokeEventListeners (node_modules/jsdom/lib/jsdom/living/events/EventTarget-impl.js:350:25)
      at invokeEventListeners (node_modules/jsdom/lib/jsdom/living/events/EventTarget-impl.js:286:3)
      at HTMLUnknownElementImpl._dispatch (node_modules/jsdom/lib/jsdom/living/events/EventTarget-impl.js:233:9)
      at HTMLUnknownElementImpl.dispatchEvent (node_modules/jsdom/lib/jsdom/living/events/EventTarget-impl.js:104:17)
      at HTMLUnknownElement.dispatchEvent (node_modules/jsdom/lib/jsdom/living/generated/EventTarget.js:241:34)
      at Object.invokeGuardedCallbackDev (node_modules/react-dom/cjs/react-dom.development.js:3994:16)
      at invokeGuardedCallback (node_modules/react-dom/cjs/react-dom.development.js:4056:31)
      at beginWork$1 (node_modules/react-dom/cjs/react-dom.development.js:23964:7)
      at performUnitOfWork (node_modules/react-dom/cjs/react-dom.development.js:22779:12)
      at workLoopSync (node_modules/react-dom/cjs/react-dom.development.js:22707:5)
      at renderRootSync (node_modules/react-dom/cjs/react-dom.development.js:22670:7)
      at performSyncWorkOnRoot (node_modules/react-dom/cjs/react-dom.development.js:22293:18)
      at scheduleUpdateOnFiber (node_modules/react-dom/cjs/react-dom.development.js:21881:7)
      at updateContainer (node_modules/react-dom/cjs/react-dom.development.js:25482:3)
      at node_modules/react-dom/cjs/react-dom.development.js:26021:7
      at unbatchedUpdates (node_modules/react-dom/cjs/react-dom.development.js:22431:12)
      at legacyRenderSubtreeIntoContainer (node_modules/react-dom/cjs/react-dom.development.js:26020:5)
      at Object.render (node_modules/react-dom/cjs/react-dom.development.js:26103:10)
      at Object.renderIntoDocument (node_modules/react-dom/cjs/react-dom-test-utils.development.js:1598:19)
      at render (test/utils/render.js:21:25)
      at renderAndFind (test/utils/render.js:31:16)
      at Context.<anonymous> (test/ui/reducer.js:59:28)
      at processImmediate (node:internal/timers:485:21)

  24) with a custom reducer with children only gets given the UI state for the current component:
     TypeError: this.props.ui.getIn is not a function
      at UI.UNSAFE_componentWillMount (src/ui.js:127:35)
      at callComponentWillMount (node_modules/react-dom/cjs/react-dom.development.js:12788:14)
      at mountClassInstance (node_modules/react-dom/cjs/react-dom.development.js:12878:5)
      at updateClassComponent (node_modules/react-dom/cjs/react-dom.development.js:17426:5)
      at beginWork (node_modules/react-dom/cjs/react-dom.development.js:19073:16)
      at HTMLUnknownElement.callCallback (node_modules/react-dom/cjs/react-dom.development.js:3945:14)
      at HTMLUnknownElement.callTheUserObjectsOperation (node_modules/jsdom/lib/jsdom/living/generated/EventListener.js:26:30)
      at innerInvokeEventListeners (node_modules/jsdom/lib/jsdom/living/events/EventTarget-impl.js:350:25)
      at invokeEventListeners (node_modules/jsdom/lib/jsdom/living/events/EventTarget-impl.js:286:3)
      at HTMLUnknownElementImpl._dispatch (node_modules/jsdom/lib/jsdom/living/events/EventTarget-impl.js:233:9)
      at HTMLUnknownElementImpl.dispatchEvent (node_modules/jsdom/lib/jsdom/living/events/EventTarget-impl.js:104:17)
      at HTMLUnknownElement.dispatchEvent (node_modules/jsdom/lib/jsdom/living/generated/EventTarget.js:241:34)
      at Object.invokeGuardedCallbackDev (node_modules/react-dom/cjs/react-dom.development.js:3994:16)
      at invokeGuardedCallback (node_modules/react-dom/cjs/react-dom.development.js:4056:31)
      at beginWork$1 (node_modules/react-dom/cjs/react-dom.development.js:23964:7)
      at performUnitOfWork (node_modules/react-dom/cjs/react-dom.development.js:22779:12)
      at workLoopSync (node_modules/react-dom/cjs/react-dom.development.js:22707:5)
      at renderRootSync (node_modules/react-dom/cjs/react-dom.development.js:22670:7)
      at performSyncWorkOnRoot (node_modules/react-dom/cjs/react-dom.development.js:22293:18)
      at scheduleUpdateOnFiber (node_modules/react-dom/cjs/react-dom.development.js:21881:7)
      at updateContainer (node_modules/react-dom/cjs/react-dom.development.js:25482:3)
      at node_modules/react-dom/cjs/react-dom.development.js:26021:7
      at unbatchedUpdates (node_modules/react-dom/cjs/react-dom.development.js:22431:12)
      at legacyRenderSubtreeIntoContainer (node_modules/react-dom/cjs/react-dom.development.js:26020:5)
      at Object.render (node_modules/react-dom/cjs/react-dom.development.js:26103:10)
      at Object.renderIntoDocument (node_modules/react-dom/cjs/react-dom-test-utils.development.js:1598:19)
      at render (test/utils/render.js:21:25)
      at Context.<anonymous> (test/ui/reducer.js:92:26)
      at processImmediate (node:internal/timers:485:21)

  25) resetting UI state resetting a UI component with no children resets its own UI state:
     TypeError: this.props.ui.getIn is not a function
      at UI.UNSAFE_componentWillMount (src/ui.js:127:35)
      at callComponentWillMount (node_modules/react-dom/cjs/react-dom.development.js:12788:14)
      at mountClassInstance (node_modules/react-dom/cjs/react-dom.development.js:12878:5)
      at updateClassComponent (node_modules/react-dom/cjs/react-dom.development.js:17426:5)
      at beginWork (node_modules/react-dom/cjs/react-dom.development.js:19073:16)
      at HTMLUnknownElement.callCallback (node_modules/react-dom/cjs/react-dom.development.js:3945:14)
      at HTMLUnknownElement.callTheUserObjectsOperation (node_modules/jsdom/lib/jsdom/living/generated/EventListener.js:26:30)
      at innerInvokeEventListeners (node_modules/jsdom/lib/jsdom/living/events/EventTarget-impl.js:350:25)
      at invokeEventListeners (node_modules/jsdom/lib/jsdom/living/events/EventTarget-impl.js:286:3)
      at HTMLUnknownElementImpl._dispatch (node_modules/jsdom/lib/jsdom/living/events/EventTarget-impl.js:233:9)
      at HTMLUnknownElementImpl.dispatchEvent (node_modules/jsdom/lib/jsdom/living/events/EventTarget-impl.js:104:17)
      at HTMLUnknownElement.dispatchEvent (node_modules/jsdom/lib/jsdom/living/generated/EventTarget.js:241:34)
      at Object.invokeGuardedCallbackDev (node_modules/react-dom/cjs/react-dom.development.js:3994:16)
      at invokeGuardedCallback (node_modules/react-dom/cjs/react-dom.development.js:4056:31)
      at beginWork$1 (node_modules/react-dom/cjs/react-dom.development.js:23964:7)
      at performUnitOfWork (node_modules/react-dom/cjs/react-dom.development.js:22779:12)
      at workLoopSync (node_modules/react-dom/cjs/react-dom.development.js:22707:5)
      at renderRootSync (node_modules/react-dom/cjs/react-dom.development.js:22670:7)
      at performSyncWorkOnRoot (node_modules/react-dom/cjs/react-dom.development.js:22293:18)
      at scheduleUpdateOnFiber (node_modules/react-dom/cjs/react-dom.development.js:21881:7)
      at updateContainer (node_modules/react-dom/cjs/react-dom.development.js:25482:3)
      at node_modules/react-dom/cjs/react-dom.development.js:26021:7
      at unbatchedUpdates (node_modules/react-dom/cjs/react-dom.development.js:22431:12)
      at legacyRenderSubtreeIntoContainer (node_modules/react-dom/cjs/react-dom.development.js:26020:5)
      at Object.render (node_modules/react-dom/cjs/react-dom.development.js:26103:10)
      at Object.renderIntoDocument (node_modules/react-dom/cjs/react-dom-test-utils.development.js:1598:19)
      at render (test/utils/render.js:21:25)
      at renderAndFind (test/utils/render.js:31:16)
      at Context.<anonymous> (test/ui/reset.js:24:32)
      at processImmediate (node:internal/timers:485:21)

  26) resetting UI state resetting a parent UI resets its own AND child contexts:
     TypeError: this.props.ui.getIn is not a function
      at UI.UNSAFE_componentWillMount (src/ui.js:127:35)
      at callComponentWillMount (node_modules/react-dom/cjs/react-dom.development.js:12788:14)
      at mountClassInstance (node_modules/react-dom/cjs/react-dom.development.js:12878:5)
      at updateClassComponent (node_modules/react-dom/cjs/react-dom.development.js:17426:5)
      at beginWork (node_modules/react-dom/cjs/react-dom.development.js:19073:16)
      at HTMLUnknownElement.callCallback (node_modules/react-dom/cjs/react-dom.development.js:3945:14)
      at HTMLUnknownElement.callTheUserObjectsOperation (node_modules/jsdom/lib/jsdom/living/generated/EventListener.js:26:30)
      at innerInvokeEventListeners (node_modules/jsdom/lib/jsdom/living/events/EventTarget-impl.js:350:25)
      at invokeEventListeners (node_modules/jsdom/lib/jsdom/living/events/EventTarget-impl.js:286:3)
      at HTMLUnknownElementImpl._dispatch (node_modules/jsdom/lib/jsdom/living/events/EventTarget-impl.js:233:9)
      at HTMLUnknownElementImpl.dispatchEvent (node_modules/jsdom/lib/jsdom/living/events/EventTarget-impl.js:104:17)
      at HTMLUnknownElement.dispatchEvent (node_modules/jsdom/lib/jsdom/living/generated/EventTarget.js:241:34)
      at Object.invokeGuardedCallbackDev (node_modules/react-dom/cjs/react-dom.development.js:3994:16)
      at invokeGuardedCallback (node_modules/react-dom/cjs/react-dom.development.js:4056:31)
      at beginWork$1 (node_modules/react-dom/cjs/react-dom.development.js:23964:7)
      at performUnitOfWork (node_modules/react-dom/cjs/react-dom.development.js:22779:12)
      at workLoopSync (node_modules/react-dom/cjs/react-dom.development.js:22707:5)
      at renderRootSync (node_modules/react-dom/cjs/react-dom.development.js:22670:7)
      at performSyncWorkOnRoot (node_modules/react-dom/cjs/react-dom.development.js:22293:18)
      at scheduleUpdateOnFiber (node_modules/react-dom/cjs/react-dom.development.js:21881:7)
      at updateContainer (node_modules/react-dom/cjs/react-dom.development.js:25482:3)
      at node_modules/react-dom/cjs/react-dom.development.js:26021:7
      at unbatchedUpdates (node_modules/react-dom/cjs/react-dom.development.js:22431:12)
      at legacyRenderSubtreeIntoContainer (node_modules/react-dom/cjs/react-dom.development.js:26020:5)
      at Object.render (node_modules/react-dom/cjs/react-dom.development.js:26103:10)
      at Object.renderIntoDocument (node_modules/react-dom/cjs/react-dom-test-utils.development.js:1598:19)
      at render (test/utils/render.js:21:25)
      at Context.<anonymous> (test/ui/reset.js:33:26)
      at processImmediate (node:internal/timers:485:21)

  27) resetting UI state resetting a child UI resets only its own context:
     TypeError: this.props.ui.getIn is not a function
      at UI.UNSAFE_componentWillMount (src/ui.js:127:35)
      at callComponentWillMount (node_modules/react-dom/cjs/react-dom.development.js:12788:14)
      at mountClassInstance (node_modules/react-dom/cjs/react-dom.development.js:12878:5)
      at updateClassComponent (node_modules/react-dom/cjs/react-dom.development.js:17426:5)
      at beginWork (node_modules/react-dom/cjs/react-dom.development.js:19073:16)
      at HTMLUnknownElement.callCallback (node_modules/react-dom/cjs/react-dom.development.js:3945:14)
      at HTMLUnknownElement.callTheUserObjectsOperation (node_modules/jsdom/lib/jsdom/living/generated/EventListener.js:26:30)
      at innerInvokeEventListeners (node_modules/jsdom/lib/jsdom/living/events/EventTarget-impl.js:350:25)
      at invokeEventListeners (node_modules/jsdom/lib/jsdom/living/events/EventTarget-impl.js:286:3)
      at HTMLUnknownElementImpl._dispatch (node_modules/jsdom/lib/jsdom/living/events/EventTarget-impl.js:233:9)
      at HTMLUnknownElementImpl.dispatchEvent (node_modules/jsdom/lib/jsdom/living/events/EventTarget-impl.js:104:17)
      at HTMLUnknownElement.dispatchEvent (node_modules/jsdom/lib/jsdom/living/generated/EventTarget.js:241:34)
      at Object.invokeGuardedCallbackDev (node_modules/react-dom/cjs/react-dom.development.js:3994:16)
      at invokeGuardedCallback (node_modules/react-dom/cjs/react-dom.development.js:4056:31)
      at beginWork$1 (node_modules/react-dom/cjs/react-dom.development.js:23964:7)
      at performUnitOfWork (node_modules/react-dom/cjs/react-dom.development.js:22779:12)
      at workLoopSync (node_modules/react-dom/cjs/react-dom.development.js:22707:5)
      at renderRootSync (node_modules/react-dom/cjs/react-dom.development.js:22670:7)
      at performSyncWorkOnRoot (node_modules/react-dom/cjs/react-dom.development.js:22293:18)
      at scheduleUpdateOnFiber (node_modules/react-dom/cjs/react-dom.development.js:21881:7)
      at updateContainer (node_modules/react-dom/cjs/react-dom.development.js:25482:3)
      at node_modules/react-dom/cjs/react-dom.development.js:26021:7
      at unbatchedUpdates (node_modules/react-dom/cjs/react-dom.development.js:22431:12)
      at legacyRenderSubtreeIntoContainer (node_modules/react-dom/cjs/react-dom.development.js:26020:5)
      at Object.render (node_modules/react-dom/cjs/react-dom.development.js:26103:10)
      at Object.renderIntoDocument (node_modules/react-dom/cjs/react-dom-test-utils.development.js:1598:19)
      at render (test/utils/render.js:21:25)
      at Context.<anonymous> (test/ui/reset.js:48:26)
      at processImmediate (node:internal/timers:485:21)

  28) resetting UI state evaluates functions within default state correctly:
     TypeError: this.props.ui.getIn is not a function
      at UI.UNSAFE_componentWillMount (src/ui.js:127:35)
      at callComponentWillMount (node_modules/react-dom/cjs/react-dom.development.js:12788:14)
      at mountClassInstance (node_modules/react-dom/cjs/react-dom.development.js:12878:5)
      at updateClassComponent (node_modules/react-dom/cjs/react-dom.development.js:17426:5)
      at beginWork (node_modules/react-dom/cjs/react-dom.development.js:19073:16)
      at HTMLUnknownElement.callCallback (node_modules/react-dom/cjs/react-dom.development.js:3945:14)
      at HTMLUnknownElement.callTheUserObjectsOperation (node_modules/jsdom/lib/jsdom/living/generated/EventListener.js:26:30)
      at innerInvokeEventListeners (node_modules/jsdom/lib/jsdom/living/events/EventTarget-impl.js:350:25)
      at invokeEventListeners (node_modules/jsdom/lib/jsdom/living/events/EventTarget-impl.js:286:3)
      at HTMLUnknownElementImpl._dispatch (node_modules/jsdom/lib/jsdom/living/events/EventTarget-impl.js:233:9)
      at HTMLUnknownElementImpl.dispatchEvent (node_modules/jsdom/lib/jsdom/living/events/EventTarget-impl.js:104:17)
      at HTMLUnknownElement.dispatchEvent (node_modules/jsdom/lib/jsdom/living/generated/EventTarget.js:241:34)
      at Object.invokeGuardedCallbackDev (node_modules/react-dom/cjs/react-dom.development.js:3994:16)
      at invokeGuardedCallback (node_modules/react-dom/cjs/react-dom.development.js:4056:31)
      at beginWork$1 (node_modules/react-dom/cjs/react-dom.development.js:23964:7)
      at performUnitOfWork (node_modules/react-dom/cjs/react-dom.development.js:22779:12)
      at workLoopSync (node_modules/react-dom/cjs/react-dom.development.js:22707:5)
      at renderRootSync (node_modules/react-dom/cjs/react-dom.development.js:22670:7)
      at performSyncWorkOnRoot (node_modules/react-dom/cjs/react-dom.development.js:22293:18)
      at scheduleUpdateOnFiber (node_modules/react-dom/cjs/react-dom.development.js:21881:7)
      at updateContainer (node_modules/react-dom/cjs/react-dom.development.js:25482:3)
      at node_modules/react-dom/cjs/react-dom.development.js:26021:7
      at unbatchedUpdates (node_modules/react-dom/cjs/react-dom.development.js:22431:12)
      at legacyRenderSubtreeIntoContainer (node_modules/react-dom/cjs/react-dom.development.js:26020:5)
      at Object.render (node_modules/react-dom/cjs/react-dom.development.js:26103:10)
      at Object.renderIntoDocument (node_modules/react-dom/cjs/react-dom-test-utils.development.js:1598:19)
      at render (test/utils/render.js:21:25)
      at renderAndFind (test/utils/render.js:31:16)
      at Context.<anonymous> (test/ui/reset.js:69:32)
      at processImmediate (node:internal/timers:485:21)

  29) resetting UI state calling resetUI from a parent component with a child that has evaluated state works:
     TypeError: this.props.ui.getIn is not a function
      at UI.UNSAFE_componentWillMount (src/ui.js:127:35)
      at callComponentWillMount (node_modules/react-dom/cjs/react-dom.development.js:12788:14)
      at mountClassInstance (node_modules/react-dom/cjs/react-dom.development.js:12878:5)
      at updateClassComponent (node_modules/react-dom/cjs/react-dom.development.js:17426:5)
      at beginWork (node_modules/react-dom/cjs/react-dom.development.js:19073:16)
      at HTMLUnknownElement.callCallback (node_modules/react-dom/cjs/react-dom.development.js:3945:14)
      at HTMLUnknownElement.callTheUserObjectsOperation (node_modules/jsdom/lib/jsdom/living/generated/EventListener.js:26:30)
      at innerInvokeEventListeners (node_modules/jsdom/lib/jsdom/living/events/EventTarget-impl.js:350:25)
      at invokeEventListeners (node_modules/jsdom/lib/jsdom/living/events/EventTarget-impl.js:286:3)
      at HTMLUnknownElementImpl._dispatch (node_modules/jsdom/lib/jsdom/living/events/EventTarget-impl.js:233:9)
      at HTMLUnknownElementImpl.dispatchEvent (node_modules/jsdom/lib/jsdom/living/events/EventTarget-impl.js:104:17)
      at HTMLUnknownElement.dispatchEvent (node_modules/jsdom/lib/jsdom/living/generated/EventTarget.js:241:34)
      at Object.invokeGuardedCallbackDev (node_modules/react-dom/cjs/react-dom.development.js:3994:16)
      at invokeGuardedCallback (node_modules/react-dom/cjs/react-dom.development.js:4056:31)
      at beginWork$1 (node_modules/react-dom/cjs/react-dom.development.js:23964:7)
      at performUnitOfWork (node_modules/react-dom/cjs/react-dom.development.js:22779:12)
      at workLoopSync (node_modules/react-dom/cjs/react-dom.development.js:22707:5)
      at renderRootSync (node_modules/react-dom/cjs/react-dom.development.js:22670:7)
      at performSyncWorkOnRoot (node_modules/react-dom/cjs/react-dom.development.js:22293:18)
      at scheduleUpdateOnFiber (node_modules/react-dom/cjs/react-dom.development.js:21881:7)
      at updateContainer (node_modules/react-dom/cjs/react-dom.development.js:25482:3)
      at node_modules/react-dom/cjs/react-dom.development.js:26021:7
      at unbatchedUpdates (node_modules/react-dom/cjs/react-dom.development.js:22431:12)
      at legacyRenderSubtreeIntoContainer (node_modules/react-dom/cjs/react-dom.development.js:26020:5)
      at Object.render (node_modules/react-dom/cjs/react-dom.development.js:26103:10)
      at Object.renderIntoDocument (node_modules/react-dom/cjs/react-dom-test-utils.development.js:1598:19)
      at render (test/utils/render.js:21:25)
      at Context.<anonymous> (test/ui/reset.js:84:24)
      at processImmediate (node:internal/timers:485:21)

  30) Prop validation only allows you to set defined variables in a single-level tree:
     TypeError: this.props.ui.getIn is not a function
      at UI.UNSAFE_componentWillMount (src/ui.js:127:35)
      at callComponentWillMount (node_modules/react-dom/cjs/react-dom.development.js:12788:14)
      at mountClassInstance (node_modules/react-dom/cjs/react-dom.development.js:12878:5)
      at updateClassComponent (node_modules/react-dom/cjs/react-dom.development.js:17426:5)
      at beginWork (node_modules/react-dom/cjs/react-dom.development.js:19073:16)
      at HTMLUnknownElement.callCallback (node_modules/react-dom/cjs/react-dom.development.js:3945:14)
      at HTMLUnknownElement.callTheUserObjectsOperation (node_modules/jsdom/lib/jsdom/living/generated/EventListener.js:26:30)
      at innerInvokeEventListeners (node_modules/jsdom/lib/jsdom/living/events/EventTarget-impl.js:350:25)
      at invokeEventListeners (node_modules/jsdom/lib/jsdom/living/events/EventTarget-impl.js:286:3)
      at HTMLUnknownElementImpl._dispatch (node_modules/jsdom/lib/jsdom/living/events/EventTarget-impl.js:233:9)
      at HTMLUnknownElementImpl.dispatchEvent (node_modules/jsdom/lib/jsdom/living/events/EventTarget-impl.js:104:17)
      at HTMLUnknownElement.dispatchEvent (node_modules/jsdom/lib/jsdom/living/generated/EventTarget.js:241:34)
      at Object.invokeGuardedCallbackDev (node_modules/react-dom/cjs/react-dom.development.js:3994:16)
      at invokeGuardedCallback (node_modules/react-dom/cjs/react-dom.development.js:4056:31)
      at beginWork$1 (node_modules/react-dom/cjs/react-dom.development.js:23964:7)
      at performUnitOfWork (node_modules/react-dom/cjs/react-dom.development.js:22779:12)
      at workLoopSync (node_modules/react-dom/cjs/react-dom.development.js:22707:5)
      at renderRootSync (node_modules/react-dom/cjs/react-dom.development.js:22670:7)
      at performSyncWorkOnRoot (node_modules/react-dom/cjs/react-dom.development.js:22293:18)
      at scheduleUpdateOnFiber (node_modules/react-dom/cjs/react-dom.development.js:21881:7)
      at updateContainer (node_modules/react-dom/cjs/react-dom.development.js:25482:3)
      at node_modules/react-dom/cjs/react-dom.development.js:26021:7
      at unbatchedUpdates (node_modules/react-dom/cjs/react-dom.development.js:22431:12)
      at legacyRenderSubtreeIntoContainer (node_modules/react-dom/cjs/react-dom.development.js:26020:5)
      at Object.render (node_modules/react-dom/cjs/react-dom.development.js:26103:10)
      at Object.renderIntoDocument (node_modules/react-dom/cjs/react-dom-test-utils.development.js:1598:19)
      at render (test/utils/render.js:21:25)
      at renderAndFind (test/utils/render.js:31:16)
      at Context.<anonymous> (test/ui/validation.js:18:32)
      at processImmediate (node:internal/timers:485:21)



